 ZMDCheckerD

 Timestamp is 41bd8130 (Mon Dec 13 20:46:56 2004)

 Preferred load address is 00400000

 Start         Length     Name                   Class
 0001:00000000 0000b99cH .text                   CODE
 0001:0000b9a0 000019efH .text$x                 CODE
 0001:0000d390 00001041H .text$yc                CODE
 0001:0000e3e0 0000104dH .text$yd                CODE
 0002:00000000 00002376H .rdata                  DATA
 0002:00002378 0000015dH .rdata$debug            DATA
 0002:000024d8 00000151H .rdata$r                DATA
 0002:00002630 000001b6H .rdata$sxdata           DATA
 0002:000027e8 00000104H .rtc$IAA                DATA
 0002:000028ec 00000118H .rtc$IMZ                DATA
 0002:00002a04 00000104H .rtc$IZZ                DATA
 0002:00002b08 00000104H .rtc$TAA                DATA
 0002:00002c0c 00000118H .rtc$TMZ                DATA
 0002:00002d24 00000104H .rtc$TZZ                DATA
 0002:00002e28 00000bb6H .xdata$x                DATA
 0002:000039de 00000000H .edata                  DATA
 0003:00000000 00000104H .CRT$XCA                DATA
 0003:00000104 00000104H .CRT$XCAA               DATA
 0003:00000208 00000104H .CRT$XCU                DATA
 0003:0000030c 00000104H .CRT$XCZ                DATA
 0003:00000410 00000104H .CRT$XIA                DATA
 0003:00000514 00000104H .CRT$XIZ                DATA
 0003:00000620 0000035cH .data                   DATA
 0003:0000097c 00000124H .bss                    DATA
 0004:00000000 0000008cH .idata$2                DATA
 0004:0000008c 00000014H .idata$3                DATA
 0004:000000a0 0000045cH .idata$4                DATA
 0004:000004fc 0000045cH .idata$5                DATA
 0004:00000958 00001ef5H .idata$6                DATA
 0005:00000000 00000490H .rsrc$01                DATA
 0005:00000490 00008393H .rsrc$02                DATA

  Address         Publics by Value              Rva+Base     Lib:Object

 0000:00000000       __except_list              00000000     <absolute>
 0000:00000026       ___safe_se_handler_count   00000026     <absolute>
 0000:00009876       __fltused                  00009876     <absolute>
 0000:00009876       __ldused                   00009876     <absolute>
 0001:000003e0       _WinMain@16                004013e0 f   main.obj
 0001:00000590       ?SetInitInputFileName@ZMD5Checker@@QAEXABV?$basic_string@DU?$char_traits@D@std@@V?$allocator@D@2@@std@@@Z 00401590 f i main.obj
 0001:000005e0       ?getInstance@ZMD5Checker@@SAAAV1@XZ 004015e0 f   md5Checker.obj
 0001:00000660       ??0ZMD5Checker@@AAE@XZ     00401660 f   md5Checker.obj
 0001:000006f0       ?SetWindowTitle@ZMD5Checker@@AAEXXZ 004016f0 f   md5Checker.obj
 0001:000008d0       ?StartFromInitFilename@ZMD5Checker@@AAEXXZ 004018d0 f   md5Checker.obj
 0001:00000950       ?GetSpecialFolder@@YAHIAAV?$basic_string@DU?$char_traits@D@std@@V?$allocator@D@2@@std@@@Z 00401950 f   md5Checker.obj
 0001:00000ac0       ?CreateLink@@YAJPBD00@Z    00401ac0 f   md5Checker.obj
 0001:00000c50       ?MakeSendToShortcut@ZMD5Checker@@AAEXXZ 00401c50 f   md5Checker.obj
 0001:00000e00       ?DeleteSendToShortcut@ZMD5Checker@@AAEXXZ 00401e00 f   md5Checker.obj
 0001:00000fe0       ?OnExit@ZMD5Checker@@AAEXXZ 00401fe0 f   md5Checker.obj
 0001:00001080       ?WndProc@ZMD5Checker@@SGHPAUHWND__@@IIJ@Z 00402080 f   md5Checker.obj
 0001:000012b0       ?EnableStartButton@ZMD5Checker@@AAEXXZ 004022b0 f   md5Checker.obj
 0001:00001340       ?EnableStopButton@ZMD5Checker@@AAEXXZ 00402340 f   md5Checker.obj
 0001:000013d0       ?GetMD5SUMFile@ZMD5Checker@@QAEXXZ 004023d0 f   md5Checker.obj
 0001:00001500       ?CheckInvalidDataInput@ZMD5Checker@@AAE_NXZ 00402500 f   md5Checker.obj
 0001:00001760       ?CheckSameStringMD5SUM@ZMD5Checker@@AAEXXZ 00402760 f   md5Checker.obj
 0001:00001c30       ?Execute@ZMD5Checker@@QAEXXZ 00402c30 f   md5Checker.obj
 0001:00001e30       ?ShowMsg@ZMD5Checker@@QAEXABV?$basic_string@DU?$char_traits@D@std@@V?$allocator@D@2@@std@@@Z 00402e30 f   md5Checker.obj
 0001:00001e90       ?SetStop@ZMD5Checker@@AAEXXZ 00402e90 f   md5Checker.obj
 0001:00001ee0       ?OnProgress@ZMD5Checker@@UAEXH@Z 00402ee0 f   md5Checker.obj
 0001:00002090       ?ThreadFunc@ZMD5Checker@@SGKPAX@Z 00403090 f   md5Checker.obj
 0001:000020d0       ?RunThread@ZMD5Checker@@QAEXXZ 004030d0 f   md5Checker.obj
 0001:00002860       ??0IHashProgressListener@FileHash@@QAE@XZ 00403860 f i md5Checker.obj
 0001:00002890       ??1IHashProgressListener@FileHash@@UAE@XZ 00403890 f i md5Checker.obj
 0001:000028c0       ??_GIHashProgressListener@FileHash@@UAEPAXI@Z 004038c0 f i md5Checker.obj
 0001:000028c0       ??_EIHashProgressListener@FileHash@@UAEPAXI@Z 004038c0 f i md5Checker.obj
 0001:00002910       ??_GZMD5Checker@@UAEPAXI@Z 00403910 f i md5Checker.obj
 0001:00002910       ??_EZMD5Checker@@UAEPAXI@Z 00403910 f i md5Checker.obj
 0001:00002960       ??1ZMD5Checker@@UAE@XZ     00403960 f i md5Checker.obj
 0001:00002a00       ?setHwnd@ZMD5Checker@@QAEXPAUHWND__@@@Z 00403a00 f i md5Checker.obj
 0001:00002a30       ?getMessage@HashStopException@FileHash@@QBEABV?$basic_string@DU?$char_traits@D@std@@V?$allocator@D@2@@std@@XZ 00403a30 f i md5Checker.obj
 0001:00002a50       ?setGoOn@ZFileHash@FileHash@@QAEX_N@Z 00403a50 f i md5Checker.obj
 0001:00002a80       ??0CMD5@FileHash@@QAE@XZ   00403a80 f   md5class.obj
 0001:00002ab0       ??1CMD5@FileHash@@QAE@XZ   00403ab0 f   md5class.obj
 0001:00002ad0       ?Init@CMD5@FileHash@@QAEXXZ 00403ad0 f   md5class.obj
 0001:00002b00       ?InsertString@CMD5@FileHash@@QAEXPAEH@Z 00403b00 f   md5class.obj
 0001:00002b40       ?GetHashResult@CMD5@FileHash@@QAEXPAE@Z 00403b40 f   md5class.obj
 0001:00002b70       ?MD5Final@CMD5@FileHash@@AAEXPAEPAUMD5_CTX@2@@Z 00403b70 f   md5class.obj
 0001:00002c80       ?MD5Update@CMD5@FileHash@@AAEXPAUMD5_CTX@2@PAEI@Z 00403c80 f   md5class.obj
 0001:00002da0       ?Encode@CMD5@FileHash@@AAEXPAEPAKI@Z 00403da0 f   md5class.obj
 0001:00002e60       ?Decode@CMD5@FileHash@@AAEXPAKPAEI@Z 00403e60 f   md5class.obj
 0001:00002ef0       ?MD5_memcpy@CMD5@FileHash@@AAEXPAE0I@Z 00403ef0 f   md5class.obj
 0001:00002f40       ?MD5_memset@CMD5@FileHash@@AAEXPAEHI@Z 00403f40 f   md5class.obj
 0001:00002f90       ?MD5Transform@CMD5@FileHash@@AAEXPAKPAE@Z 00403f90 f   md5class.obj
 0001:00003e30       ?MD5Init@CMD5@FileHash@@AAEXPAUMD5_CTX@2@@Z 00404e30 f   md5class.obj
 0001:00004380       ??$?HDU?$char_traits@D@std@@V?$allocator@D@1@@std@@YA?AV?$basic_string@DU?$char_traits@D@std@@V?$allocator@D@2@@0@ABV10@0@Z 00405380 f i stdafx.obj
 0001:00004470       ??$?HDU?$char_traits@D@std@@V?$allocator@D@1@@std@@YA?AV?$basic_string@DU?$char_traits@D@std@@V?$allocator@D@2@@0@PBDABV10@@Z 00405470 f i stdafx.obj
 0001:00004560       ??$?HDU?$char_traits@D@std@@V?$allocator@D@1@@std@@YA?AV?$basic_string@DU?$char_traits@D@std@@V?$allocator@D@2@@0@DABV10@@Z 00405560 f i stdafx.obj
 0001:00004650       ??$?HDU?$char_traits@D@std@@V?$allocator@D@1@@std@@YA?AV?$basic_string@DU?$char_traits@D@std@@V?$allocator@D@2@@0@ABV10@PBD@Z 00405650 f i stdafx.obj
 0001:00004740       ??$?HDU?$char_traits@D@std@@V?$allocator@D@1@@std@@YA?AV?$basic_string@DU?$char_traits@D@std@@V?$allocator@D@2@@0@ABV10@D@Z 00405740 f i stdafx.obj
 0001:00004830       ??$?HGU?$char_traits@G@std@@V?$allocator@G@1@@std@@YA?AV?$basic_string@GU?$char_traits@G@std@@V?$allocator@G@2@@0@ABV10@0@Z 00405830 f i stdafx.obj
 0001:00004920       ??$?HGU?$char_traits@G@std@@V?$allocator@G@1@@std@@YA?AV?$basic_string@GU?$char_traits@G@std@@V?$allocator@G@2@@0@PBGABV10@@Z 00405920 f i stdafx.obj
 0001:00004a10       ??$?HGU?$char_traits@G@std@@V?$allocator@G@1@@std@@YA?AV?$basic_string@GU?$char_traits@G@std@@V?$allocator@G@2@@0@GABV10@@Z 00405a10 f i stdafx.obj
 0001:00004b10       ??$?HGU?$char_traits@G@std@@V?$allocator@G@1@@std@@YA?AV?$basic_string@GU?$char_traits@G@std@@V?$allocator@G@2@@0@ABV10@PBG@Z 00405b10 f i stdafx.obj
 0001:00004c00       ??$?HGU?$char_traits@G@std@@V?$allocator@G@1@@std@@YA?AV?$basic_string@GU?$char_traits@G@std@@V?$allocator@G@2@@0@ABV10@G@Z 00405c00 f i stdafx.obj
 0001:00004cf0       ??$?5DU?$char_traits@D@std@@V?$allocator@D@1@@std@@YAAAV?$basic_istream@DU?$char_traits@D@std@@@0@AAV10@AAV?$basic_string@DU?$char_traits@D@std@@V?$allocator@D@2@@0@@Z 00405cf0 f i stdafx.obj
 0001:000051a0       ??1sentry@?$basic_istream@DU?$char_traits@D@std@@@std@@QAE@XZ 004061a0 f i stdafx.obj
 0001:000051d0       ??0sentry@?$basic_istream@DU?$char_traits@D@std@@@std@@QAE@AAV12@_N@Z 004061d0 f i stdafx.obj
 0001:00005270       ??Bsentry@?$basic_istream@DU?$char_traits@D@std@@@std@@QBE_NXZ 00406270 f i stdafx.obj
 0001:00005290       ??1_Sentry_base@?$basic_istream@DU?$char_traits@D@std@@@std@@QAE@XZ 00406290 f i stdafx.obj
 0001:00005320       ??0_Sentry_base@?$basic_istream@DU?$char_traits@D@std@@@std@@QAE@AAV12@@Z 00406320 f i stdafx.obj
 0001:000053c0       ??$use_facet@V?$ctype@D@std@@@std@@YAABV?$ctype@D@0@ABVlocale@0@@Z 004063c0 f i stdafx.obj
 0001:000055b0       ??$getline@DU?$char_traits@D@std@@V?$allocator@D@2@@std@@YAAAV?$basic_istream@DU?$char_traits@D@std@@@0@AAV10@AAV?$basic_string@DU?$char_traits@D@std@@V?$allocator@D@2@@0@@Z 004065b0 f i stdafx.obj
 0001:00005600       ??$getline@DU?$char_traits@D@std@@V?$allocator@D@2@@std@@YAAAV?$basic_istream@DU?$char_traits@D@std@@@0@AAV10@AAV?$basic_string@DU?$char_traits@D@std@@V?$allocator@D@2@@0@D@Z 00406600 f i stdafx.obj
 0001:000059e0       ??$?6DU?$char_traits@D@std@@V?$allocator@D@1@@std@@YAAAV?$basic_ostream@DU?$char_traits@D@std@@@0@AAV10@ABV?$basic_string@DU?$char_traits@D@std@@V?$allocator@D@2@@0@@Z 004069e0 f i stdafx.obj
 0001:00005f50       ??0sentry@?$basic_ostream@DU?$char_traits@D@std@@@std@@QAE@AAV12@@Z 00406f50 f i stdafx.obj
 0001:00006080       ??1sentry@?$basic_ostream@DU?$char_traits@D@std@@@std@@QAE@XZ 00407080 f i stdafx.obj
 0001:00006120       ??Bsentry@?$basic_ostream@DU?$char_traits@D@std@@@std@@QBE_NXZ 00407120 f i stdafx.obj
 0001:00006140       ??0_Sentry_base@?$basic_ostream@DU?$char_traits@D@std@@@std@@QAE@AAV12@@Z 00407140 f i stdafx.obj
 0001:000061e0       ??1_Sentry_base@?$basic_ostream@DU?$char_traits@D@std@@@std@@QAE@XZ 004071e0 f i stdafx.obj
 0001:00006270       ??$?5GU?$char_traits@G@std@@V?$allocator@G@1@@std@@YAAAV?$basic_istream@GU?$char_traits@G@std@@@0@AAV10@AAV?$basic_string@GU?$char_traits@G@std@@V?$allocator@G@2@@0@@Z 00407270 f i stdafx.obj
 0001:00006730       ??1sentry@?$basic_istream@GU?$char_traits@G@std@@@std@@QAE@XZ 00407730 f i stdafx.obj
 0001:00006760       ??0sentry@?$basic_istream@GU?$char_traits@G@std@@@std@@QAE@AAV12@_N@Z 00407760 f i stdafx.obj
 0001:00006800       ??Bsentry@?$basic_istream@GU?$char_traits@G@std@@@std@@QBE_NXZ 00407800 f i stdafx.obj
 0001:00006820       ??1_Sentry_base@?$basic_istream@GU?$char_traits@G@std@@@std@@QAE@XZ 00407820 f i stdafx.obj
 0001:000068b0       ??0_Sentry_base@?$basic_istream@GU?$char_traits@G@std@@@std@@QAE@AAV12@@Z 004078b0 f i stdafx.obj
 0001:00006950       ??$use_facet@V?$ctype@G@std@@@std@@YAABV?$ctype@G@0@ABVlocale@0@@Z 00407950 f i stdafx.obj
 0001:00006b40       ??$getline@GU?$char_traits@G@std@@V?$allocator@G@2@@std@@YAAAV?$basic_istream@GU?$char_traits@G@std@@@0@AAV10@AAV?$basic_string@GU?$char_traits@G@std@@V?$allocator@G@2@@0@@Z 00407b40 f i stdafx.obj
 0001:00006b90       ??$getline@GU?$char_traits@G@std@@V?$allocator@G@2@@std@@YAAAV?$basic_istream@GU?$char_traits@G@std@@@0@AAV10@AAV?$basic_string@GU?$char_traits@G@std@@V?$allocator@G@2@@0@G@Z 00407b90 f i stdafx.obj
 0001:00006f80       ??$?6GU?$char_traits@G@std@@V?$allocator@G@1@@std@@YAAAV?$basic_ostream@GU?$char_traits@G@std@@@0@AAV10@ABV?$basic_string@GU?$char_traits@G@std@@V?$allocator@G@2@@0@@Z 00407f80 f i stdafx.obj
 0001:000074f0       ??0sentry@?$basic_ostream@GU?$char_traits@G@std@@@std@@QAE@AAV12@@Z 004084f0 f i stdafx.obj
 0001:00007620       ??1sentry@?$basic_ostream@GU?$char_traits@G@std@@@std@@QAE@XZ 00408620 f i stdafx.obj
 0001:000076c0       ??Bsentry@?$basic_ostream@GU?$char_traits@G@std@@@std@@QBE_NXZ 004086c0 f i stdafx.obj
 0001:000076e0       ??0_Sentry_base@?$basic_ostream@GU?$char_traits@G@std@@@std@@QAE@AAV12@@Z 004086e0 f i stdafx.obj
 0001:00007780       ??1_Sentry_base@?$basic_ostream@GU?$char_traits@G@std@@@std@@QAE@XZ 00408780 f i stdafx.obj
 0001:00007810       ??0ZFileHash@FileHash@@QAE@XZ 00408810 f   ZFileHash.obj
 0001:00007830       ??1ZFileHash@FileHash@@QAE@XZ 00408830 f   ZFileHash.obj
 0001:00007850       ?GetHashStringFromFile@ZFileHash@FileHash@@QAE?AV?$basic_string@DU?$char_traits@D@std@@V?$allocator@D@2@@std@@ABV34@PAVIHashProgressListener@2@@Z 00408850 f   ZFileHash.obj
 0001:00007a70       ?MDFile@ZFileHash@FileHash@@AAE?AV?$basic_string@DU?$char_traits@D@std@@V?$allocator@D@2@@std@@PBDPAVIHashProgressListener@2@@Z 00408a70 f   ZFileHash.obj
 0001:00007ef0       ?MDPrint@ZFileHash@FileHash@@AAE?AV?$basic_string@DU?$char_traits@D@std@@V?$allocator@D@2@@std@@PAE@Z 00408ef0 f   ZFileHash.obj
 0001:00008260       ??1FileHashException@FileHash@@QAE@XZ 00409260 f i ZFileHash.obj
 0001:000082a0       ?GetExceptionMessage@FileHashException@FileHash@@QBEABV?$basic_string@DU?$char_traits@D@std@@V?$allocator@D@2@@std@@XZ 004092a0 f i ZFileHash.obj
 0001:000082c0       ??0HashStopException@FileHash@@QAE@ABV?$basic_string@DU?$char_traits@D@std@@V?$allocator@D@2@@std@@@Z 004092c0 f i ZFileHash.obj
 0001:00008360       ??0FileHashException@FileHash@@QAE@ABV?$basic_string@DU?$char_traits@D@std@@V?$allocator@D@2@@std@@@Z 00409360 f i ZFileHash.obj
 0001:00008400       ??1HashStopException@FileHash@@QAE@XZ 00409400 f i ZFileHash.obj
 0001:00008440       ??0FileHashException@FileHash@@QAE@ABV01@@Z 00409440 f i ZFileHash.obj
 0001:00008490       ??0HashStopException@FileHash@@QAE@ABV01@@Z 00409490 f i ZFileHash.obj
 0001:000084d8       _MultiByteToWideChar@24    004094d8 f   kernel32:KERNEL32.dll
 0001:000084de       _GetModuleFileNameA@12     004094de f   kernel32:KERNEL32.dll
 0001:000084e4       _DeleteFileA@4             004094e4 f   kernel32:KERNEL32.dll
 0001:000084ea       _GetTickCount@0            004094ea f   kernel32:KERNEL32.dll
 0001:000084f0       _CloseHandle@4             004094f0 f   kernel32:KERNEL32.dll
 0001:000084f6       _CreateThread@24           004094f6 f   kernel32:KERNEL32.dll
 0001:000084fc       _GetFileSize@8             004094fc f   kernel32:KERNEL32.dll
 0001:00008502       _CreateFileA@28            00409502 f   kernel32:KERNEL32.dll
 0001:00008508       _DialogBoxParamA@20        00409508 f   user32:USER32.dll
 0001:0000850e       _SetWindowTextA@8          0040950e f   user32:USER32.dll
 0001:00008514       _GetDlgItemTextA@16        00409514 f   user32:USER32.dll
 0001:0000851a       _PostMessageA@16           0040951a f   user32:USER32.dll
 0001:00008520       _SetDlgItemTextA@12        00409520 f   user32:USER32.dll
 0001:00008526       _PostQuitMessage@4         00409526 f   user32:USER32.dll
 0001:0000852c       _MessageBoxA@16            0040952c f   user32:USER32.dll
 0001:00008532       _LoadIconA@8               00409532 f   user32:USER32.dll
 0001:00008538       _SendMessageA@16           00409538 f   user32:USER32.dll
 0001:0000853e       _GetDlgItem@8              0040953e f   user32:USER32.dll
 0001:00008544       _EnableWindow@8            00409544 f   user32:USER32.dll
 0001:0000854a       _GetOpenFileNameA@4        0040954a f   comdlg32:comdlg32.dll
 0001:00008550       _SHGetMalloc@4             00409550 f   shell32:SHELL32.dll
 0001:00008556       _SHGetPathFromIDListA@8    00409556 f   shell32:SHELL32.dll
 0001:0000855c       _SHGetSpecialFolderLocation@12 0040955c f   shell32:SHELL32.dll
 0001:00008562       _CoUninitialize@0          00409562 f   ole32:ole32.dll
 0001:00008568       _CoInitialize@4            00409568 f   ole32:ole32.dll
 0001:0000856e       _CoCreateInstance@20       0040956e f   ole32:ole32.dll
 0001:00008574       ??1?$basic_string@DU?$char_traits@D@std@@V?$allocator@D@2@@std@@QAE@XZ 00409574 f   msvcprtd:MSVCP71D.dll
 0001:0000857a       ?push_back@?$basic_string@DU?$char_traits@D@std@@V?$allocator@D@2@@std@@QAEXD@Z 0040957a f   msvcprtd:MSVCP71D.dll
 0001:00008580       ??0?$basic_string@DU?$char_traits@D@std@@V?$allocator@D@2@@std@@QAE@XZ 00409580 f   msvcprtd:MSVCP71D.dll
 0001:00008586       ??4?$basic_string@DU?$char_traits@D@std@@V?$allocator@D@2@@std@@QAEAAV01@ABV01@@Z 00409586 f   msvcprtd:MSVCP71D.dll
 0001:0000858c       ?c_str@?$basic_string@DU?$char_traits@D@std@@V?$allocator@D@2@@std@@QBEPBDXZ 0040958c f   msvcprtd:MSVCP71D.dll
 0001:00008592       ??Y?$basic_string@DU?$char_traits@D@std@@V?$allocator@D@2@@std@@QAEAAV01@PBD@Z 00409592 f   msvcprtd:MSVCP71D.dll
 0001:00008598       ??4?$basic_string@DU?$char_traits@D@std@@V?$allocator@D@2@@std@@QAEAAV01@PBD@Z 00409598 f   msvcprtd:MSVCP71D.dll
 0001:0000859e       ??0?$basic_string@DU?$char_traits@D@std@@V?$allocator@D@2@@std@@QAE@PBD@Z 0040959e f   msvcprtd:MSVCP71D.dll
 0001:000085a4       ?size@?$basic_string@DU?$char_traits@D@std@@V?$allocator@D@2@@std@@QBEIXZ 004095a4 f   msvcprtd:MSVCP71D.dll
 0001:000085aa       ??$?8DU?$char_traits@D@std@@V?$allocator@D@1@@std@@YA_NABV?$basic_string@DU?$char_traits@D@std@@V?$allocator@D@2@@0@0@Z 004095aa f   msvcprtd:MSVCP71D.dll
 0001:000085b0       ??Y?$basic_string@DU?$char_traits@D@std@@V?$allocator@D@2@@std@@QAEAAV01@ABV01@@Z 004095b0 f   msvcprtd:MSVCP71D.dll
 0001:000085b6       ??0?$basic_string@DU?$char_traits@D@std@@V?$allocator@D@2@@std@@QAE@ABV01@@Z 004095b6 f   msvcprtd:MSVCP71D.dll
 0001:000085bc       ??0?$basic_string@DU?$char_traits@D@std@@V?$allocator@D@2@@std@@QAE@ID@Z 004095bc f   msvcprtd:MSVCP71D.dll
 0001:000085c2       ??Y?$basic_string@DU?$char_traits@D@std@@V?$allocator@D@2@@std@@QAEAAV01@D@Z 004095c2 f   msvcprtd:MSVCP71D.dll
 0001:000085c8       ??1?$basic_string@GU?$char_traits@G@std@@V?$allocator@G@2@@std@@QAE@XZ 004095c8 f   msvcprtd:MSVCP71D.dll
 0001:000085ce       ??Y?$basic_string@GU?$char_traits@G@std@@V?$allocator@G@2@@std@@QAEAAV01@ABV01@@Z 004095ce f   msvcprtd:MSVCP71D.dll
 0001:000085d4       ??0?$basic_string@GU?$char_traits@G@std@@V?$allocator@G@2@@std@@QAE@ABV01@@Z 004095d4 f   msvcprtd:MSVCP71D.dll
 0001:000085da       ??0?$basic_string@GU?$char_traits@G@std@@V?$allocator@G@2@@std@@QAE@PBG@Z 004095da f   msvcprtd:MSVCP71D.dll
 0001:000085e0       ??0?$basic_string@GU?$char_traits@G@std@@V?$allocator@G@2@@std@@QAE@IG@Z 004095e0 f   msvcprtd:MSVCP71D.dll
 0001:000085e6       ??Y?$basic_string@GU?$char_traits@G@std@@V?$allocator@G@2@@std@@QAEAAV01@PBG@Z 004095e6 f   msvcprtd:MSVCP71D.dll
 0001:000085ec       ??Y?$basic_string@GU?$char_traits@G@std@@V?$allocator@G@2@@std@@QAEAAV01@G@Z 004095ec f   msvcprtd:MSVCP71D.dll
 0001:000085f2       ?width@ios_base@std@@QAEHH@Z 004095f2 f   msvcprtd:MSVCP71D.dll
 0001:000085f8       ?setstate@?$basic_ios@DU?$char_traits@D@std@@@std@@QAEXH_N@Z 004095f8 f   msvcprtd:MSVCP71D.dll
 0001:000085fe       ?append@?$basic_string@DU?$char_traits@D@std@@V?$allocator@D@2@@std@@QAEAAV12@ID@Z 004095fe f   msvcprtd:MSVCP71D.dll
 0001:00008604       ?is@?$ctype@D@std@@QBE_NFD@Z 00409604 f   msvcprtd:MSVCP71D.dll
 0001:0000860a       ?to_char_type@?$char_traits@D@std@@SADABH@Z 0040960a f   msvcprtd:MSVCP71D.dll
 0001:00008610       ?eq_int_type@?$char_traits@D@std@@SA_NABH0@Z 00409610 f   msvcprtd:MSVCP71D.dll
 0001:00008616       ?eof@?$char_traits@D@std@@SAHXZ 00409616 f   msvcprtd:MSVCP71D.dll
 0001:0000861c       ?snextc@?$basic_streambuf@DU?$char_traits@D@std@@@std@@QAEHXZ 0040961c f   msvcprtd:MSVCP71D.dll
 0001:00008622       ?sgetc@?$basic_streambuf@DU?$char_traits@D@std@@@std@@QAEHXZ 00409622 f   msvcprtd:MSVCP71D.dll
 0001:00008628       ?rdbuf@?$basic_ios@DU?$char_traits@D@std@@@std@@QBEPAV?$basic_streambuf@DU?$char_traits@D@std@@@2@XZ 00409628 f   msvcprtd:MSVCP71D.dll
 0001:0000862e       ?max_size@?$basic_string@DU?$char_traits@D@std@@V?$allocator@D@2@@std@@QBEIXZ 0040962e f   msvcprtd:MSVCP71D.dll
 0001:00008634       ?width@ios_base@std@@QBEHXZ 00409634 f   msvcprtd:MSVCP71D.dll
 0001:0000863a       ?erase@?$basic_string@DU?$char_traits@D@std@@V?$allocator@D@2@@std@@QAEAAV12@II@Z 0040963a f   msvcprtd:MSVCP71D.dll
 0001:00008640       ??1locale@std@@QAE@XZ      00409640 f   msvcprtd:MSVCP71D.dll
 0001:00008646       ?getloc@ios_base@std@@QBE?AVlocale@2@XZ 00409646 f   msvcprtd:MSVCP71D.dll
 0001:0000864c       ?_Ipfx@?$basic_istream@DU?$char_traits@D@std@@@std@@QAE_N_N@Z 0040964c f   msvcprtd:MSVCP71D.dll
 0001:00008652       ?_Unlock@?$basic_streambuf@DU?$char_traits@D@std@@@std@@QAEXXZ 00409652 f   msvcprtd:MSVCP71D.dll
 0001:00008658       ?_Lock@?$basic_streambuf@DU?$char_traits@D@std@@@std@@QAEXXZ 00409658 f   msvcprtd:MSVCP71D.dll
 0001:0000865e       ??1_Lockit@std@@QAE@XZ     0040965e f   msvcprtd:MSVCP71D.dll
 0001:00008664       ?_Register@facet@locale@std@@QAEXXZ 00409664 f   msvcprtd:MSVCP71D.dll
 0001:0000866a       ?_Incref@facet@locale@std@@QAEXXZ 0040966a f   msvcprtd:MSVCP71D.dll
 0001:00008670       ?_Getcat@?$ctype@D@std@@SAIPAPBVfacet@locale@2@@Z 00409670 f   msvcprtd:MSVCP71D.dll
 0001:00008676       ?_Getfacet@locale@std@@QBEPBVfacet@12@I@Z 00409676 f   msvcprtd:MSVCP71D.dll
 0001:0000867c       ??Bid@locale@std@@QAEIXZ   0040967c f   msvcprtd:MSVCP71D.dll
 0001:00008682       ??0_Lockit@std@@QAE@H@Z    00409682 f   msvcprtd:MSVCP71D.dll
 0001:00008688       ?widen@?$basic_ios@DU?$char_traits@D@std@@@std@@QBEDD@Z 00409688 f   msvcprtd:MSVCP71D.dll
 0001:0000868e       ?sbumpc@?$basic_streambuf@DU?$char_traits@D@std@@@std@@QAEHXZ 0040968e f   msvcprtd:MSVCP71D.dll
 0001:00008694       ?to_int_type@?$char_traits@D@std@@SAHABD@Z 00409694 f   msvcprtd:MSVCP71D.dll
 0001:0000869a       ??A?$basic_string@DU?$char_traits@D@std@@V?$allocator@D@2@@std@@QBEABDI@Z 0040969a f   msvcprtd:MSVCP71D.dll
 0001:000086a0       ?sputc@?$basic_streambuf@DU?$char_traits@D@std@@@std@@QAEHD@Z 004096a0 f   msvcprtd:MSVCP71D.dll
 0001:000086a6       ?fill@?$basic_ios@DU?$char_traits@D@std@@@std@@QBEDXZ 004096a6 f   msvcprtd:MSVCP71D.dll
 0001:000086ac       ?flags@ios_base@std@@QBEHXZ 004096ac f   msvcprtd:MSVCP71D.dll
 0001:000086b2       ?flush@?$basic_ostream@DU?$char_traits@D@std@@@std@@QAEAAV12@XZ 004096b2 f   msvcprtd:MSVCP71D.dll
 0001:000086b8       ?tie@?$basic_ios@DU?$char_traits@D@std@@@std@@QBEPAV?$basic_ostream@DU?$char_traits@D@std@@@2@XZ 004096b8 f   msvcprtd:MSVCP71D.dll
 0001:000086be       ?good@ios_base@std@@QBE_NXZ 004096be f   msvcprtd:MSVCP71D.dll
 0001:000086c4       ?_Osfx@?$basic_ostream@DU?$char_traits@D@std@@@std@@QAEXXZ 004096c4 f   msvcprtd:MSVCP71D.dll
 0001:000086ca       ?uncaught_exception@std@@YA_NXZ 004096ca f   msvcprtd:MSVCP71D.dll
 0001:000086d0       ?setstate@?$basic_ios@GU?$char_traits@G@std@@@std@@QAEXH_N@Z 004096d0 f   msvcprtd:MSVCP71D.dll
 0001:000086d6       ?append@?$basic_string@GU?$char_traits@G@std@@V?$allocator@G@2@@std@@QAEAAV12@IG@Z 004096d6 f   msvcprtd:MSVCP71D.dll
 0001:000086dc       ?is@?$ctype@G@std@@QBE_NFG@Z 004096dc f   msvcprtd:MSVCP71D.dll
 0001:000086e2       ?to_char_type@?$char_traits@G@std@@SAGABG@Z 004096e2 f   msvcprtd:MSVCP71D.dll
 0001:000086e8       ?eq_int_type@?$char_traits@G@std@@SA_NABG0@Z 004096e8 f   msvcprtd:MSVCP71D.dll
 0001:000086ee       ?eof@?$char_traits@G@std@@SAGXZ 004096ee f   msvcprtd:MSVCP71D.dll
 0001:000086f4       ?snextc@?$basic_streambuf@GU?$char_traits@G@std@@@std@@QAEGXZ 004096f4 f   msvcprtd:MSVCP71D.dll
 0001:000086fa       ?sgetc@?$basic_streambuf@GU?$char_traits@G@std@@@std@@QAEGXZ 004096fa f   msvcprtd:MSVCP71D.dll
 0001:00008700       ?rdbuf@?$basic_ios@GU?$char_traits@G@std@@@std@@QBEPAV?$basic_streambuf@GU?$char_traits@G@std@@@2@XZ 00409700 f   msvcprtd:MSVCP71D.dll
 0001:00008706       ?max_size@?$basic_string@GU?$char_traits@G@std@@V?$allocator@G@2@@std@@QBEIXZ 00409706 f   msvcprtd:MSVCP71D.dll
 0001:0000870c       ?erase@?$basic_string@GU?$char_traits@G@std@@V?$allocator@G@2@@std@@QAEAAV12@II@Z 0040970c f   msvcprtd:MSVCP71D.dll
 0001:00008712       ?_Ipfx@?$basic_istream@GU?$char_traits@G@std@@@std@@QAE_N_N@Z 00409712 f   msvcprtd:MSVCP71D.dll
 0001:00008718       ?_Unlock@?$basic_streambuf@GU?$char_traits@G@std@@@std@@QAEXXZ 00409718 f   msvcprtd:MSVCP71D.dll
 0001:0000871e       ?_Lock@?$basic_streambuf@GU?$char_traits@G@std@@@std@@QAEXXZ 0040971e f   msvcprtd:MSVCP71D.dll
 0001:00008724       ?_Getcat@?$ctype@G@std@@SAIPAPBVfacet@locale@2@@Z 00409724 f   msvcprtd:MSVCP71D.dll
 0001:0000872a       ?widen@?$basic_ios@GU?$char_traits@G@std@@@std@@QBEGD@Z 0040972a f   msvcprtd:MSVCP71D.dll
 0001:00008730       ?size@?$basic_string@GU?$char_traits@G@std@@V?$allocator@G@2@@std@@QBEIXZ 00409730 f   msvcprtd:MSVCP71D.dll
 0001:00008736       ?sbumpc@?$basic_streambuf@GU?$char_traits@G@std@@@std@@QAEGXZ 00409736 f   msvcprtd:MSVCP71D.dll
 0001:0000873c       ?to_int_type@?$char_traits@G@std@@SAGABG@Z 0040973c f   msvcprtd:MSVCP71D.dll
 0001:00008742       ??A?$basic_string@GU?$char_traits@G@std@@V?$allocator@G@2@@std@@QBEABGI@Z 00409742 f   msvcprtd:MSVCP71D.dll
 0001:00008748       ?sputc@?$basic_streambuf@GU?$char_traits@G@std@@@std@@QAEGG@Z 00409748 f   msvcprtd:MSVCP71D.dll
 0001:0000874e       ?fill@?$basic_ios@GU?$char_traits@G@std@@@std@@QBEGXZ 0040974e f   msvcprtd:MSVCP71D.dll
 0001:00008754       ?flush@?$basic_ostream@GU?$char_traits@G@std@@@std@@QAEAAV12@XZ 00409754 f   msvcprtd:MSVCP71D.dll
 0001:0000875a       ?tie@?$basic_ios@GU?$char_traits@G@std@@@std@@QBEPAV?$basic_ostream@GU?$char_traits@G@std@@@2@XZ 0040975a f   msvcprtd:MSVCP71D.dll
 0001:00008760       ?_Osfx@?$basic_ostream@GU?$char_traits@G@std@@@std@@QAEXXZ 00409760 f   msvcprtd:MSVCP71D.dll
 0001:00008766       _strlen                    00409766 f   MSVCRTD:MSVCR71D.dll
 0001:00008770       @__security_check_cookie@4 00409770 f   MSVCRTD:secchk.obj
 0001:000087f0       __RTC_CheckEsp             004097f0 f   MSVCRTD:stack.obj
 0001:00008820       @_RTC_CheckStackVars@8     00409820 f   MSVCRTD:stack.obj
 0001:00008890       __RTC_InitBase             00409890 f   MSVCRTD:init.obj
 0001:000088c0       __RTC_Shutdown             004098c0 f   MSVCRTD:init.obj
 0001:000088e0       __onexit                   004098e0 f   MSVCRTD:atonexit.obj
 0001:00008920       _atexit                    00409920 f   MSVCRTD:atonexit.obj
 0001:00008938       ___CxxFrameHandler         00409938 f   MSVCRTD:MSVCR71D.dll
 0001:00008940       __purecall                 00409940 f   MSVCRTD:MSVCR71D.dll
 0001:00008946       ??3@YAXPAX@Z               00409946 f   MSVCRTD:MSVCR71D.dll
 0001:0000894c       __splitpath                0040994c f   MSVCRTD:MSVCR71D.dll
 0001:00008952       _sprintf                   00409952 f   MSVCRTD:MSVCR71D.dll
 0001:00008958       _memset                    00409958 f   MSVCRTD:MSVCR71D.dll
 0001:0000895e       __access                   0040995e f   MSVCRTD:MSVCR71D.dll
 0001:00008970       ??0type_info@@AAE@ABV0@@Z  00409970 f   MSVCRTD:ti_inst.obj
 0001:00008990       ??_Etype_info@@UAEPAXI@Z   00409990 f i MSVCRTD:ti_inst.obj
 0001:00008a00       ??4type_info@@AAEAAV0@ABV0@@Z 00409a00 f   MSVCRTD:ti_inst.obj
 0001:00008a10       __CrtDbgReport             00409a10 f   MSVCRTD:MSVCR71D.dll
 0001:00008a16       ??0exception@@QAE@ABV0@@Z  00409a16 f   MSVCRTD:MSVCR71D.dll
 0001:00008a1c       ??0bad_cast@@QAE@ABV0@@Z   00409a1c f   MSVCRTD:MSVCR71D.dll
 0001:00008a22       ??1bad_cast@@UAE@XZ        00409a22 f   MSVCRTD:MSVCR71D.dll
 0001:00008a28       ??0bad_cast@@QAE@PBD@Z     00409a28 f   MSVCRTD:MSVCR71D.dll
 0001:00008a2e       __CxxThrowException@8      00409a2e f   MSVCRTD:MSVCR71D.dll
 0001:00008a34       _fclose                    00409a34 f   MSVCRTD:MSVCR71D.dll
 0001:00008a3a       _fread                     00409a3a f   MSVCRTD:MSVCR71D.dll
 0001:00008a40       _fopen                     00409a40 f   MSVCRTD:MSVCR71D.dll
 0001:00008a50       __aulldiv                  00409a50 f   MSVCRTD:ulldiv.obj
 0001:00008ac0       __allmul                   00409ac0 f   MSVCRTD:llmul.obj
 0001:00008b00       __allshl                   00409b00 f   MSVCRTD:llshl.obj
 0001:00008b20       _WinMainCRTStartup         00409b20 f   MSVCRTD:crtexew.obj
 0001:00008e70       ___security_init_cookie    00409e70 f   MSVCRTD:seccinit.obj
 0001:00008f04       ___security_error_handler  00409f04 f   MSVCRTD:MSVCR71D.dll
 0001:00008f0a       __except_handler3          00409f0a f   MSVCRTD:MSVCR71D.dll
 0001:00008f10       ?_RTC_Failure@@YAXPAXH@Z   00409f10 f   MSVCRTD:error.obj
 0001:00009170       ?_RTC_MemFailure@@YAXPAXHPBX@Z 0040a170 f   MSVCRTD:error.obj
 0001:000093c0       ?_RTC_StackFailure@@YAXPAXPBD@Z 0040a3c0 f   MSVCRTD:error.obj
 0001:00009480       __RTC_UninitUse            0040a480 f   MSVCRTD:error.obj
 0001:00009640       __RTC_NumErrors            0040a640 f   MSVCRTD:userapi.obj
 0001:00009650       __RTC_GetErrDesc           0040a650 f   MSVCRTD:userapi.obj
 0001:00009670       __RTC_SetErrorType         0040a670 f   MSVCRTD:userapi.obj
 0001:000096a0       __RTC_SetErrorFunc         0040a6a0 f   MSVCRTD:userapi.obj
 0001:000096c0       ?_RTC_GetErrorFunc@@YAP6AHHPBDH00ZZPBX@Z 0040a6c0 f   MSVCRTD:userapi.obj
 0001:000096c6       __CRT_RTC_INIT             0040a6c6 f   MSVCRTD:MSVCR71D.dll
 0001:000096cc       ___dllonexit               0040a6cc f   MSVCRTD:MSVCR71D.dll
 0001:000096e0       ??_M@YGXPAXIHP6EX0@Z@Z     0040a6e0 f   MSVCRTD:ehvecdtr.obj
 0001:00009780       ?__ArrayUnwind@@YGXPAXIHP6EX0@Z@Z 0040a780 f   MSVCRTD:ehvecdtr.obj
 0001:0000982c       ??1type_info@@UAE@XZ       0040a82c f   MSVCRTD:MSVCR71D.dll
 0001:00009832       __c_exit                   0040a832 f   MSVCRTD:MSVCR71D.dll
 0001:00009838       __exit                     0040a838 f   MSVCRTD:MSVCR71D.dll
 0001:0000983e       __XcptFilter               0040a83e f   MSVCRTD:MSVCR71D.dll
 0001:00009844       __cexit                    0040a844 f   MSVCRTD:MSVCR71D.dll
 0001:0000984a       _exit                      0040a84a f   MSVCRTD:MSVCR71D.dll
 0001:00009850       __ismbblead                0040a850 f   MSVCRTD:MSVCR71D.dll
 0001:00009856       __amsg_exit                0040a856 f   MSVCRTD:MSVCR71D.dll
 0001:0000985c       ___getmainargs             0040a85c f   MSVCRTD:MSVCR71D.dll
 0001:00009870       __RTC_Initialize           0040a870 f   MSVCRTD:initsect.obj
 0001:000098f0       __RTC_Terminate            0040a8f0 f   MSVCRTD:initsect.obj
 0001:00009968       __initterm                 0040a968 f   MSVCRTD:MSVCR71D.dll
 0001:00009970       __setdefaultprecision      0040a970 f   MSVCRTD:fp8.obj
 0001:00009988       ___setusermatherr          0040a988 f   MSVCRTD:MSVCR71D.dll
 0001:00009990       __matherr                  0040a990 f   MSVCRTD:merr.obj
 0001:000099a0       __setargv                  0040a9a0 f   MSVCRTD:dllargv.obj
 0001:000099a8       ___p__commode              0040a9a8 f   MSVCRTD:MSVCR71D.dll
 0001:000099ae       ___p__fmode                0040a9ae f   MSVCRTD:MSVCR71D.dll
 0001:000099b4       ___set_app_type            0040a9b4 f   MSVCRTD:MSVCR71D.dll
 0001:000099c0       ?_RTC_GetSrcLine@@YAHKPADHPAHPAPAD@Z 0040a9c0 f   MSVCRTD:pdblkup.obj
 0001:0000a260       __alloca_probe             0040b260     MSVCRTD:chkstk.obj
 0001:0000a260       __chkstk                   0040b260 f   MSVCRTD:chkstk.obj
 0001:0000a29e       ?terminate@@YAXXZ          0040b29e f   MSVCRTD:MSVCR71D.dll
 0001:0000a2a4       __controlfp                0040b2a4 f   MSVCRTD:MSVCR71D.dll
 0001:0000a2aa       _ExitProcess@4             0040b2aa f   kernel32:KERNEL32.dll
 0001:0000a2b0       _GetModuleHandleA@4        0040b2b0 f   kernel32:KERNEL32.dll
 0001:0000a2b6       _GetStartupInfoA@4         0040b2b6 f   kernel32:KERNEL32.dll
 0001:0000a2bc       _QueryPerformanceCounter@4 0040b2bc f   kernel32:KERNEL32.dll
 0001:0000a2c2       _GetCurrentThreadId@0      0040b2c2 f   kernel32:KERNEL32.dll
 0001:0000a2c8       _GetCurrentProcessId@0     0040b2c8 f   kernel32:KERNEL32.dll
 0001:0000a2ce       _GetSystemTimeAsFileTime@4 0040b2ce f   kernel32:KERNEL32.dll
 0001:0000a2d4       _DebugBreak@0              0040b2d4 f   kernel32:KERNEL32.dll
 0001:0000a2da       _RaiseException@16         0040b2da f   kernel32:KERNEL32.dll
 0001:0000a2e0       _GetVersionExA@4           0040b2e0 f   kernel32:KERNEL32.dll
 0001:0000a2e6       _GetProcAddress@8          0040b2e6 f   kernel32:KERNEL32.dll
 0001:0000a2ec       _LoadLibraryA@4            0040b2ec f   kernel32:KERNEL32.dll
 0001:0000a2f2       _HeapFree@12               0040b2f2 f   kernel32:KERNEL32.dll
 0001:0000a2f8       _HeapAlloc@12              0040b2f8 f   kernel32:KERNEL32.dll
 0001:0000a2fe       _GetProcessHeap@0          0040b2fe f   kernel32:KERNEL32.dll
 0001:0000a304       _GetCurrentProcess@0       0040b304 f   kernel32:KERNEL32.dll
 0001:0000a30a       _FreeLibrary@4             0040b30a f   kernel32:KERNEL32.dll
 0002:000003bc       ??_7ZMD5Checker@@6B@       004113bc     md5Checker.obj
 0002:000003c8       ??_7IHashProgressListener@FileHash@@6B@ 004113c8     md5Checker.obj
 0002:000003d4       ?end@?$_Iosb@H@std@@2W4_Seekdir@12@B 004113d4     stdafx.obj
 0002:000003d8       ?cur@?$_Iosb@H@std@@2W4_Seekdir@12@B 004113d8     stdafx.obj
 0002:000003dc       ?beg@?$_Iosb@H@std@@2W4_Seekdir@12@B 004113dc     stdafx.obj
 0002:000003e0       ?binary@?$_Iosb@H@std@@2W4_Openmode@12@B 004113e0     stdafx.obj
 0002:000003e4       ?_Noreplace@?$_Iosb@H@std@@2W4_Openmode@12@B 004113e4     stdafx.obj
 0002:000003e8       ?_Nocreate@?$_Iosb@H@std@@2W4_Openmode@12@B 004113e8     stdafx.obj
 0002:000003ec       ?trunc@?$_Iosb@H@std@@2W4_Openmode@12@B 004113ec     stdafx.obj
 0002:000003f0       ?app@?$_Iosb@H@std@@2W4_Openmode@12@B 004113f0     stdafx.obj
 0002:000003f4       ?ate@?$_Iosb@H@std@@2W4_Openmode@12@B 004113f4     stdafx.obj
 0002:000003f8       ?out@?$_Iosb@H@std@@2W4_Openmode@12@B 004113f8     stdafx.obj
 0002:000003fc       ?in@?$_Iosb@H@std@@2W4_Openmode@12@B 004113fc     stdafx.obj
 0002:00000400       ?_Hardfail@?$_Iosb@H@std@@2W4_Iostate@12@B 00411400     stdafx.obj
 0002:00000404       ?badbit@?$_Iosb@H@std@@2W4_Iostate@12@B 00411404     stdafx.obj
 0002:00000408       ?failbit@?$_Iosb@H@std@@2W4_Iostate@12@B 00411408     stdafx.obj
 0002:0000040c       ?eofbit@?$_Iosb@H@std@@2W4_Iostate@12@B 0041140c     stdafx.obj
 0002:00000410       ?goodbit@?$_Iosb@H@std@@2W4_Iostate@12@B 00411410     stdafx.obj
 0002:00000414       ?floatfield@?$_Iosb@H@std@@2W4_Fmtflags@12@B 00411414     stdafx.obj
 0002:00000418       ?basefield@?$_Iosb@H@std@@2W4_Fmtflags@12@B 00411418     stdafx.obj
 0002:0000041c       ?adjustfield@?$_Iosb@H@std@@2W4_Fmtflags@12@B 0041141c     stdafx.obj
 0002:00000420       ?_Stdio@?$_Iosb@H@std@@2W4_Fmtflags@12@B 00411420     stdafx.obj
 0002:00000424       ?boolalpha@?$_Iosb@H@std@@2W4_Fmtflags@12@B 00411424     stdafx.obj
 0002:00000428       ?fixed@?$_Iosb@H@std@@2W4_Fmtflags@12@B 00411428     stdafx.obj
 0002:0000042c       ?scientific@?$_Iosb@H@std@@2W4_Fmtflags@12@B 0041142c     stdafx.obj
 0002:00000430       ?hex@?$_Iosb@H@std@@2W4_Fmtflags@12@B 00411430     stdafx.obj
 0002:00000434       ?oct@?$_Iosb@H@std@@2W4_Fmtflags@12@B 00411434     stdafx.obj
 0002:00000438       ?dec@?$_Iosb@H@std@@2W4_Fmtflags@12@B 00411438     stdafx.obj
 0002:0000043c       ?internal@?$_Iosb@H@std@@2W4_Fmtflags@12@B 0041143c     stdafx.obj
 0002:00000440       ?right@?$_Iosb@H@std@@2W4_Fmtflags@12@B 00411440     stdafx.obj
 0002:00000444       ?left@?$_Iosb@H@std@@2W4_Fmtflags@12@B 00411444     stdafx.obj
 0002:00000448       ?showpos@?$_Iosb@H@std@@2W4_Fmtflags@12@B 00411448     stdafx.obj
 0002:0000044c       ?showpoint@?$_Iosb@H@std@@2W4_Fmtflags@12@B 0041144c     stdafx.obj
 0002:00000450       ?showbase@?$_Iosb@H@std@@2W4_Fmtflags@12@B 00411450     stdafx.obj
 0002:00000454       ?uppercase@?$_Iosb@H@std@@2W4_Fmtflags@12@B 00411454     stdafx.obj
 0002:00000458       ?unitbuf@?$_Iosb@H@std@@2W4_Fmtflags@12@B 00411458     stdafx.obj
 0002:0000045c       ?skipws@?$_Iosb@H@std@@2W4_Fmtflags@12@B 0041145c     stdafx.obj
 0002:00000460       ?none@?$_Locbase@H@std@@2HB 00411460     stdafx.obj
 0002:00000464       ?all@?$_Locbase@H@std@@2HB 00411464     stdafx.obj
 0002:00000468       ?messages@?$_Locbase@H@std@@2HB 00411468     stdafx.obj
 0002:0000046c       ?time@?$_Locbase@H@std@@2HB 0041146c     stdafx.obj
 0002:00000470       ?numeric@?$_Locbase@H@std@@2HB 00411470     stdafx.obj
 0002:00000474       ?monetary@?$_Locbase@H@std@@2HB 00411474     stdafx.obj
 0002:00000478       ?ctype@?$_Locbase@H@std@@2HB 00411478     stdafx.obj
 0002:0000047c       ?collate@?$_Locbase@H@std@@2HB 0041147c     stdafx.obj
 0002:00000480       ??_C@_08EPJLHIJG@bad?5cast?$AA@ 00411480     stdafx.obj
 0002:0000059c       _SID_SCommDlgBrowser       0041159c     shell32:shguid.obj
 0002:000005ac       _CLSID_MenuBandSite        004115ac     shell32:shguid.obj
 0002:000005bc       _IID_IBanneredBar          004115bc     shell32:shguid.obj
 0002:000005cc       _CLSID_MenuToolbarBase     004115cc     shell32:shguid.obj
 0002:000005dc       _SID_SMenuBandTop          004115dc     shell32:shguid.obj
 0002:000005ec       _CGID_MENUDESKBAR          004115ec     shell32:shguid.obj
 0002:000005fc       _SID_MenuShellFolder       004115fc     shell32:shguid.obj
 0002:0000060c       _SID_SMenuBandBottom       0041160c     shell32:shguid.obj
 0002:0000061c       _SID_SMenuBandBottomSelected 0041161c     shell32:shguid.obj
 0002:0000062c       _SID_SMenuPopup            0041162c     shell32:shguid.obj
 0002:0000063c       _SID_SMenuBandParent       0041163c     shell32:shguid.obj
 0002:0000064c       _SID_SMenuBandChild        0041164c     shell32:shguid.obj
 0002:0000065c       _CLSID_ShellFldSetExt      0041165c     shell32:shguid.obj
 0002:0000066c       _IID_CDefView              0041166c     shell32:shguid.obj
 0002:0000067c       _CLSID_ISFBand             0041167c     shell32:shguid.obj
 0002:0000068c       _CLSID_QuickLinks          0041168c     shell32:shguid.obj
 0002:0000069c       _IID_IDocViewSite          0041169c     shell32:shguid.obj
 0002:000006ac       _SID_CtxQueryAssociations  004116ac     shell32:shguid.obj
 0002:000006bc       _BHID_StorageEnum          004116bc     shell32:shguid.obj
 0002:000006cc       _BHID_LinkTargetItem       004116cc     shell32:shguid.obj
 0002:000006dc       _BHID_Stream               004116dc     shell32:shguid.obj
 0002:000006ec       _BHID_Storage              004116ec     shell32:shguid.obj
 0002:000006fc       _BHID_SFViewObject         004116fc     shell32:shguid.obj
 0002:0000070c       _BHID_SFUIObject           0041170c     shell32:shguid.obj
 0002:0000071c       _BHID_SFObject             0041171c     shell32:shguid.obj
 0002:0000072c       _CLSID_NewMenu             0041172c     shell32:shguid.obj
 0002:0000073c       _CLSID_FolderItemsFDF      0041173c     shell32:shguid.obj
 0002:0000074c       _CLSID_FolderItem          0041174c     shell32:shguid.obj
 0002:0000075c       _SID_SGetViewFromViewDual  0041175c     shell32:shguid.obj
 0002:0000076c       _SID_STopWindow            0041176c     shell32:shguid.obj
 0002:0000077c       _IID_IFileSystemBindData   0041177c     shell32:shguid.obj
 0002:0000078c       _CLSID_CDocBrowsePropertyPage 0041178c     shell32:shguid.obj
 0002:0000079c       _CLSID_CImageBrowsePropertyPage 0041179c     shell32:shguid.obj
 0002:000007ac       _CLSID_CAnchorBrowsePropertyPage 004117ac     shell32:shguid.obj
 0002:000007bc       _IID_IDragSourceHelper     004117bc     shell32:shguid.obj
 0002:000007cc       _IID_IDropTargetHelper     004117cc     shell32:shguid.obj
 0002:000007dc       _CLSID_DragDropHelper      004117dc     shell32:shguid.obj
 0002:000007ec       _IID_IMountedVolume        004117ec     shell32:shguid.obj
 0002:000007fc       _CLSID_HWShellExecute      004117fc     shell32:shguid.obj
 0002:0000080c       _CLSID_MountedVolume       0041180c     shell32:shguid.obj
 0002:0000081c       _IID_IEnumExtraSearch      0041181c     shell32:shguid.obj
 0002:0000082c       _FMTID_Query               0041182c     shell32:shguid.obj
 0002:0000083c       _FMTID_Volume              0041183c     shell32:shguid.obj
 0002:0000084c       _FMTID_DRM                 0041184c     shell32:shguid.obj
 0002:0000085c       _FMTID_MUSIC               0041185c     shell32:shguid.obj
 0002:0000086c       _FMTID_WebView             0041186c     shell32:shguid.obj
 0002:0000087c       _FMTID_Misc                0041187c     shell32:shguid.obj
 0002:0000088c       _FMTID_Briefcase           0041188c     shell32:shguid.obj
 0002:0000089c       _FMTID_Displaced           0041189c     shell32:shguid.obj
 0002:000008ac       _FMTID_ImageProperties     004118ac     shell32:shguid.obj
 0002:000008bc       _FMTID_Storage             004118bc     shell32:shguid.obj
 0002:000008cc       _FMTID_ShellDetails        004118cc     shell32:shguid.obj
 0002:000008dc       _IID_IShellFolder2         004118dc     shell32:shguid.obj
 0002:000008ec       _CLSID_DocHostUIHandler    004118ec     shell32:shguid.obj
 0002:000008fc       _CLSID_DarwinAppPublisher  004118fc     shell32:shguid.obj
 0002:0000090c       _CLSID_ToolbarExtButtons   0041190c     shell32:shguid.obj
 0002:0000091c       _CLSID_MSOButtons          0041191c     shell32:shguid.obj
 0002:0000092c       _CLSID_InternetButtons     0041192c     shell32:shguid.obj
 0002:0000093c       _IID_INamedPropertyBag     0041193c     shell32:shguid.obj
 0002:0000094c       _CGID_ShortCut             0041194c     shell32:shguid.obj
 0002:0000095c       _CLSID_FileSysColumnProvider 0041195c     shell32:shguid.obj
 0002:0000096c       _CLSID_LinkColumnProvider  0041196c     shell32:shguid.obj
 0002:0000097c       _CLSID_DocFileColumnProvider 0041197c     shell32:shguid.obj
 0002:0000098c       _IID_IColumnProvider       0041198c     shell32:shguid.obj
 0002:0000099c       _CLSID_QueryAssociations   0041199c     shell32:shguid.obj
 0002:000009ac       _IID_IQueryAssociations    004119ac     shell32:shguid.obj
 0002:000009bc       _IID_IShellDetails3        004119bc     shell32:shguid.obj
 0002:000009cc       _IID_ISynchronizedCallBack 004119cc     shell32:shguid.obj
 0002:000009dc       _IID_IADesktopP2           004119dc     shell32:shguid.obj
 0002:000009ec       _IID_IActiveDesktopP       004119ec     shell32:shguid.obj
 0002:000009fc       _IID_IActiveDesktop        004119fc     shell32:shguid.obj
 0002:00000a0c       _CLSID_ActiveDesktop       00411a0c     shell32:shguid.obj
 0002:00000a1c       _CLSID_FileTypes           00411a1c     shell32:shguid.obj
 0002:00000a2c       _SID_STopLevelBrowser      00411a2c     shell32:shguid.obj
 0002:00000a3c       _IID_IProgressDialog       00411a3c     shell32:shguid.obj
 0002:00000a4c       _CLSID_ProgressDialog      00411a4c     shell32:shguid.obj
 0002:00000a5c       _CLSID_ACLCustomMRU        00411a5c     shell32:shguid.obj
 0002:00000a6c       _CLSID_ACLMulti            00411a6c     shell32:shguid.obj
 0002:00000a7c       _CLSID_ACLMRU              00411a7c     shell32:shguid.obj
 0002:00000a8c       _CLSID_ACListISF           00411a8c     shell32:shguid.obj
 0002:00000a9c       _CLSID_ACLHistory          00411a9c     shell32:shguid.obj
 0002:00000aac       _CLSID_AutoComplete        00411aac     shell32:shguid.obj
 0002:00000abc       _IID_ICurrentWorkingDirectory 00411abc     shell32:shguid.obj
 0002:00000acc       _IID_IACList2              00411acc     shell32:shguid.obj
 0002:00000adc       _IID_IACList               00411adc     shell32:shguid.obj
 0002:00000aec       _IID_IObjMgr               00411aec     shell32:shguid.obj
 0002:00000afc       _IID_IAutoCompList         00411afc     shell32:shguid.obj
 0002:00000b0c       _CLSID_CURLSearchHook      00411b0c     shell32:shguid.obj
 0002:00000b1c       _CLSID_CUrlHistory         00411b1c     shell32:shguid.obj
 0002:00000b2c       _IID_IUniformResourceLocatorW 00411b2c     shell32:shguid.obj
 0002:00000b3c       _IID_IUniformResourceLocatorA 00411b3c     shell32:shguid.obj
 0002:00000b4c       _CLSID_InternetShortcut    00411b4c     shell32:shguid.obj
 0002:00000b5c       _IID_IShellChangeNotify    00411b5c     shell32:shguid.obj
 0002:00000b6c       _IID_IDiscardableBrowserProperty 00411b6c     shell32:shguid.obj
 0002:00000b7c       _VID_ThumbStrip            00411b7c     shell32:shguid.obj
 0002:00000b8c       _VID_Thumbnails            00411b8c     shell32:shguid.obj
 0002:00000b9c       _VID_Tile                  00411b9c     shell32:shguid.obj
 0002:00000bac       _VID_Details               00411bac     shell32:shguid.obj
 0002:00000bbc       _VID_List                  00411bbc     shell32:shguid.obj
 0002:00000bcc       _VID_SmallIcons            00411bcc     shell32:shguid.obj
 0002:00000bdc       _VID_LargeIcons            00411bdc     shell32:shguid.obj
 0002:00000bec       _IID_IDefViewFrame         00411bec     shell32:shguid.obj
 0002:00000bfc       _IID_IShellFolderBand      00411bfc     shell32:shguid.obj
 0002:00000c0c       _CLSID_MenuBand            00411c0c     shell32:shguid.obj
 0002:00000c1c       _CGID_DefView              00411c1c     shell32:shguid.obj
 0002:00000c2c       _SID_DefView               00411c2c     shell32:shguid.obj
 0002:00000c3c       _IID_IContextMenu3         00411c3c     shell32:shguid.obj
 0002:00000c4c       _CLSID_ShellThumbnailDiskCache 00411c4c     shell32:shguid.obj
 0002:00000c5c       _IID_IEnumShellImageStore  00411c5c     shell32:shguid.obj
 0002:00000c6c       _IID_IShellImageStore      00411c6c     shell32:shguid.obj
 0002:00000c7c       _IID_IThumbnailCapture     00411c7c     shell32:shguid.obj
 0002:00000c8c       _IID_IRunnableTask         00411c8c     shell32:shguid.obj
 0002:00000c9c       _IID_IShellIconOverlayManager 00411c9c     shell32:shguid.obj
 0002:00000cac       _CLSID_CFSIconOverlayManager 00411cac     shell32:shguid.obj
 0002:00000cbc       _IID_IPersistFolder3       00411cbc     shell32:shguid.obj
 0002:00000ccc       _IID_IShellFolderViewCB    00411ccc     shell32:shguid.obj
 0002:00000cdc       _IID_ICommDlgBrowser2      00411cdc     shell32:shguid.obj
 0002:00000cec       _IID_IShellIconOverlayIdentifier 00411cec     shell32:shguid.obj
 0002:00000cfc       _IID_IShellIconOverlay     00411cfc     shell32:shguid.obj
 0002:00000d0c       _IID_IDockingWindowFrame   00411d0c     shell32:shguid.obj
 0002:00000d1c       _IID_IDockingWindowSite    00411d1c     shell32:shguid.obj
 0002:00000d2c       _IID_IInputObjectSite      00411d2c     shell32:shguid.obj
 0002:00000d3c       _IID_IInputObject          00411d3c     shell32:shguid.obj
 0002:00000d4c       _CLSID_StgFolder           00411d4c     shell32:shguid.obj
 0002:00000d5c       _CLSID_FolderShortcut      00411d5c     shell32:shguid.obj
 0002:00000d6c       _IID_IDefViewID            00411d6c     shell32:shguid.obj
 0002:00000d7c       _IID_IDelegateFolder       00411d7c     shell32:shguid.obj
 0002:00000d8c       _IID_IURLSearchHook2       00411d8c     shell32:shguid.obj
 0002:00000d9c       _IID_ISearchContext        00411d9c     shell32:shguid.obj
 0002:00000dac       _IID_IURLSearchHook        00411dac     shell32:shguid.obj
 0002:00000dbc       _IID_IResolveShellLink     00411dbc     shell32:shguid.obj
 0002:00000dcc       _IID_IShellLinkDataList    00411dcc     shell32:shguid.obj
 0002:00000ddc       _IID_IShellView2           00411ddc     shell32:shguid.obj
 0002:00000dec       _IID_IBriefcaseStg         00411dec     shell32:shguid.obj
 0002:00000dfc       _IID_IQueryInfo            00411dfc     shell32:shguid.obj
 0002:00000e0c       _IID_IRemoteComputer       00411e0c     shell32:shguid.obj
 0002:00000e1c       _IID_IShellCopyHookW       00411e1c     shell32:shguid.obj
 0002:00000e2c       _IID_IShellExecuteHookW    00411e2c     shell32:shguid.obj
 0002:00000e3c       _IID_IExtractIconW         00411e3c     shell32:shguid.obj
 0002:00000e4c       _IID_IShellLinkW           00411e4c     shell32:shguid.obj
 0002:00000e5c       _IID_IFileViewerW          00411e5c     shell32:shguid.obj
 0002:00000e6c       _IID_INewShortcutHookW     00411e6c     shell32:shguid.obj
 0002:00000e7c       _IID_IPropSheetPage        00411e7c     shell32:shguid.obj
 0002:00000e8c       _IID_IShellExecuteHookA    00411e8c     shell32:shguid.obj
 0002:00000e9c       _IID_IContextMenu2         00411e9c     shell32:shguid.obj
 0002:00000eac       _IID_IFileViewerSite       00411eac     shell32:shguid.obj
 0002:00000ebc       _IID_IEnumIDList           00411ebc     shell32:shguid.obj
 0002:00000ecc       _IID_ICommDlgBrowser       00411ecc     shell32:shguid.obj
 0002:00000edc       _IID_IFileViewerA          00411edc     shell32:shguid.obj
 0002:00000eec       _IID_IShellCopyHookA       00411eec     shell32:shguid.obj
 0002:00000efc       _IID_IShellLinkA           00411efc     shell32:shguid.obj
 0002:00000f0c       _IID_IDelayedRelease       00411f0c     shell32:shguid.obj
 0002:00000f1c       _IID_IShellDetails         00411f1c     shell32:shguid.obj
 0002:00000f2c       _IID_IExtractIconA         00411f2c     shell32:shguid.obj
 0002:00000f3c       _IID_IPersistFolder        00411f3c     shell32:shguid.obj
 0002:00000f4c       _IID_IShellPropSheetExt    00411f4c     shell32:shguid.obj
 0002:00000f5c       _IID_IShellExtInit         00411f5c     shell32:shguid.obj
 0002:00000f6c       _IID_IShellFolder          00411f6c     shell32:shguid.obj
 0002:00000f7c       _IID_IShellIcon            00411f7c     shell32:shguid.obj
 0002:00000f8c       _IID_IContextMenu          00411f8c     shell32:shguid.obj
 0002:00000f9c       _IID_IShellView            00411f9c     shell32:shguid.obj
 0002:00000fac       _IID_IShellBrowser         00411fac     shell32:shguid.obj
 0002:00000fbc       _IID_INewShortcutHookA     00411fbc     shell32:shguid.obj
 0002:00000fcc       _CGID_ExplorerBarDoc       00411fcc     shell32:shguid.obj
 0002:00000fdc       _CGID_ShellServiceObject   00411fdc     shell32:shguid.obj
 0002:00000fec       _CGID_ShellDocView         00411fec     shell32:shguid.obj
 0002:00000ffc       _CGID_Explorer             00411ffc     shell32:shguid.obj
 0002:0000100c       _FMTID_InternetSite        0041200c     shell32:shguid.obj
 0002:0000101c       _FMTID_Intshcut            0041201c     shell32:shguid.obj
 0002:0000102c       _CATID_CommBand            0041202c     shell32:shguid.obj
 0002:0000103c       _CATID_InfoBand            0041203c     shell32:shguid.obj
 0002:0000104c       _CATID_DeskBand            0041204c     shell32:shguid.obj
 0002:0000105c       _CATID_BrowseInPlace       0041205c     shell32:shguid.obj
 0002:0000106c       _CATID_BrowsableShellExt   0041206c     shell32:shguid.obj
 0002:0000107c       _CLSID_MyDocuments         0041207c     shell32:shguid.obj
 0002:0000108c       _CLSID_Printers            0041208c     shell32:shguid.obj
 0002:0000109c       _CLSID_ControlPanel        0041209c     shell32:shguid.obj
 0002:000010ac       _CLSID_RecycleBin          004120ac     shell32:shguid.obj
 0002:000010bc       _CLSID_ShellFSFolder       004120bc     shell32:shguid.obj
 0002:000010cc       _CLSID_Internet            004120cc     shell32:shguid.obj
 0002:000010dc       _CLSID_MyComputer          004120dc     shell32:shguid.obj
 0002:000010ec       _CLSID_NetworkShare        004120ec     shell32:shguid.obj
 0002:000010fc       _CLSID_NetworkServer       004120fc     shell32:shguid.obj
 0002:0000110c       _CLSID_NetworkDomain       0041210c     shell32:shguid.obj
 0002:0000111c       _CLSID_NetworkPlaces       0041211c     shell32:shguid.obj
 0002:0000112c       _CLSID_ShellLink           0041212c     shell32:shguid.obj
 0002:0000113c       _CLSID_ShellDesktop        0041213c     shell32:shguid.obj
 0002:0000114c       _IID_IInitializeSpy        0041214c     uuid:objidl_i.obj
 0002:0000115c       _IID_IProcessInitControl   0041215c     uuid:objidl_i.obj
 0002:0000116c       _IID_IComThreadingInfo     0041216c     uuid:objidl_i.obj
 0002:0000117c       _IID_ISurrogateService     0041217c     uuid:objidl_i.obj
 0002:0000118c       _IID_IProcessLock          0041218c     uuid:objidl_i.obj
 0002:0000119c       _IID_IObjContext           0041219c     uuid:objidl_i.obj
 0002:000011ac       _IID_IContext              004121ac     uuid:objidl_i.obj
 0002:000011bc       _IID_IEnumContextProps     004121bc     uuid:objidl_i.obj
 0002:000011cc       _IID_IDummyHICONIncluder   004121cc     uuid:objidl_i.obj
 0002:000011dc       _IID_IThumbnailExtractor   004121dc     uuid:objidl_i.obj
 0002:000011ec       _IID_AsyncIPipeDouble      004121ec     uuid:objidl_i.obj
 0002:000011fc       _IID_IPipeDouble           004121fc     uuid:objidl_i.obj
 0002:0000120c       _IID_AsyncIPipeLong        0041220c     uuid:objidl_i.obj
 0002:0000121c       _IID_IPipeLong             0041221c     uuid:objidl_i.obj
 0002:0000122c       _IID_AsyncIPipeByte        0041222c     uuid:objidl_i.obj
 0002:0000123c       _IID_IPipeByte             0041223c     uuid:objidl_i.obj
 0002:0000124c       _IID_IAddrExclusionControl 0041224c     uuid:objidl_i.obj
 0002:0000125c       _IID_IAddrTrackingControl  0041225c     uuid:objidl_i.obj
 0002:0000126c       _IID_IForegroundTransfer   0041226c     uuid:objidl_i.obj
 0002:0000127c       _IID_IUrlMon               0041227c     uuid:objidl_i.obj
 0002:0000128c       _IID_IWaitMultiple         0041228c     uuid:objidl_i.obj
 0002:0000129c       _IID_IReleaseMarshalBuffers 0041229c     uuid:objidl_i.obj
 0002:000012ac       _IID_IRpcHelper            004122ac     uuid:objidl_i.obj
 0002:000012bc       _IID_ICallFactory          004122bc     uuid:objidl_i.obj
 0002:000012cc       _IID_IAsyncManager         004122cc     uuid:objidl_i.obj
 0002:000012dc       _IID_ICancelMethodCalls    004122dc     uuid:objidl_i.obj
 0002:000012ec       _IID_ISynchronizeMutex     004122ec     uuid:objidl_i.obj
 0002:000012fc       _IID_ISynchronizeContainer 004122fc     uuid:objidl_i.obj
 0002:0000130c       _IID_ISynchronizeEvent     0041230c     uuid:objidl_i.obj
 0002:0000131c       _IID_ISynchronizeHandle    0041231c     uuid:objidl_i.obj
 0002:0000132c       _IID_ISynchronize          0041232c     uuid:objidl_i.obj
 0002:0000133c       _IID_IDirectWriterLock     0041233c     uuid:objidl_i.obj
 0002:0000134c       _IID_IGlobalInterfaceTable 0041234c     uuid:objidl_i.obj
 0002:0000135c       _IID_ISurrogate            0041235c     uuid:objidl_i.obj
 0002:0000136c       _IID_IOplockStorage        0041236c     uuid:objidl_i.obj
 0002:0000137c       _IID_ITimeAndNoticeControl 0041237c     uuid:objidl_i.obj
 0002:0000138c       _IID_IBlockingLock         0041238c     uuid:objidl_i.obj
 0002:0000139c       _IID_ILayoutStorage        0041239c     uuid:objidl_i.obj
 0002:000013ac       _IID_IProgressNotify       004123ac     uuid:objidl_i.obj
 0002:000013bc       _IID_IFillLockBytes        004123bc     uuid:objidl_i.obj
 0002:000013cc       _IID_IRpcOptions           004123cc     uuid:objidl_i.obj
 0002:000013dc       _IID_IClassActivator       004123dc     uuid:objidl_i.obj
 0002:000013ec       _IID_IServerSecurity       004123ec     uuid:objidl_i.obj
 0002:000013fc       _IID_IClientSecurity       004123fc     uuid:objidl_i.obj
 0002:0000140c       _IID_IChannelHook          0041240c     uuid:objidl_i.obj
 0002:0000141c       _IID_IPSFactoryBuffer      0041241c     uuid:objidl_i.obj
 0002:0000142c       _IID_IRpcStubBuffer        0041242c     uuid:objidl_i.obj
 0002:0000143c       _IID_IRpcProxyBuffer       0041243c     uuid:objidl_i.obj
 0002:0000144c       _IID_IRpcSyntaxNegotiate   0041244c     uuid:objidl_i.obj
 0002:0000145c       _IID_IRpcChannelBuffer3    0041245c     uuid:objidl_i.obj
 0002:0000146c       _IID_IAsyncRpcChannelBuffer 0041246c     uuid:objidl_i.obj
 0002:0000147c       _IID_IRpcChannelBuffer2    0041247c     uuid:objidl_i.obj
 0002:0000148c       _IID_IRpcChannelBuffer     0041248c     uuid:objidl_i.obj
 0002:0000149c       _IID_IMessageFilter        0041249c     uuid:objidl_i.obj
 0002:000014ac       _IID_IDataAdviseHolder     004124ac     uuid:objidl_i.obj
 0002:000014bc       _IID_IDataObject           004124bc     uuid:objidl_i.obj
 0002:000014cc       _IID_AsyncIAdviseSink2     004124cc     uuid:objidl_i.obj
 0002:000014dc       _IID_IAdviseSink2          004124dc     uuid:objidl_i.obj
 0002:000014ec       _IID_AsyncIAdviseSink      004124ec     uuid:objidl_i.obj
 0002:000014fc       _IID_IAdviseSink           004124fc     uuid:objidl_i.obj
 0002:0000150c       _IID_IRootStorage          0041250c     uuid:objidl_i.obj
 0002:0000151c       _IID_IEnumSTATDATA         0041251c     uuid:objidl_i.obj
 0002:0000152c       _IID_IEnumFORMATETC        0041252c     uuid:objidl_i.obj
 0002:0000153c       _IID_ILockBytes            0041253c     uuid:objidl_i.obj
 0002:0000154c       _IID_IPersistStorage       0041254c     uuid:objidl_i.obj
 0002:0000155c       _IID_IPersistFile          0041255c     uuid:objidl_i.obj
 0002:0000156c       _IID_IStorage              0041256c     uuid:objidl_i.obj
 0002:0000157c       _IID_IEnumSTATSTG          0041257c     uuid:objidl_i.obj
 0002:0000158c       _IID_IStream               0041258c     uuid:objidl_i.obj
 0002:0000159c       _IID_ISequentialStream     0041259c     uuid:objidl_i.obj
 0002:000015ac       _IID_IEnumString           004125ac     uuid:objidl_i.obj
 0002:000015bc       _IID_IROTData              004125bc     uuid:objidl_i.obj
 0002:000015cc       _IID_IMoniker              004125cc     uuid:objidl_i.obj
 0002:000015dc       _IID_IPersistStream        004125dc     uuid:objidl_i.obj
 0002:000015ec       _IID_IPersist              004125ec     uuid:objidl_i.obj
 0002:000015fc       _IID_IRunningObjectTable   004125fc     uuid:objidl_i.obj
 0002:0000160c       _IID_IRunnableObject       0041260c     uuid:objidl_i.obj
 0002:0000161c       _IID_IEnumMoniker          0041261c     uuid:objidl_i.obj
 0002:0000162c       _IID_IBindCtx              0041262c     uuid:objidl_i.obj
 0002:0000163c       _IID_IEnumUnknown          0041263c     uuid:objidl_i.obj
 0002:0000164c       _IID_IInternalUnknown      0041264c     uuid:objidl_i.obj
 0002:0000165c       _IID_AsyncIMultiQI         0041265c     uuid:objidl_i.obj
 0002:0000166c       _IID_IMultiQI              0041266c     uuid:objidl_i.obj
 0002:0000167c       _IID_IExternalConnection   0041267c     uuid:objidl_i.obj
 0002:0000168c       _IID_IStdMarshalInfo       0041268c     uuid:objidl_i.obj
 0002:0000169c       _IID_IMallocSpy            0041269c     uuid:objidl_i.obj
 0002:000016ac       _IID_IMalloc               004126ac     uuid:objidl_i.obj
 0002:000016bc       _IID_IMarshal2             004126bc     uuid:objidl_i.obj
 0002:000016cc       _IID_IMarshal              004126cc     uuid:objidl_i.obj
 0002:000016f0       ??_7type_info@@6B@         004126f0     MSVCRTD:ti_inst.obj
 0002:00001718       ??_C@_0BO@GNIAFIKK@Unknown?5Runtime?5Check?5Error?6?$AN?$AA@ 00412718     MSVCRTD:error.obj
 0002:00001738       ??_C@_0DG@HKJMLLLP@A?5local?5variable?5was?5used?5before@ 00412738     MSVCRTD:error.obj
 0002:00001770       ??_C@_0BN@FFOINMNJ@Stack?5memory?5was?5corrupted?6?$AN?$AA@ 00412770     MSVCRTD:error.obj
 0002:00001790       ??_C@_0BBN@GPMLNJCF@A?5cast?5to?5a?5smaller?5data?5type?5ha@ 00412790     MSVCRTD:error.obj
 0002:000018b0       ??_C@_0NN@NGPKDKPD@The?5value?5of?5ESP?5was?5not?5properl@ 004128b0     MSVCRTD:error.obj
 0002:00001990       ??_C@_0CA@IODNCDPG@Run?9Time?5Check?5Failure?5?$CD?$CFd?5?9?5?$CFs?$AA@ 00412990     MSVCRTD:error.obj
 0002:000019cc       ??_C@_0L@CJCNHJJG@?6?$ANModule?3?7?$AA@ 004129cc     MSVCRTD:error.obj
 0002:000019d8       ??_C@_08GJEJCAJD@?6?$ANLine?3?7?$AA@ 004129d8     MSVCRTD:error.obj
 0002:000019e4       ??_C@_0CI@INCLAPNB@Invalid?5pointer?5was?5assigned?5at?6@ 004129e4     MSVCRTD:error.obj
 0002:00001a0c       ??_C@_0BB@JEGFEAAM@?8?5was?5corrupted?4?$AA@ 00412a0c     MSVCRTD:error.obj
 0002:00001a20       ??_C@_0BM@FGFAMDLF@Stack?5around?5the?5variable?5?8?$AA@ 00412a20     MSVCRTD:error.obj
 0002:00001a3c       ??_C@_0DA@BEGFPCGG@A?5variable?5is?5being?5used?5without@ 00412a3c     MSVCRTD:error.obj
 0002:00001a6c       ??_C@_0CH@LOIIHGKM@?8?5is?5being?5used?5without?5being?5de@ 00412a6c     MSVCRTD:error.obj
 0002:00001a94       ??_C@_0P@HLKMHJCG@The?5variable?5?8?$AA@ 00412a94     MSVCRTD:error.obj
 0002:00001aa4       ??_C@_0BC@KNBMEBEO@IsDebuggerPresent?$AA@ 00412aa4     MSVCRTD:error.obj
 0002:00001ab8       ??_C@_0N@HAOHNMDE@Kernel32?4dll?$AA@ 00412ab8     MSVCRTD:error.obj
 0002:00001ac8       ??_C@_0CK@CNLNOEPB@Local?5variable?5used?5before?5initi@ 00412ac8     MSVCRTD:userapi.obj
 0002:00001af4       ??_C@_0BI@CIGMDCBH@Stack?5memory?5corruption?$AA@ 00412af4     MSVCRTD:userapi.obj
 0002:00001b0c       ??_C@_0CK@FEGOIOPB@Cast?5to?5smaller?5type?5causing?5los@ 00412b0c     MSVCRTD:userapi.obj
 0002:00001b38       ??_C@_0BJ@HEGAHDFO@Stack?5pointer?5corruption?$AA@ 00412b38     MSVCRTD:userapi.obj
 0002:00001b94       ??_C@_0M@HHEBEAAO@MSPDB71?4DLL?$AA@ 00412b94     MSVCRTD:pdblkup.obj
 0002:00001ba0       ??_C@_01KDCPPGHE@r?$AA@    00412ba0     MSVCRTD:pdblkup.obj
 0002:00001ba2       ??_C@_00CNPNBAHC@?$AA@     00412ba2     MSVCRTD:pdblkup.obj
 0002:00001ba4       ??_C@_08ONJBEOFA@PDBClose?$AA@ 00412ba4     MSVCRTD:pdblkup.obj
 0002:00001bb0       ??_C@_08NINFAAFA@DBIClose?$AA@ 00412bb0     MSVCRTD:pdblkup.obj
 0002:00001bbc       ??_C@_08LIGPJJNA@ModClose?$AA@ 00412bbc     MSVCRTD:pdblkup.obj
 0002:00001bc8       ??_C@_0O@IPLOKOKN@ModQueryLines?$AA@ 00412bc8     MSVCRTD:pdblkup.obj
 0002:00001bd8       ??_C@_0BE@GDNPNLGH@DBIQueryModFromAddr?$AA@ 00412bd8     MSVCRTD:pdblkup.obj
 0002:00001bec       ??_C@_0L@KPMOCKEL@PDBOpenDBI?$AA@ 00412bec     MSVCRTD:pdblkup.obj
 0002:00001bf8       ??_C@_0BB@PENKIMFE@PDBOpenValidate3?$AA@ 00412bf8     MSVCRTD:pdblkup.obj
 0002:00001c0c       ??_C@_0N@KIGOLBLC@Module32Next?$AA@ 00412c0c     MSVCRTD:pdblkup.obj
 0002:00001c1c       ??_C@_0O@CNMFJJGO@Module32First?$AA@ 00412c1c     MSVCRTD:pdblkup.obj
 0002:00001c2c       ??_C@_0BF@OCLFCNKN@GetModuleInformation?$AA@ 00412c2c     MSVCRTD:pdblkup.obj
 0002:00001c44       ??_C@_0BD@FIEJBLME@EnumProcessModules?$AA@ 00412c44     MSVCRTD:pdblkup.obj
 0002:00001c58       ??_C@_09EPMADGLA@PSAPI?4DLL?$AA@ 00412c58     MSVCRTD:pdblkup.obj
 0002:00001c64       ??_C@_0BJ@JEFKDHMD@CreateToolhelp32Snapshot?$AA@ 00412c64     MSVCRTD:pdblkup.obj
 0002:00001c80       ??_C@_0O@CHDGJGFP@ImageNtHeader?$AA@ 00412c80     MSVCRTD:pdblkup.obj
 0002:00001c90       ??_C@_0N@KBGMOMJO@IMAGEHLP?4DLL?$AA@ 00412c90     MSVCRTD:pdblkup.obj
 0002:00001ca0       ??_C@_0N@NHGLKGEC@KERNEL32?4DLL?$AA@ 00412ca0     MSVCRTD:pdblkup.obj
 0002:00001cb0       ??_C@_0BF@BMIHBHCA@EnvironmentDirectory?$AA@ 00412cb0     MSVCRTD:pdblkup.obj
 0002:00001cc8       ??_C@_0CN@KGLAKABH@SOFTWARE?2Microsoft?2VisualStudio?2@ 00412cc8     MSVCRTD:pdblkup.obj
 0002:00001cf8       ??_C@_0M@HLOHPNFA@RegCloseKey?$AA@ 00412cf8     MSVCRTD:pdblkup.obj
 0002:00001d04       ??_C@_0BB@HHEIPGME@RegQueryValueExA?$AA@ 00412d04     MSVCRTD:pdblkup.obj
 0002:00001d18       ??_C@_0O@DCOGKJGG@RegOpenKeyExA?$AA@ 00412d18     MSVCRTD:pdblkup.obj
 0002:00001d28       ??_C@_0N@JJPEKNFO@ADVAPI32?4DLL?$AA@ 00412d28     MSVCRTD:pdblkup.obj
 0002:00001d38       __load_config_used         00412d38     MSVCRTD:loadcfg.obj
 0002:000024d8       ??_R1A@?0A@A@type_info@@8  004134d8     MSVCRTD:ti_inst.obj
 0002:000024f0       ??_R2type_info@@8          004134f0     MSVCRTD:ti_inst.obj
 0002:000024f8       ??_R3type_info@@8          004134f8     MSVCRTD:ti_inst.obj
 0002:00002508       ??_R4type_info@@6B@        00413508     MSVCRTD:ti_inst.obj
 0002:00002630       ___safe_se_handler_table   00413630     <linker-defined>
 0002:000027e8       ___rtc_iaa                 004137e8     MSVCRTD:initsect.obj
 0002:00002a04       ___rtc_izz                 00413a04     MSVCRTD:initsect.obj
 0002:00002b08       ___rtc_taa                 00413b08     MSVCRTD:initsect.obj
 0002:00002d24       ___rtc_tzz                 00413d24     MSVCRTD:initsect.obj
 0002:000032a0       __CT??_R0?AVexception@@@8??0exception@@QAE@ABV0@@Z12 004142a0     stdafx.obj
 0002:000032c0       __CT??_R0?AVbad_cast@@@8??0bad_cast@@QAE@ABV0@@Z12 004142c0     stdafx.obj
 0002:000032e0       __CTA2?AVbad_cast@@        004142e0     stdafx.obj
 0002:000032f0       __TI2?AVbad_cast@@         004142f0     stdafx.obj
 0002:00003718       __CT??_R0?AVHashStopException@FileHash@@@8??0HashStopException@FileHash@@QAE@ABV01@@Z28 00414718     ZFileHash.obj
 0002:00003738       __CTA1?AVHashStopException@FileHash@@ 00414738     ZFileHash.obj
 0002:00003740       __CT??_R0?AVFileHashException@FileHash@@@8??0FileHashException@FileHash@@QAE@ABV01@@Z28 00414740     ZFileHash.obj
 0002:00003760       __CTA1?AVFileHashException@FileHash@@ 00414760     ZFileHash.obj
 0002:00003768       __TI1?AVHashStopException@FileHash@@ 00414768     ZFileHash.obj
 0002:0000377c       __TI1?AVFileHashException@FileHash@@ 0041477c     ZFileHash.obj
 0003:00000000       ___xc_a                    00415000     MSVCRTD:cinitexe.obj
 0003:0000030c       ___xc_z                    0041530c     MSVCRTD:cinitexe.obj
 0003:00000410       ___xi_a                    00415410     MSVCRTD:cinitexe.obj
 0003:00000514       ___xi_z                    00415514     MSVCRTD:cinitexe.obj
 0003:000006bc       ??_R0?AVHashStopException@FileHash@@@8 004156bc     md5Checker.obj
 0003:0000073c       ??_R0?AVexception@@@8      0041573c     stdafx.obj
 0003:00000758       ??_R0?AVbad_cast@@@8       00415758     stdafx.obj
 0003:000007c4       ??_R0?AVFileHashException@FileHash@@@8 004157c4     ZFileHash.obj
 0003:000007f8       ___security_cookie         004157f8     MSVCRTD:seccook.obj
 0003:00000800       ??_R0?AVtype_info@@@8      00415800     MSVCRTD:ti_inst.obj
 0003:00000820       ?_RTC_ErrorLevels@@3PAHA   00415820     MSVCRTD:error.obj
 0003:00000854       ___defaultmatherr          00415854     MSVCRTD:merr.obj
 0003:000009d4       ?g_strVersion@@3V?$basic_string@DU?$char_traits@D@std@@V?$allocator@D@2@@std@@A 004159d4     md5Checker.obj
 0003:000009f8       ?_Psave@?$_Facetptr@V?$ctype@D@std@@@std@@2PBVfacet@locale@2@B 004159f8     stdafx.obj
 0003:000009fc       ?_Psave@?$_Facetptr@V?$ctype@G@std@@@std@@2PBVfacet@locale@2@B 004159fc     stdafx.obj
 0003:00000a20       __dowildcard               00415a20     MSVCRTD:wildcard.obj
 0003:00000a24       __newmode                  00415a24     MSVCRTD:_newmode.obj
 0003:00000a28       __commode                  00415a28     MSVCRTD:xncommod.obj
 0003:00000a2c       __fmode                    00415a2c     MSVCRTD:xtxtmode.obj
 0003:00000a80       __adjust_fdiv              00415a80     <common>
 0003:00000a8c       ___onexitend               00415a8c     <common>
 0003:00000a9c       ___onexitbegin             00415a9c     <common>
 0004:00000000       __IMPORT_DESCRIPTOR_KERNEL32 00416000     kernel32:KERNEL32.dll
 0004:00000014       __IMPORT_DESCRIPTOR_USER32 00416014     user32:USER32.dll
 0004:00000028       __IMPORT_DESCRIPTOR_comdlg32 00416028     comdlg32:comdlg32.dll
 0004:0000003c       __IMPORT_DESCRIPTOR_SHELL32 0041603c     shell32:SHELL32.dll
 0004:00000050       __IMPORT_DESCRIPTOR_ole32  00416050     ole32:ole32.dll
 0004:00000064       __IMPORT_DESCRIPTOR_MSVCP71D 00416064     msvcprtd:MSVCP71D.dll
 0004:00000078       __IMPORT_DESCRIPTOR_MSVCR71D 00416078     MSVCRTD:MSVCR71D.dll
 0004:0000008c       __NULL_IMPORT_DESCRIPTOR   0041608c     kernel32:KERNEL32.dll
 0004:000004fc       __imp__MultiByteToWideChar@24 004164fc     kernel32:KERNEL32.dll
 0004:00000500       __imp__GetModuleFileNameA@12 00416500     kernel32:KERNEL32.dll
 0004:00000504       __imp__DeleteFileA@4       00416504     kernel32:KERNEL32.dll
 0004:00000508       __imp__GetTickCount@0      00416508     kernel32:KERNEL32.dll
 0004:0000050c       __imp__CloseHandle@4       0041650c     kernel32:KERNEL32.dll
 0004:00000510       __imp__CreateThread@24     00416510     kernel32:KERNEL32.dll
 0004:00000514       __imp__GetFileSize@8       00416514     kernel32:KERNEL32.dll
 0004:00000518       __imp__CreateFileA@28      00416518     kernel32:KERNEL32.dll
 0004:0000051c       __imp__GetCurrentProcess@0 0041651c     kernel32:KERNEL32.dll
 0004:00000520       __imp__GetProcessHeap@0    00416520     kernel32:KERNEL32.dll
 0004:00000524       __imp__HeapAlloc@12        00416524     kernel32:KERNEL32.dll
 0004:00000528       __imp__HeapFree@12         00416528     kernel32:KERNEL32.dll
 0004:0000052c       __imp__LoadLibraryA@4      0041652c     kernel32:KERNEL32.dll
 0004:00000530       __imp__GetProcAddress@8    00416530     kernel32:KERNEL32.dll
 0004:00000534       __imp__GetVersionExA@4     00416534     kernel32:KERNEL32.dll
 0004:00000538       __imp__RaiseException@16   00416538     kernel32:KERNEL32.dll
 0004:0000053c       __imp__DebugBreak@0        0041653c     kernel32:KERNEL32.dll
 0004:00000540       __imp__GetSystemTimeAsFileTime@4 00416540     kernel32:KERNEL32.dll
 0004:00000544       __imp__GetCurrentProcessId@0 00416544     kernel32:KERNEL32.dll
 0004:00000548       __imp__GetCurrentThreadId@0 00416548     kernel32:KERNEL32.dll
 0004:0000054c       __imp__QueryPerformanceCounter@4 0041654c     kernel32:KERNEL32.dll
 0004:00000550       __imp__GetStartupInfoA@4   00416550     kernel32:KERNEL32.dll
 0004:00000554       __imp__GetModuleHandleA@4  00416554     kernel32:KERNEL32.dll
 0004:00000558       __imp__ExitProcess@4       00416558     kernel32:KERNEL32.dll
 0004:0000055c       __imp__FreeLibrary@4       0041655c     kernel32:KERNEL32.dll
 0004:00000560       \177KERNEL32_NULL_THUNK_DATA 00416560     kernel32:KERNEL32.dll
 0004:000005a0       __imp_?erase@?$basic_string@GU?$char_traits@G@std@@V?$allocator@G@2@@std@@QAEAAV12@II@Z 004165a0     msvcprtd:MSVCP71D.dll
 0004:000005a4       __imp_?_Osfx@?$basic_ostream@GU?$char_traits@G@std@@@std@@QAEXXZ 004165a4     msvcprtd:MSVCP71D.dll
 0004:000005a8       __imp_?tie@?$basic_ios@GU?$char_traits@G@std@@@std@@QBEPAV?$basic_ostream@GU?$char_traits@G@std@@@2@XZ 004165a8     msvcprtd:MSVCP71D.dll
 0004:000005ac       __imp_?flush@?$basic_ostream@GU?$char_traits@G@std@@@std@@QAEAAV12@XZ 004165ac     msvcprtd:MSVCP71D.dll
 0004:000005b0       __imp_??1?$basic_string@DU?$char_traits@D@std@@V?$allocator@D@2@@std@@QAE@XZ 004165b0     msvcprtd:MSVCP71D.dll
 0004:000005b4       __imp_?push_back@?$basic_string@DU?$char_traits@D@std@@V?$allocator@D@2@@std@@QAEXD@Z 004165b4     msvcprtd:MSVCP71D.dll
 0004:000005b8       __imp_??0?$basic_string@DU?$char_traits@D@std@@V?$allocator@D@2@@std@@QAE@XZ 004165b8     msvcprtd:MSVCP71D.dll
 0004:000005bc       __imp_??4?$basic_string@DU?$char_traits@D@std@@V?$allocator@D@2@@std@@QAEAAV01@ABV01@@Z 004165bc     msvcprtd:MSVCP71D.dll
 0004:000005c0       __imp_?c_str@?$basic_string@DU?$char_traits@D@std@@V?$allocator@D@2@@std@@QBEPBDXZ 004165c0     msvcprtd:MSVCP71D.dll
 0004:000005c4       __imp_??Y?$basic_string@DU?$char_traits@D@std@@V?$allocator@D@2@@std@@QAEAAV01@PBD@Z 004165c4     msvcprtd:MSVCP71D.dll
 0004:000005c8       __imp_??4?$basic_string@DU?$char_traits@D@std@@V?$allocator@D@2@@std@@QAEAAV01@PBD@Z 004165c8     msvcprtd:MSVCP71D.dll
 0004:000005cc       __imp_??0?$basic_string@DU?$char_traits@D@std@@V?$allocator@D@2@@std@@QAE@PBD@Z 004165cc     msvcprtd:MSVCP71D.dll
 0004:000005d0       __imp_?size@?$basic_string@DU?$char_traits@D@std@@V?$allocator@D@2@@std@@QBEIXZ 004165d0     msvcprtd:MSVCP71D.dll
 0004:000005d4       __imp_??$?8DU?$char_traits@D@std@@V?$allocator@D@1@@std@@YA_NABV?$basic_string@DU?$char_traits@D@std@@V?$allocator@D@2@@0@0@Z 004165d4     msvcprtd:MSVCP71D.dll
 0004:000005d8       __imp_??Y?$basic_string@DU?$char_traits@D@std@@V?$allocator@D@2@@std@@QAEAAV01@ABV01@@Z 004165d8     msvcprtd:MSVCP71D.dll
 0004:000005dc       __imp_??0?$basic_string@DU?$char_traits@D@std@@V?$allocator@D@2@@std@@QAE@ABV01@@Z 004165dc     msvcprtd:MSVCP71D.dll
 0004:000005e0       __imp_??0?$basic_string@DU?$char_traits@D@std@@V?$allocator@D@2@@std@@QAE@ID@Z 004165e0     msvcprtd:MSVCP71D.dll
 0004:000005e4       __imp_??Y?$basic_string@DU?$char_traits@D@std@@V?$allocator@D@2@@std@@QAEAAV01@D@Z 004165e4     msvcprtd:MSVCP71D.dll
 0004:000005e8       __imp_??1?$basic_string@GU?$char_traits@G@std@@V?$allocator@G@2@@std@@QAE@XZ 004165e8     msvcprtd:MSVCP71D.dll
 0004:000005ec       __imp_??Y?$basic_string@GU?$char_traits@G@std@@V?$allocator@G@2@@std@@QAEAAV01@ABV01@@Z 004165ec     msvcprtd:MSVCP71D.dll
 0004:000005f0       __imp_??0?$basic_string@GU?$char_traits@G@std@@V?$allocator@G@2@@std@@QAE@ABV01@@Z 004165f0     msvcprtd:MSVCP71D.dll
 0004:000005f4       __imp_??0?$basic_string@GU?$char_traits@G@std@@V?$allocator@G@2@@std@@QAE@PBG@Z 004165f4     msvcprtd:MSVCP71D.dll
 0004:000005f8       __imp_??0?$basic_string@GU?$char_traits@G@std@@V?$allocator@G@2@@std@@QAE@IG@Z 004165f8     msvcprtd:MSVCP71D.dll
 0004:000005fc       __imp_??Y?$basic_string@GU?$char_traits@G@std@@V?$allocator@G@2@@std@@QAEAAV01@PBG@Z 004165fc     msvcprtd:MSVCP71D.dll
 0004:00000600       __imp_??Y?$basic_string@GU?$char_traits@G@std@@V?$allocator@G@2@@std@@QAEAAV01@G@Z 00416600     msvcprtd:MSVCP71D.dll
 0004:00000604       __imp_?width@ios_base@std@@QAEHH@Z 00416604     msvcprtd:MSVCP71D.dll
 0004:00000608       __imp_?setstate@?$basic_ios@DU?$char_traits@D@std@@@std@@QAEXH_N@Z 00416608     msvcprtd:MSVCP71D.dll
 0004:0000060c       __imp_?append@?$basic_string@DU?$char_traits@D@std@@V?$allocator@D@2@@std@@QAEAAV12@ID@Z 0041660c     msvcprtd:MSVCP71D.dll
 0004:00000610       __imp_?is@?$ctype@D@std@@QBE_NFD@Z 00416610     msvcprtd:MSVCP71D.dll
 0004:00000614       __imp_?to_char_type@?$char_traits@D@std@@SADABH@Z 00416614     msvcprtd:MSVCP71D.dll
 0004:00000618       __imp_?eq_int_type@?$char_traits@D@std@@SA_NABH0@Z 00416618     msvcprtd:MSVCP71D.dll
 0004:0000061c       __imp_?eof@?$char_traits@D@std@@SAHXZ 0041661c     msvcprtd:MSVCP71D.dll
 0004:00000620       __imp_?snextc@?$basic_streambuf@DU?$char_traits@D@std@@@std@@QAEHXZ 00416620     msvcprtd:MSVCP71D.dll
 0004:00000624       __imp_?sgetc@?$basic_streambuf@DU?$char_traits@D@std@@@std@@QAEHXZ 00416624     msvcprtd:MSVCP71D.dll
 0004:00000628       __imp_?rdbuf@?$basic_ios@DU?$char_traits@D@std@@@std@@QBEPAV?$basic_streambuf@DU?$char_traits@D@std@@@2@XZ 00416628     msvcprtd:MSVCP71D.dll
 0004:0000062c       __imp_?max_size@?$basic_string@DU?$char_traits@D@std@@V?$allocator@D@2@@std@@QBEIXZ 0041662c     msvcprtd:MSVCP71D.dll
 0004:00000630       __imp_?width@ios_base@std@@QBEHXZ 00416630     msvcprtd:MSVCP71D.dll
 0004:00000634       __imp_?erase@?$basic_string@DU?$char_traits@D@std@@V?$allocator@D@2@@std@@QAEAAV12@II@Z 00416634     msvcprtd:MSVCP71D.dll
 0004:00000638       __imp_?npos@?$basic_string@DU?$char_traits@D@std@@V?$allocator@D@2@@std@@2IB 00416638     msvcprtd:MSVCP71D.dll
 0004:0000063c       __imp_??1locale@std@@QAE@XZ 0041663c     msvcprtd:MSVCP71D.dll
 0004:00000640       __imp_?getloc@ios_base@std@@QBE?AVlocale@2@XZ 00416640     msvcprtd:MSVCP71D.dll
 0004:00000644       __imp_?_Ipfx@?$basic_istream@DU?$char_traits@D@std@@@std@@QAE_N_N@Z 00416644     msvcprtd:MSVCP71D.dll
 0004:00000648       __imp_?_Unlock@?$basic_streambuf@DU?$char_traits@D@std@@@std@@QAEXXZ 00416648     msvcprtd:MSVCP71D.dll
 0004:0000064c       __imp_?_Lock@?$basic_streambuf@DU?$char_traits@D@std@@@std@@QAEXXZ 0041664c     msvcprtd:MSVCP71D.dll
 0004:00000650       __imp_??1_Lockit@std@@QAE@XZ 00416650     msvcprtd:MSVCP71D.dll
 0004:00000654       __imp_?_Register@facet@locale@std@@QAEXXZ 00416654     msvcprtd:MSVCP71D.dll
 0004:00000658       __imp_?_Incref@facet@locale@std@@QAEXXZ 00416658     msvcprtd:MSVCP71D.dll
 0004:0000065c       __imp_?_Getcat@?$ctype@D@std@@SAIPAPBVfacet@locale@2@@Z 0041665c     msvcprtd:MSVCP71D.dll
 0004:00000660       __imp_?_Getfacet@locale@std@@QBEPBVfacet@12@I@Z 00416660     msvcprtd:MSVCP71D.dll
 0004:00000664       __imp_??Bid@locale@std@@QAEIXZ 00416664     msvcprtd:MSVCP71D.dll
 0004:00000668       __imp_?id@?$ctype@D@std@@2V0locale@2@A 00416668     msvcprtd:MSVCP71D.dll
 0004:0000066c       __imp_??0_Lockit@std@@QAE@H@Z 0041666c     msvcprtd:MSVCP71D.dll
 0004:00000670       __imp_?widen@?$basic_ios@DU?$char_traits@D@std@@@std@@QBEDD@Z 00416670     msvcprtd:MSVCP71D.dll
 0004:00000674       __imp_?sbumpc@?$basic_streambuf@DU?$char_traits@D@std@@@std@@QAEHXZ 00416674     msvcprtd:MSVCP71D.dll
 0004:00000678       __imp_?to_int_type@?$char_traits@D@std@@SAHABD@Z 00416678     msvcprtd:MSVCP71D.dll
 0004:0000067c       __imp_??A?$basic_string@DU?$char_traits@D@std@@V?$allocator@D@2@@std@@QBEABDI@Z 0041667c     msvcprtd:MSVCP71D.dll
 0004:00000680       __imp_?sputc@?$basic_streambuf@DU?$char_traits@D@std@@@std@@QAEHD@Z 00416680     msvcprtd:MSVCP71D.dll
 0004:00000684       __imp_?fill@?$basic_ios@DU?$char_traits@D@std@@@std@@QBEDXZ 00416684     msvcprtd:MSVCP71D.dll
 0004:00000688       __imp_?flags@ios_base@std@@QBEHXZ 00416688     msvcprtd:MSVCP71D.dll
 0004:0000068c       __imp_?flush@?$basic_ostream@DU?$char_traits@D@std@@@std@@QAEAAV12@XZ 0041668c     msvcprtd:MSVCP71D.dll
 0004:00000690       __imp_?tie@?$basic_ios@DU?$char_traits@D@std@@@std@@QBEPAV?$basic_ostream@DU?$char_traits@D@std@@@2@XZ 00416690     msvcprtd:MSVCP71D.dll
 0004:00000694       __imp_?fill@?$basic_ios@GU?$char_traits@G@std@@@std@@QBEGXZ 00416694     msvcprtd:MSVCP71D.dll
 0004:00000698       __imp_?_Osfx@?$basic_ostream@DU?$char_traits@D@std@@@std@@QAEXXZ 00416698     msvcprtd:MSVCP71D.dll
 0004:0000069c       __imp_?uncaught_exception@std@@YA_NXZ 0041669c     msvcprtd:MSVCP71D.dll
 0004:000006a0       __imp_?setstate@?$basic_ios@GU?$char_traits@G@std@@@std@@QAEXH_N@Z 004166a0     msvcprtd:MSVCP71D.dll
 0004:000006a4       __imp_?append@?$basic_string@GU?$char_traits@G@std@@V?$allocator@G@2@@std@@QAEAAV12@IG@Z 004166a4     msvcprtd:MSVCP71D.dll
 0004:000006a8       __imp_?is@?$ctype@G@std@@QBE_NFG@Z 004166a8     msvcprtd:MSVCP71D.dll
 0004:000006ac       __imp_?to_char_type@?$char_traits@G@std@@SAGABG@Z 004166ac     msvcprtd:MSVCP71D.dll
 0004:000006b0       __imp_?eq_int_type@?$char_traits@G@std@@SA_NABG0@Z 004166b0     msvcprtd:MSVCP71D.dll
 0004:000006b4       __imp_?eof@?$char_traits@G@std@@SAGXZ 004166b4     msvcprtd:MSVCP71D.dll
 0004:000006b8       __imp_?snextc@?$basic_streambuf@GU?$char_traits@G@std@@@std@@QAEGXZ 004166b8     msvcprtd:MSVCP71D.dll
 0004:000006bc       __imp_?sgetc@?$basic_streambuf@GU?$char_traits@G@std@@@std@@QAEGXZ 004166bc     msvcprtd:MSVCP71D.dll
 0004:000006c0       __imp_?rdbuf@?$basic_ios@GU?$char_traits@G@std@@@std@@QBEPAV?$basic_streambuf@GU?$char_traits@G@std@@@2@XZ 004166c0     msvcprtd:MSVCP71D.dll
 0004:000006c4       __imp_?max_size@?$basic_string@GU?$char_traits@G@std@@V?$allocator@G@2@@std@@QBEIXZ 004166c4     msvcprtd:MSVCP71D.dll
 0004:000006c8       __imp_?good@ios_base@std@@QBE_NXZ 004166c8     msvcprtd:MSVCP71D.dll
 0004:000006cc       __imp_?npos@?$basic_string@GU?$char_traits@G@std@@V?$allocator@G@2@@std@@2IB 004166cc     msvcprtd:MSVCP71D.dll
 0004:000006d0       __imp_?_Ipfx@?$basic_istream@GU?$char_traits@G@std@@@std@@QAE_N_N@Z 004166d0     msvcprtd:MSVCP71D.dll
 0004:000006d4       __imp_?_Unlock@?$basic_streambuf@GU?$char_traits@G@std@@@std@@QAEXXZ 004166d4     msvcprtd:MSVCP71D.dll
 0004:000006d8       __imp_?_Lock@?$basic_streambuf@GU?$char_traits@G@std@@@std@@QAEXXZ 004166d8     msvcprtd:MSVCP71D.dll
 0004:000006dc       __imp_?_Getcat@?$ctype@G@std@@SAIPAPBVfacet@locale@2@@Z 004166dc     msvcprtd:MSVCP71D.dll
 0004:000006e0       __imp_?id@?$ctype@G@std@@2V0locale@2@A 004166e0     msvcprtd:MSVCP71D.dll
 0004:000006e4       __imp_?widen@?$basic_ios@GU?$char_traits@G@std@@@std@@QBEGD@Z 004166e4     msvcprtd:MSVCP71D.dll
 0004:000006e8       __imp_?size@?$basic_string@GU?$char_traits@G@std@@V?$allocator@G@2@@std@@QBEIXZ 004166e8     msvcprtd:MSVCP71D.dll
 0004:000006ec       __imp_?sbumpc@?$basic_streambuf@GU?$char_traits@G@std@@@std@@QAEGXZ 004166ec     msvcprtd:MSVCP71D.dll
 0004:000006f0       __imp_?to_int_type@?$char_traits@G@std@@SAGABG@Z 004166f0     msvcprtd:MSVCP71D.dll
 0004:000006f4       __imp_??A?$basic_string@GU?$char_traits@G@std@@V?$allocator@G@2@@std@@QBEABGI@Z 004166f4     msvcprtd:MSVCP71D.dll
 0004:000006f8       __imp_?sputc@?$basic_streambuf@GU?$char_traits@G@std@@@std@@QAEGG@Z 004166f8     msvcprtd:MSVCP71D.dll
 0004:000006fc       \177MSVCP71D_NULL_THUNK_DATA 004166fc     msvcprtd:MSVCP71D.dll
 0004:0000076c       __imp___cexit              0041676c     MSVCRTD:MSVCR71D.dll
 0004:00000770       __imp____set_app_type      00416770     MSVCRTD:MSVCR71D.dll
 0004:00000774       __imp____p__fmode          00416774     MSVCRTD:MSVCR71D.dll
 0004:00000778       __imp___controlfp          00416778     MSVCRTD:MSVCR71D.dll
 0004:0000077c       __imp_?terminate@@YAXXZ    0041677c     MSVCRTD:MSVCR71D.dll
 0004:00000780       __imp__strlen              00416780     MSVCRTD:MSVCR71D.dll
 0004:00000784       __imp____CxxFrameHandler   00416784     MSVCRTD:MSVCR71D.dll
 0004:00000788       __imp___purecall           00416788     MSVCRTD:MSVCR71D.dll
 0004:0000078c       __imp_??3@YAXPAX@Z         0041678c     MSVCRTD:MSVCR71D.dll
 0004:00000790       __imp___splitpath          00416790     MSVCRTD:MSVCR71D.dll
 0004:00000794       __imp__sprintf             00416794     MSVCRTD:MSVCR71D.dll
 0004:00000798       __imp__memset              00416798     MSVCRTD:MSVCR71D.dll
 0004:0000079c       __imp___access             0041679c     MSVCRTD:MSVCR71D.dll
 0004:000007a0       __imp___CrtDbgReport       004167a0     MSVCRTD:MSVCR71D.dll
 0004:000007a4       __imp_??0exception@@QAE@ABV0@@Z 004167a4     MSVCRTD:MSVCR71D.dll
 0004:000007a8       __imp_??0bad_cast@@QAE@ABV0@@Z 004167a8     MSVCRTD:MSVCR71D.dll
 0004:000007ac       __imp_??1bad_cast@@UAE@XZ  004167ac     MSVCRTD:MSVCR71D.dll
 0004:000007b0       __imp_??0bad_cast@@QAE@PBD@Z 004167b0     MSVCRTD:MSVCR71D.dll
 0004:000007b4       __imp___CxxThrowException@8 004167b4     MSVCRTD:MSVCR71D.dll
 0004:000007b8       __imp__fclose              004167b8     MSVCRTD:MSVCR71D.dll
 0004:000007bc       __imp__fread               004167bc     MSVCRTD:MSVCR71D.dll
 0004:000007c0       __imp__fopen               004167c0     MSVCRTD:MSVCR71D.dll
 0004:000007c4       __imp____security_error_handler 004167c4     MSVCRTD:MSVCR71D.dll
 0004:000007c8       __imp___except_handler3    004167c8     MSVCRTD:MSVCR71D.dll
 0004:000007cc       __imp___CRT_RTC_INIT       004167cc     MSVCRTD:MSVCR71D.dll
 0004:000007d0       __imp____dllonexit         004167d0     MSVCRTD:MSVCR71D.dll
 0004:000007d4       __imp___onexit             004167d4     MSVCRTD:MSVCR71D.dll
 0004:000007d8       __imp_??1type_info@@UAE@XZ 004167d8     MSVCRTD:MSVCR71D.dll
 0004:000007dc       __imp___c_exit             004167dc     MSVCRTD:MSVCR71D.dll
 0004:000007e0       __imp___exit               004167e0     MSVCRTD:MSVCR71D.dll
 0004:000007e4       __imp___XcptFilter         004167e4     MSVCRTD:MSVCR71D.dll
 0004:000007e8       __imp____p__commode        004167e8     MSVCRTD:MSVCR71D.dll
 0004:000007ec       __imp__exit                004167ec     MSVCRTD:MSVCR71D.dll
 0004:000007f0       __imp___ismbblead          004167f0     MSVCRTD:MSVCR71D.dll
 0004:000007f4       __imp___acmdln             004167f4     MSVCRTD:MSVCR71D.dll
 0004:000007f8       __imp___amsg_exit          004167f8     MSVCRTD:MSVCR71D.dll
 0004:000007fc       __imp____getmainargs       004167fc     MSVCRTD:MSVCR71D.dll
 0004:00000800       __imp___initterm           00416800     MSVCRTD:MSVCR71D.dll
 0004:00000804       __imp____setusermatherr    00416804     MSVCRTD:MSVCR71D.dll
 0004:00000808       __imp___adjust_fdiv        00416808     MSVCRTD:MSVCR71D.dll
 0004:0000080c       \177MSVCR71D_NULL_THUNK_DATA 0041680c     MSVCRTD:MSVCR71D.dll
 0004:00000858       __imp__SHGetMalloc@4       00416858     shell32:SHELL32.dll
 0004:0000085c       __imp__SHGetPathFromIDListA@8 0041685c     shell32:SHELL32.dll
 0004:00000860       __imp__SHGetSpecialFolderLocation@12 00416860     shell32:SHELL32.dll
 0004:00000864       \177SHELL32_NULL_THUNK_DATA 00416864     shell32:SHELL32.dll
 0004:00000890       __imp__DialogBoxParamA@20  00416890     user32:USER32.dll
 0004:00000894       __imp__SetWindowTextA@8    00416894     user32:USER32.dll
 0004:00000898       __imp__GetDlgItemTextA@16  00416898     user32:USER32.dll
 0004:0000089c       __imp__PostMessageA@16     0041689c     user32:USER32.dll
 0004:000008a0       __imp__SetDlgItemTextA@12  004168a0     user32:USER32.dll
 0004:000008a4       __imp__EnableWindow@8      004168a4     user32:USER32.dll
 0004:000008a8       __imp__GetDlgItem@8        004168a8     user32:USER32.dll
 0004:000008ac       __imp__SendMessageA@16     004168ac     user32:USER32.dll
 0004:000008b0       __imp__LoadIconA@8         004168b0     user32:USER32.dll
 0004:000008b4       __imp__MessageBoxA@16      004168b4     user32:USER32.dll
 0004:000008b8       __imp__PostQuitMessage@4   004168b8     user32:USER32.dll
 0004:000008bc       \177USER32_NULL_THUNK_DATA 004168bc     user32:USER32.dll
 0004:000008f0       __imp__GetOpenFileNameA@4  004168f0     comdlg32:comdlg32.dll
 0004:000008f4       \177comdlg32_NULL_THUNK_DATA 004168f4     comdlg32:comdlg32.dll
 0004:00000920       __imp__CoCreateInstance@20 00416920     ole32:ole32.dll
 0004:00000924       __imp__CoInitialize@4      00416924     ole32:ole32.dll
 0004:00000928       __imp__CoUninitialize@0    00416928     ole32:ole32.dll
 0004:0000092c       \177ole32_NULL_THUNK_DATA  0041692c     ole32:ole32.dll

 entry point at        0001:00008b20

