 ZMDChecker

 Timestamp is 41bd7eee (Mon Dec 13 20:37:18 2004)

 Preferred load address is 00400000

 Start         Length     Name                   Class
 0001:00000000 0000b344H .text                   CODE
 0001:0000b350 00000186H .text$x                 CODE
 0001:0000b4e0 0000001dH .text$yc                CODE
 0001:0000b500 00000044H .text$yd                CODE
 0002:00000000 0000017cH .idata$5                DATA
 0002:00000180 00001688H .rdata                  DATA
 0002:00001808 0000004dH .rdata$debug            DATA
 0002:00001858 000001b0H .rdata$r                DATA
 0002:00001a10 00000040H .rdata$sxdata           DATA
 0002:00001a50 00000004H .rtc$IAA                DATA
 0002:00001a54 00000004H .rtc$IZZ                DATA
 0002:00001a58 00000004H .rtc$TAA                DATA
 0002:00001a5c 00000004H .rtc$TZZ                DATA
 0002:00001a60 00000408H .xdata$x                DATA
 0002:00001e68 00000064H .idata$2                DATA
 0002:00001ecc 00000014H .idata$3                DATA
 0002:00001ee0 0000017cH .idata$4                DATA
 0002:0000205c 00000676H .idata$6                DATA
 0002:000026d2 00000000H .edata                  DATA
 0003:00000000 00000004H .CRT$XCA                DATA
 0003:00000004 00000004H .CRT$XCAA               DATA
 0003:00000008 00000004H .CRT$XCU                DATA
 0003:0000000c 00000004H .CRT$XCZ                DATA
 0003:00000010 00000004H .CRT$XIA                DATA
 0003:00000014 0000000cH .CRT$XIC                DATA
 0003:00000020 00000004H .CRT$XIY                DATA
 0003:00000024 00000004H .CRT$XIZ                DATA
 0003:00000028 00000004H .CRT$XPA                DATA
 0003:0000002c 00000004H .CRT$XPX                DATA
 0003:00000030 00000004H .CRT$XPZ                DATA
 0003:00000034 00000004H .CRT$XTA                DATA
 0003:00000038 00000004H .CRT$XTB                DATA
 0003:0000003c 00000004H .CRT$XTZ                DATA
 0003:00000040 00000dc0H .data                   DATA
 0003:00000e00 000018e4H .bss                    DATA
 0004:00000000 000002f8H .rsrc$01                DATA
 0004:00000300 00006cd0H .rsrc$02                DATA

  Address         Publics by Value              Rva+Base     Lib:Object

 0000:00000000       __except_list              00000000     <absolute>
 0000:00000010       ___safe_se_handler_count   00000010     <absolute>
 0001:00000000       ?_Tidy@?$basic_string@DU?$char_traits@D@std@@V?$allocator@D@2@@std@@IAEX_NI@Z 00401000 f i main.obj
 0001:00000060       ?erase@?$basic_string@DU?$char_traits@D@std@@V?$allocator@D@2@@std@@QAEAAV12@II@Z 00401060 f i main.obj
 0001:000000e0       ?_Copy@?$basic_string@DU?$char_traits@D@std@@V?$allocator@D@2@@std@@IAEXII@Z 004010e0 f i main.obj
 0001:00000220       ?insert@?$basic_string@DU?$char_traits@D@std@@V?$allocator@D@2@@std@@QAEAAV12@IID@Z 00401220 f i main.obj
 0001:00000340       ?assign@?$basic_string@DU?$char_traits@D@std@@V?$allocator@D@2@@std@@QAEAAV12@ABV12@II@Z 00401340 f i main.obj
 0001:00000430       _WinMain@16                00401430 f   main.obj
 0001:00000550       ??1IHashProgressListener@FileHash@@UAE@XZ 00401550 f i md5Checker.obj
 0001:00000560       ??_GIHashProgressListener@FileHash@@UAEPAXI@Z 00401560 f i md5Checker.obj
 0001:00000560       ??_EIHashProgressListener@FileHash@@UAEPAXI@Z 00401560 f i md5Checker.obj
 0001:00000580       ?CreateLink@@YAJPBD00@Z    00401580 f   md5Checker.obj
 0001:00000650       ?EnableStartButton@ZMD5Checker@@AAEXXZ 00401650 f   md5Checker.obj
 0001:00000690       ?EnableStopButton@ZMD5Checker@@AAEXXZ 00401690 f   md5Checker.obj
 0001:000006d0       ?OnProgress@ZMD5Checker@@UAEXH@Z 004016d0 f   md5Checker.obj
 0001:00000790       ?compare@?$basic_string@DU?$char_traits@D@std@@V?$allocator@D@2@@std@@QBEHIIPBDI@Z 00401790 f i md5Checker.obj
 0001:00000810       ?SetWindowTitle@ZMD5Checker@@AAEXXZ 00401810 f   md5Checker.obj
 0001:00000940       ?StartFromInitFilename@ZMD5Checker@@AAEXXZ 00401940 f   md5Checker.obj
 0001:00000980       ?GetMD5SUMFile@ZMD5Checker@@QAEXXZ 00401980 f   md5Checker.obj
 0001:00000a40       ?ShowMsg@ZMD5Checker@@QAEXABV?$basic_string@DU?$char_traits@D@std@@V?$allocator@D@2@@std@@@Z 00401a40 f   md5Checker.obj
 0001:00000a70       ??$?8DU?$char_traits@D@std@@V?$allocator@D@1@@std@@YA_NABV?$basic_string@DU?$char_traits@D@std@@V?$allocator@D@2@@0@0@Z 00401a70 f i md5Checker.obj
 0001:00000aa0       ??1ZMD5Checker@@UAE@XZ     00401aa0 f i md5Checker.obj
 0001:00000b10       ??_EZMD5Checker@@UAEPAXI@Z 00401b10 f i md5Checker.obj
 0001:00000b10       ??_GZMD5Checker@@UAEPAXI@Z 00401b10 f i md5Checker.obj
 0001:00000b30       ??0ZMD5Checker@@AAE@XZ     00401b30 f   md5Checker.obj
 0001:00000b90       ?append@?$basic_string@DU?$char_traits@D@std@@V?$allocator@D@2@@std@@QAEAAV12@ABV12@II@Z 00401b90 f i md5Checker.obj
 0001:00000c80       ?assign@?$basic_string@DU?$char_traits@D@std@@V?$allocator@D@2@@std@@QAEAAV12@PBDI@Z 00401c80 f i md5Checker.obj
 0001:00000d70       ?getInstance@ZMD5Checker@@SAAAV1@XZ 00401d70 f   md5Checker.obj
 0001:00000dd0       ?append@?$basic_string@DU?$char_traits@D@std@@V?$allocator@D@2@@std@@QAEAAV12@PBDI@Z 00401dd0 f i md5Checker.obj
 0001:00000ee0       ??0?$basic_string@DU?$char_traits@D@std@@V?$allocator@D@2@@std@@QAE@PBD@Z 00401ee0 f i md5Checker.obj
 0001:00000f20       ?CheckSameStringMD5SUM@ZMD5Checker@@AAEXXZ 00401f20 f   md5Checker.obj
 0001:00001250       ?Execute@ZMD5Checker@@QAEXXZ 00402250 f   md5Checker.obj
 0001:00001390       ?ThreadFunc@ZMD5Checker@@SGKPAX@Z 00402390 f   md5Checker.obj
 0001:000013e0       ?RunThread@ZMD5Checker@@QAEXXZ 004023e0 f   md5Checker.obj
 0001:00001400       ?GetSpecialFolder@@YAHIAAV?$basic_string@DU?$char_traits@D@std@@V?$allocator@D@2@@std@@@Z 00402400 f   md5Checker.obj
 0001:000014d0       ?MakeSendToShortcut@ZMD5Checker@@AAEXXZ 004024d0 f   md5Checker.obj
 0001:00001600       ?DeleteSendToShortcut@ZMD5Checker@@AAEXXZ 00402600 f   md5Checker.obj
 0001:00001760       ?WndProc@ZMD5Checker@@SGHPAUHWND__@@IIJ@Z 00402760 f   md5Checker.obj
 0001:00001990       ?MD5Transform@CMD5@FileHash@@AAEXPAKPAE@Z 00402990 f   md5class.obj
 0001:00002280       ?MD5Update@CMD5@FileHash@@AAEXPAUMD5_CTX@2@PAEI@Z 00403280 f   md5class.obj
 0001:00002350       ??0CMD5@FileHash@@QAE@XZ   00403350 f   md5class.obj
 0001:00002380       ?InsertString@CMD5@FileHash@@QAEXPAEH@Z 00403380 f   md5class.obj
 0001:000023a0       ?MD5Final@CMD5@FileHash@@AAEXPAEPAUMD5_CTX@2@@Z 004033a0 f   md5class.obj
 0001:00002470       ?GetHashResult@CMD5@FileHash@@QAEXPAE@Z 00403470 f   md5class.obj
 0001:00002480       ??0ZFileHash@FileHash@@QAE@XZ 00403480 f   ZFileHash.obj
 0001:00002490       ??1CMD5@FileHash@@QAE@XZ   00403490 f   md5class.obj
 0001:00002490       ??1ZFileHash@FileHash@@QAE@XZ 00403490 f   ZFileHash.obj
 0001:000024a0       ??0FileHashException@FileHash@@QAE@ABV?$basic_string@DU?$char_traits@D@std@@V?$allocator@D@2@@std@@@Z 004034a0 f i ZFileHash.obj
 0001:000024a0       ??0HashStopException@FileHash@@QAE@ABV?$basic_string@DU?$char_traits@D@std@@V?$allocator@D@2@@std@@@Z 004034a0 f i ZFileHash.obj
 0001:00002500       ?MDPrint@ZFileHash@FileHash@@AAE?AV?$basic_string@DU?$char_traits@D@std@@V?$allocator@D@2@@std@@PAE@Z 00403500 f   ZFileHash.obj
 0001:000025f0       ?MDFile@ZFileHash@FileHash@@AAE?AV?$basic_string@DU?$char_traits@D@std@@V?$allocator@D@2@@std@@PBDPAVIHashProgressListener@2@@Z 004035f0 f   ZFileHash.obj
 0001:00002930       ??1FileHashException@FileHash@@QAE@XZ 00403930 f i ZFileHash.obj
 0001:00002930       ??1HashStopException@FileHash@@QAE@XZ 00403930 f i ZFileHash.obj
 0001:00002930       ??1?$basic_string@DU?$char_traits@D@std@@V?$allocator@D@2@@std@@QAE@XZ 00403930 f i main.obj
 0001:00002960       ??0HashStopException@FileHash@@QAE@ABV01@@Z 00403960 f i ZFileHash.obj
 0001:00002960       ??0FileHashException@FileHash@@QAE@ABV01@@Z 00403960 f i ZFileHash.obj
 0001:00002960       ??0?$basic_string@DU?$char_traits@D@std@@V?$allocator@D@2@@std@@QAE@ABV01@@Z 00403960 f i ZFileHash.obj
 0001:00002990       ?GetHashStringFromFile@ZFileHash@FileHash@@QAE?AV?$basic_string@DU?$char_traits@D@std@@V?$allocator@D@2@@std@@ABV34@PAVIHashProgressListener@2@@Z 00403990 f   ZFileHash.obj
 0001:00002ab2       ??2@YAPAXI@Z               00403ab2 f   libcpmt:newop.obj
 0001:00002ad6       ??0logic_error@std@@QAE@ABV?$basic_string@DU?$char_traits@D@std@@V?$allocator@D@2@@1@@Z 00403ad6 f i libcpmt:string.obj
 0001:00002b12       ?what@logic_error@std@@UBEPBDXZ 00403b12 f i libcpmt:string.obj
 0001:00002b20       ??1logic_error@std@@UAE@XZ 00403b20 f i libcpmt:string.obj
 0001:00002b3d       ??_Elogic_error@std@@UAEPAXI@Z 00403b3d f i libcpmt:string.obj
 0001:00002b3d       ??_Glogic_error@std@@UAEPAXI@Z 00403b3d f i libcpmt:string.obj
 0001:00002b59       ??_Glength_error@std@@UAEPAXI@Z 00403b59 f i libcpmt:string.obj
 0001:00002b59       ??_Elength_error@std@@UAEPAXI@Z 00403b59 f i libcpmt:string.obj
 0001:00002b75       ??1length_error@std@@UAE@XZ 00403b75 f i libcpmt:string.obj
 0001:00002b80       ??_Gout_of_range@std@@UAEPAXI@Z 00403b80 f i libcpmt:string.obj
 0001:00002b80       ??_Eout_of_range@std@@UAEPAXI@Z 00403b80 f i libcpmt:string.obj
 0001:00002b9c       ??1out_of_range@std@@UAE@XZ 00403b9c f i libcpmt:string.obj
 0001:00002ba7       ?_Xran@_String_base@std@@QBEXXZ 00403ba7 f   libcpmt:string.obj
 0001:00002be7       ??0logic_error@std@@QAE@ABV01@@Z 00403be7 f i libcpmt:string.obj
 0001:00002c2a       ??0out_of_range@std@@QAE@ABV01@@Z 00403c2a f i libcpmt:string.obj
 0001:00002c42       ?_Xlen@_String_base@std@@QBEXXZ 00403c42 f   libcpmt:string.obj
 0001:00002c82       ??0length_error@std@@QAE@ABV01@@Z 00403c82 f i libcpmt:string.obj
 0001:00002c9a       ??1bad_alloc@std@@UAE@XZ   00403c9a f i libcpmt:nomemory.obj
 0001:00002ca5       ??_Gbad_alloc@std@@UAEPAXI@Z 00403ca5 f i libcpmt:nomemory.obj
 0001:00002ca5       ??_Ebad_alloc@std@@UAEPAXI@Z 00403ca5 f i libcpmt:nomemory.obj
 0001:00002cc1       ??0bad_alloc@std@@QAE@ABV01@@Z 00403cc1 f i libcpmt:nomemory.obj
 0001:00002cd9       ?_Nomemory@std@@YAXXZ      00403cd9 f   libcpmt:nomemory.obj
 0001:00002d40       _memmove                   00403d40 f   LIBCMT:memmove.obj
 0001:0000307d       ??3@YAXPAX@Z               0040407d f   LIBCMT:delete.obj
 0001:00003082       ?_JumpToContinuation@@YGXPAXPAUEHRegistrationNode@@@Z 00404082 f   LIBCMT:trnsctrl.obj
 0001:000030b2       ?_CallMemberFunction1@@YGXPAX00@Z 004040b2 f   LIBCMT:trnsctrl.obj
 0001:000030b2       ?_CallMemberFunction0@@YGXPAX0@Z 004040b2 f   LIBCMT:trnsctrl.obj
 0001:000030b2       ?_CallMemberFunction2@@YGXPAX00H@Z 004040b2 f   LIBCMT:trnsctrl.obj
 0001:000030b9       ?_UnwindNestedFrames@@YGXPAUEHRegistrationNode@@PAUEHExceptionRecord@@@Z 004040b9 f   LIBCMT:trnsctrl.obj
 0001:0000310b       ___CxxFrameHandler         0040410b f   LIBCMT:trnsctrl.obj
 0001:0000317c       ?_CallSETranslator@@YAHPAUEHExceptionRecord@@PAUEHRegistrationNode@@PAX2PBU_s_FuncInfo@@H1@Z 0040417c f   LIBCMT:trnsctrl.obj
 0001:000032f5       ?_GetRangeOfTrysToCheck@@YAPBU_s_TryBlockMapEntry@@PBU_s_FuncInfo@@HHPAI1@Z 004042f5 f   LIBCMT:trnsctrl.obj
 0001:0000336f       ?_CreateFrameInfo@@YAPAUFrameInfo@@PAU1@PAX@Z 0040436f f   LIBCMT:trnsctrl.obj
 0001:00003397       ?IsExceptionObjectToBeDestroyed@@YAHPAX@Z 00404397 f   LIBCMT:trnsctrl.obj
 0001:000033b8       ?_FindAndUnlinkFrame@@YAXPAUFrameInfo@@@Z 004043b8 f   LIBCMT:trnsctrl.obj
 0001:00003404       ?_CallCatchBlock2@@YAPAXPAUEHRegistrationNode@@PBU_s_FuncInfo@@PAXHK@Z 00404404 f   LIBCMT:trnsctrl.obj
 0001:00003460       __global_unwind2           00404460 f   LIBCMT:exsup.obj
 0001:000034a2       __local_unwind2            004044a2 f   LIBCMT:exsup.obj
 0001:000034fa       __NLG_Return2              004044fa     LIBCMT:exsup.obj
 0001:0000350a       __abnormal_termination     0040450a f   LIBCMT:exsup.obj
 0001:0000352d       __NLG_Notify1              0040452d f   LIBCMT:exsup.obj
 0001:00003536       __NLG_Notify               00404536 f   LIBCMT:exsup.obj
 0001:00003549       __NLG_Dispatch             00404549     LIBCMT:exsup.obj
 0001:0000354e       __CxxThrowException@8      0040454e f   LIBCMT:throw.obj
 0001:000035b9       @__security_check_cookie@4 004045b9 f   LIBCMT:secchk.obj
 0001:000035c7       __purecall                 004045c7 f   LIBCMT:purevirt.obj
 0001:000035db       _sprintf                   004045db f   LIBCMT:sprintf.obj
 0001:00003633       __splitpath                00404633 f   LIBCMT:splitpat.obj
 0001:000037fb       ___onexitinit              004047fb f   LIBCMT:onexit.obj
 0001:00003823       __onexit                   00404823 f   LIBCMT:onexit.obj
 0001:0000385b       _atexit                    0040485b f   LIBCMT:onexit.obj
 0001:0000386d       ??1type_info@@UAE@XZ       0040486d f   LIBCMT:typinfo.obj
 0001:000038b3       ??_Etype_info@@UAEPAXI@Z   004048b3 f i LIBCMT:typinfo.obj
 0001:000038b3       ??_Gtype_info@@UAEPAXI@Z   004048b3 f i LIBCMT:typinfo.obj
 0001:000038cf       __fclose_lk                004048cf f   LIBCMT:fclose.obj
 0001:0000391b       _fclose                    0040491b f   LIBCMT:fclose.obj
 0001:0000396c       __fread_lk                 0040496c f   LIBCMT:fread.obj
 0001:00003a55       _fread                     00404a55 f   LIBCMT:fread.obj
 0001:00003aa1       __fsopen                   00404aa1 f   LIBCMT:fopen.obj
 0001:00003afd       _fopen                     00404afd f   LIBCMT:fopen.obj
 0001:00003b10       __aulldiv                  00404b10 f   LIBCMT:ulldiv.obj
 0001:00003b80       __allmul                   00404b80 f   LIBCMT:llmul.obj
 0001:00003bb4       __amsg_exit                00404bb4 f   LIBCMT:wincrt0.obj
 0001:00003bfd       _WinMainCRTStartup         00404bfd f   LIBCMT:wincrt0.obj
 0001:00003dd2       __heap_alloc               00404dd2 f   LIBCMT:malloc.obj
 0001:00003e4d       __nh_malloc                00404e4d f   LIBCMT:malloc.obj
 0001:00003e79       _malloc                    00404e79 f   LIBCMT:malloc.obj
 0001:00003e8b       __callnewh                 00404e8b f   LIBCMT:handler.obj
 0001:00003eb0       _strlen                    00404eb0 f   LIBCMT:strlen.obj
 0001:00003f40       _memcpy                    00404f40 f   LIBCMT:memcpy.obj
 0001:00004280       __EH_prolog                00405280 f   LIBCMT:ehprolog.obj
 0001:0000429f       ??0exception@@QAE@XZ       0040529f f   LIBCMT:stdexcpt.obj
 0001:000042b0       ??0exception@@QAE@ABQBD@Z  004052b0 f   LIBCMT:stdexcpt.obj
 0001:000042ed       ??0exception@@QAE@ABV0@@Z  004052ed f   LIBCMT:stdexcpt.obj
 0001:00004337       ??1exception@@UAE@XZ       00405337 f   LIBCMT:stdexcpt.obj
 0001:0000434d       ?what@exception@@UBEPBDXZ  0040534d f   LIBCMT:stdexcpt.obj
 0001:0000435a       ??_Gexception@@UAEPAXI@Z   0040535a f i LIBCMT:stdexcpt.obj
 0001:0000435a       ??_Eexception@@UAEPAXI@Z   0040535a f i LIBCMT:stdexcpt.obj
 0001:00004376       _free                      00405376 f   LIBCMT:free.obj
 0001:00004454       ___FrameUnwindToState      00405454 f   LIBCMT:frame.obj
 0001:00004522       ___DestructExceptionObject 00405522 f   LIBCMT:frame.obj
 0001:00004bef       ___InternalCxxFrameHandler 00405bef f   LIBCMT:frame.obj
 0001:00004c91       ___crtTlsAlloc@4           00405c91 f   LIBCMT:tidtable.obj
 0001:00004c9a       __mtterm                   00405c9a f   LIBCMT:tidtable.obj
 0001:00004cb7       __getptd                   00405cb7 f   LIBCMT:tidtable.obj
 0001:00004d28       __freefls@4                00405d28 f   LIBCMT:tidtable.obj
 0001:00004e6f       __mtinit                   00405e6f f   LIBCMT:tidtable.obj
 0001:00004f5e       ?terminate@@YAXXZ          00405f5e f   LIBCMT:hooks.obj
 0001:00004f93       ?_inconsistency@@YAXXZ     00405f93 f   LIBCMT:hooks.obj
 0001:00004fc0       __CallSettingFrame@12      00405fc0 f   LIBCMT:lowhelpr.obj
 0001:00004fe7       __NLG_Return               00405fe7     LIBCMT:lowhelpr.obj
 0001:0000500c       ?__CxxUnhandledExceptionFilter@@YGJPAU_EXCEPTION_POINTERS@@@Z 0040600c f   LIBCMT:unhandld.obj
 0001:0000505a       ?__CxxSetUnhandledExceptionFilter@@YAHXZ 0040605a f   LIBCMT:unhandld.obj
 0001:0000506d       ?__CxxRestoreUnhandledExceptionFilter@@YAXXZ 0040606d f   LIBCMT:unhandld.obj
 0001:0000507a       ___security_init_cookie    0040607a f   LIBCMT:seccinit.obj
 0001:000050e0       ___security_error_handler  004060e0 f   LIBCMT:secfail.obj
 0001:00005228       __SEH_prolog               00406228 f   LIBCMT:sehprolg.obj
 0001:00005263       __SEH_epilog               00406263 f   LIBCMT:sehprolg.obj
 0001:0000527c       __except_handler3          0040627c f   LIBCMT:exsup3.obj
 0001:00005362       __seh_longjmp_unwind@4     00406362 f   LIBCMT:exsup3.obj
 0001:0000537d       __flsbuf                   0040637d f   LIBCMT:_flsbuf.obj
 0001:00005524       __output                   00406524 f   LIBCMT:output.obj
 0001:00005f02       ___updatetmbcinfo          00406f02 f   LIBCMT:mbctype.obj
 0001:00006101       __setmbcp                  00407101 f   LIBCMT:mbctype.obj
 0001:00006251       ___initmbctable            00407251 f   LIBCMT:mbctype.obj
 0001:0000626f       __mbsnbcpy                 0040726f f   LIBCMT:mbsnbcpy.obj
 0001:00006302       _realloc                   00407302 f   LIBCMT:realloc.obj
 0001:000064af       ___crtExitProcess          004074af f   LIBCMT:crt0dat.obj
 0001:000064df       __lockexit                 004074df f   LIBCMT:crt0dat.obj
 0001:000064e8       __unlockexit               004074e8 f   LIBCMT:crt0dat.obj
 0001:00006509       __cinit                    00407509 f   LIBCMT:crt0dat.obj
 0001:00006636       _exit                      00407636 f   LIBCMT:crt0dat.obj
 0001:00006647       __exit                     00407647 f   LIBCMT:crt0dat.obj
 0001:00006658       __cexit                    00407658 f   LIBCMT:crt0dat.obj
 0001:00006667       __c_exit                   00407667 f   LIBCMT:crt0dat.obj
 0001:00006676       __msize                    00407676 f   LIBCMT:msize.obj
 0001:000066ec       __errno                    004076ec f   LIBCMT:dosmap.obj
 0001:000066f5       ___doserrno                004076f5 f   LIBCMT:dosmap.obj
 0001:000066fe       __dosmaperr                004076fe f   LIBCMT:dosmap.obj
 0001:00006771       __mtinitlocks              00407771 f   LIBCMT:mlock.obj
 0001:000067ba       __mtdeletelocks            004077ba f   LIBCMT:mlock.obj
 0001:0000680f       __unlock                   0040780f f   LIBCMT:mlock.obj
 0001:00006824       __mtinitlocknum            00407824 f   LIBCMT:mlock.obj
 0001:000068c4       __lock                     004078c4 f   LIBCMT:mlock.obj
 0001:00006900       _strcmp                    00407900 f   LIBCMT:strcmp.obj
 0001:00006988       __close_lk                 00407988 f   LIBCMT:close.obj
 0001:00006a0b       __close                    00407a0b f   LIBCMT:close.obj
 0001:00006aa6       __freebuf                  00407aa6 f   LIBCMT:_freebuf.obj
 0001:00006ad1       __flush                    00407ad1 f   LIBCMT:fflush.obj
 0001:00006b2e       __fflush_lk                00407b2e f   LIBCMT:fflush.obj
 0001:00006c31       __flushall                 00407c31 f   LIBCMT:fflush.obj
 0001:00006c3a       ___initstdio               00407c3a f   LIBCMT:_file.obj
 0001:00006ce3       ___endstdio                00407ce3 f   LIBCMT:_file.obj
 0001:00006cf7       __lock_file                00407cf7 f   LIBCMT:_file.obj
 0001:00006d26       __lock_file2               00407d26 f   LIBCMT:_file.obj
 0001:00006d49       __unlock_file              00407d49 f   LIBCMT:_file.obj
 0001:00006d78       __unlock_file2             00407d78 f   LIBCMT:_file.obj
 0001:00006d9b       __filbuf                   00407d9b f   LIBCMT:_filbuf.obj
 0001:00006e7c       __read_lk                  00407e7c f   LIBCMT:read.obj
 0001:00007057       __read                     00408057 f   LIBCMT:read.obj
 0001:00007102       __openfile                 00408102 f   LIBCMT:_open.obj
 0001:0000726a       __getstream                0040826a f   LIBCMT:stream.obj
 0001:0000738c       __NMSG_WRITE               0040838c f   LIBCMT:crt0msg.obj
 0001:00007503       __FF_MSGBANNER             00408503 f   LIBCMT:crt0msg.obj
 0001:0000753c       __XcptFilter               0040853c f   LIBCMT:winxfltr.obj
 0001:000076a0       __wincmdln                 004086a0 f   LIBCMT:wincmdln.obj
 0001:000076fd       __setenvp                  004086fd f   LIBCMT:stdenvp.obj
 0001:00007930       __setargv                  00408930 f   LIBCMT:stdargv.obj
 0001:000079d2       ___crtGetEnvironmentStringsA 004089d2 f   LIBCMT:a_env.obj
 0001:00007af4       __ioinit                   00408af4 f   LIBCMT:ioinit.obj
 0001:00007cf2       __RTC_Initialize           00408cf2 f   LIBCMT:initsect.obj
 0001:00007d36       __RTC_Terminate            00408d36 f   LIBCMT:initsect.obj
 0001:00007d7a       ___heap_select             00408d7a f   LIBCMT:heapinit.obj
 0001:00007d94       __heap_init                00408d94 f   LIBCMT:heapinit.obj
 0001:00007df0       __chkstk                   00408df0 f   LIBCMT:chkstk.obj
 0001:00007df0       __alloca_probe             00408df0     LIBCMT:chkstk.obj
 0001:00007e2d       ___sbh_heap_init           00408e2d f   LIBCMT:sbheap.obj
 0001:00007e75       ___sbh_find_block          00408e75 f   LIBCMT:sbheap.obj
 0001:00007ea0       ___sbh_free_block          00408ea0 f   LIBCMT:sbheap.obj
 0001:000081b8       ___sbh_alloc_new_region    004091b8 f   LIBCMT:sbheap.obj
 0001:0000826f       ___sbh_alloc_new_group     0040926f f   LIBCMT:sbheap.obj
 0001:00008375       ___sbh_resize_block        00409375 f   LIBCMT:sbheap.obj
 0001:00008654       ___sbh_alloc_block         00409654 f   LIBCMT:sbheap.obj
 0001:00008950       _strcpy                    00409950 f   LIBCMT:strcat.obj
 0001:00008960       _strcat                    00409960 f   LIBCMT:strcat.obj
 0001:00008a48       ?_ValidateRead@@YAHPBXI@Z  00409a48 f   LIBCMT:validate.obj
 0001:00008a64       ?_ValidateWrite@@YAHPAXI@Z 00409a64 f   LIBCMT:validate.obj
 0001:00008a80       ?_ValidateExecute@@YAHP6GHXZ@Z 00409a80 f   LIBCMT:validate.obj
 0001:00008a98       _calloc                    00409a98 f   LIBCMT:calloc.obj
 0001:00008b53       ___freetlocinfo            00409b53 f   LIBCMT:setlocal.obj
 0001:00008ce4       ___updatetlocinfo          00409ce4 f   LIBCMT:setlocal.obj
 0001:00008d1f       _abort                     00409d1f f   LIBCMT:abort.obj
 0001:00008d37       ___crtMessageBoxA          00409d37 f   LIBCMT:crtmbox.obj
 0001:00008e30       _strncpy                   00409e30 f   LIBCMT:strncpy.obj
 0001:00008f54       __ValidateEH3RN            00409f54 f   LIBCMT:eh3valid.obj
 0001:0000917d       __lseek_lk                 0040a17d f   LIBCMT:lseek.obj
 0001:000091f1       __lseek                    0040a1f1 f   LIBCMT:lseek.obj
 0001:0000929c       __write_lk                 0040a29c f   LIBCMT:write.obj
 0001:0000946a       __write                    0040a46a f   LIBCMT:write.obj
 0001:00009515       __getbuf                   0040a515 f   LIBCMT:_getbuf.obj
 0001:00009559       __isatty                   0040a559 f   LIBCMT:isatty.obj
 0001:00009583       ___wctomb_mt               0040a583 f   LIBCMT:wctomb.obj
 0001:000095e3       _wctomb                    0040a5e3 f   LIBCMT:wctomb.obj
 0001:00009610       __aulldvrm                 0040a610 f   LIBCMT:ulldvrm.obj
 0001:000096a5       ___crtLCMapStringA         0040a6a5 f   LIBCMT:a_map.obj
 0001:00009a61       ___crtGetStringTypeA       0040aa61 f   LIBCMT:a_str.obj
 0001:00009c2b       ___crtInitCritSecAndSpinCount 0040ac2b f   LIBCMT:initcrit.obj
 0001:00009cb6       __set_osfhnd               0040acb6 f   LIBCMT:osfinfo.obj
 0001:00009d32       __free_osfhnd              0040ad32 f   LIBCMT:osfinfo.obj
 0001:00009db1       __get_osfhandle            0040adb1 f   LIBCMT:osfinfo.obj
 0001:00009df2       __lock_fhandle             0040adf2 f   LIBCMT:osfinfo.obj
 0001:00009e92       __unlock_fhandle           0040ae92 f   LIBCMT:osfinfo.obj
 0001:00009eb4       __alloc_osfhnd             0040aeb4 f   LIBCMT:osfinfo.obj
 0001:0000a030       __commit                   0040b030 f   LIBCMT:commit.obj
 0001:0000a0ec       __fcloseall                0040b0ec f   LIBCMT:closeall.obj
 0001:0000a46e       __sopen                    0040b46e f   LIBCMT:open.obj
 0001:0000a4f6       __ismbblead                0040b4f6 f   LIBCMT:ismbbyte.obj
 0001:0000a510       _memset                    0040b510 f   LIBCMT:memset.obj
 0001:0000a570       ___free_lc_time            0040b570 f   LIBCMT:inittime.obj
 0001:0000a700       ___free_lconv_num          0040b700 f   LIBCMT:initnum.obj
 0001:0000a75f       ___free_lconv_mon          0040b75f f   LIBCMT:initmon.obj
 0001:0000a840       _strcspn                   0040b840 f   LIBCMT:strcspn.obj
 0001:0000a890       _memcmp                    0040b890 f   LIBCMT:memcmp.obj
 0001:0000a950       _strncmp                   0040b950 f   LIBCMT:strncmp.obj
 0001:0000a990       _strpbrk                   0040b990 f   LIBCMT:strpbrk.obj
 0001:0000a9fe       _raise                     0040b9fe f   LIBCMT:winsig.obj
 0001:0000ab77       __lseeki64_lk              0040bb77 f   LIBCMT:lseeki64.obj
 0001:0000abfa       __fptrap                   0040bbfa f   LIBCMT:crt0fp.obj
 0001:0000ac03       ___ansicp                  0040bc03 f   LIBCMT:convrtcp.obj
 0001:0000ac46       ___convertcp               0040bc46 f   LIBCMT:convrtcp.obj
 0001:0000ae0f       __resetstkoflw             0040be0f f   LIBCMT:resetstk.obj
 0001:0000aef2       __chsize_lk                0040bef2 f   LIBCMT:chsize.obj
 0001:0000b040       ___ascii_stricmp           0040c040 f   LIBCMT:_stricmp.obj
 0001:0000b08e       _atol                      0040c08e f   LIBCMT:atox.obj
 0001:0000b116       __setmode_lk               0040c116 f   LIBCMT:setmode.obj
 0001:0000b182       ___isctype_mt              0040c182 f   LIBCMT:isctype.obj
 0001:0000b200       ___ascii_strnicmp          0040c200 f   LIBCMT:_strnicm.obj
 0001:0000b280       _strchr                    0040c280 f   LIBCMT:strchr.obj
 0001:0000b286       ___from_strstr_to_strchr   0040c286     LIBCMT:strchr.obj
 0001:0000b33e       _RtlUnwind@16              0040c33e f   kernel32:KERNEL32.dll
 0002:00000000       __imp__MultiByteToWideChar@24 0040d000     kernel32:KERNEL32.dll
 0002:00000004       __imp__GetTickCount@0      0040d004     kernel32:KERNEL32.dll
 0002:00000008       __imp__CloseHandle@4       0040d008     kernel32:KERNEL32.dll
 0002:0000000c       __imp__CreateThread@24     0040d00c     kernel32:KERNEL32.dll
 0002:00000010       __imp__GetModuleFileNameA@12 0040d010     kernel32:KERNEL32.dll
 0002:00000014       __imp__DeleteFileA@4       0040d014     kernel32:KERNEL32.dll
 0002:00000018       __imp__GetFileSize@8       0040d018     kernel32:KERNEL32.dll
 0002:0000001c       __imp__CreateFileA@28      0040d01c     kernel32:KERNEL32.dll
 0002:00000020       __imp__SetEndOfFile@4      0040d020     kernel32:KERNEL32.dll
 0002:00000024       __imp__GetSystemInfo@4     0040d024     kernel32:KERNEL32.dll
 0002:00000028       __imp__VirtualProtect@16   0040d028     kernel32:KERNEL32.dll
 0002:0000002c       __imp__GetLocaleInfoA@16   0040d02c     kernel32:KERNEL32.dll
 0002:00000030       __imp__FlushFileBuffers@4  0040d030     kernel32:KERNEL32.dll
 0002:00000034       __imp__SetStdHandle@8      0040d034     kernel32:KERNEL32.dll
 0002:00000038       __imp__InitializeCriticalSection@4 0040d038     kernel32:KERNEL32.dll
 0002:0000003c       __imp__GetStringTypeW@16   0040d03c     kernel32:KERNEL32.dll
 0002:00000040       __imp__GetStringTypeA@20   0040d040     kernel32:KERNEL32.dll
 0002:00000044       __imp__LCMapStringW@24     0040d044     kernel32:KERNEL32.dll
 0002:00000048       __imp__LCMapStringA@24     0040d048     kernel32:KERNEL32.dll
 0002:0000004c       __imp__RtlUnwind@16        0040d04c     kernel32:KERNEL32.dll
 0002:00000050       __imp__RaiseException@16   0040d050     kernel32:KERNEL32.dll
 0002:00000054       __imp__ExitProcess@4       0040d054     kernel32:KERNEL32.dll
 0002:00000058       __imp__GetLastError@0      0040d058     kernel32:KERNEL32.dll
 0002:0000005c       __imp__GetModuleHandleA@4  0040d05c     kernel32:KERNEL32.dll
 0002:00000060       __imp__GetStartupInfoA@4   0040d060     kernel32:KERNEL32.dll
 0002:00000064       __imp__GetCommandLineA@0   0040d064     kernel32:KERNEL32.dll
 0002:00000068       __imp__GetVersionExA@4     0040d068     kernel32:KERNEL32.dll
 0002:0000006c       __imp__HeapAlloc@12        0040d06c     kernel32:KERNEL32.dll
 0002:00000070       __imp__HeapFree@12         0040d070     kernel32:KERNEL32.dll
 0002:00000074       __imp__TlsAlloc@0          0040d074     kernel32:KERNEL32.dll
 0002:00000078       __imp__SetLastError@4      0040d078     kernel32:KERNEL32.dll
 0002:0000007c       __imp__GetCurrentThreadId@0 0040d07c     kernel32:KERNEL32.dll
 0002:00000080       __imp__TlsFree@4           0040d080     kernel32:KERNEL32.dll
 0002:00000084       __imp__TlsSetValue@8       0040d084     kernel32:KERNEL32.dll
 0002:00000088       __imp__TlsGetValue@4       0040d088     kernel32:KERNEL32.dll
 0002:0000008c       __imp__GetProcAddress@8    0040d08c     kernel32:KERNEL32.dll
 0002:00000090       __imp__SetUnhandledExceptionFilter@4 0040d090     kernel32:KERNEL32.dll
 0002:00000094       __imp__QueryPerformanceCounter@4 0040d094     kernel32:KERNEL32.dll
 0002:00000098       __imp__GetCurrentProcessId@0 0040d098     kernel32:KERNEL32.dll
 0002:0000009c       __imp__GetSystemTimeAsFileTime@4 0040d09c     kernel32:KERNEL32.dll
 0002:000000a0       __imp__GetACP@0            0040d0a0     kernel32:KERNEL32.dll
 0002:000000a4       __imp__GetOEMCP@0          0040d0a4     kernel32:KERNEL32.dll
 0002:000000a8       __imp__GetCPInfo@8         0040d0a8     kernel32:KERNEL32.dll
 0002:000000ac       __imp__HeapReAlloc@16      0040d0ac     kernel32:KERNEL32.dll
 0002:000000b0       __imp__TerminateProcess@8  0040d0b0     kernel32:KERNEL32.dll
 0002:000000b4       __imp__GetCurrentProcess@0 0040d0b4     kernel32:KERNEL32.dll
 0002:000000b8       __imp__HeapSize@12         0040d0b8     kernel32:KERNEL32.dll
 0002:000000bc       __imp__DeleteCriticalSection@4 0040d0bc     kernel32:KERNEL32.dll
 0002:000000c0       __imp__LeaveCriticalSection@4 0040d0c0     kernel32:KERNEL32.dll
 0002:000000c4       __imp__EnterCriticalSection@4 0040d0c4     kernel32:KERNEL32.dll
 0002:000000c8       __imp__ReadFile@20         0040d0c8     kernel32:KERNEL32.dll
 0002:000000cc       __imp__WriteFile@20        0040d0cc     kernel32:KERNEL32.dll
 0002:000000d0       __imp__GetStdHandle@4      0040d0d0     kernel32:KERNEL32.dll
 0002:000000d4       __imp__UnhandledExceptionFilter@4 0040d0d4     kernel32:KERNEL32.dll
 0002:000000d8       __imp__FreeEnvironmentStringsA@4 0040d0d8     kernel32:KERNEL32.dll
 0002:000000dc       __imp__GetEnvironmentStrings@0 0040d0dc     kernel32:KERNEL32.dll
 0002:000000e0       __imp__FreeEnvironmentStringsW@4 0040d0e0     kernel32:KERNEL32.dll
 0002:000000e4       __imp__WideCharToMultiByte@32 0040d0e4     kernel32:KERNEL32.dll
 0002:000000e8       __imp__GetEnvironmentStringsW@0 0040d0e8     kernel32:KERNEL32.dll
 0002:000000ec       __imp__SetHandleCount@4    0040d0ec     kernel32:KERNEL32.dll
 0002:000000f0       __imp__GetFileType@4       0040d0f0     kernel32:KERNEL32.dll
 0002:000000f4       __imp__HeapDestroy@4       0040d0f4     kernel32:KERNEL32.dll
 0002:000000f8       __imp__HeapCreate@12       0040d0f8     kernel32:KERNEL32.dll
 0002:000000fc       __imp__VirtualFree@12      0040d0fc     kernel32:KERNEL32.dll
 0002:00000100       __imp__VirtualAlloc@16     0040d100     kernel32:KERNEL32.dll
 0002:00000104       __imp__IsBadWritePtr@8     0040d104     kernel32:KERNEL32.dll
 0002:00000108       __imp__IsBadReadPtr@8      0040d108     kernel32:KERNEL32.dll
 0002:0000010c       __imp__IsBadCodePtr@4      0040d10c     kernel32:KERNEL32.dll
 0002:00000110       __imp__LoadLibraryA@4      0040d110     kernel32:KERNEL32.dll
 0002:00000114       __imp__InterlockedExchange@8 0040d114     kernel32:KERNEL32.dll
 0002:00000118       __imp__VirtualQuery@12     0040d118     kernel32:KERNEL32.dll
 0002:0000011c       __imp__SetFilePointer@16   0040d11c     kernel32:KERNEL32.dll
 0002:00000120       \177KERNEL32_NULL_THUNK_DATA 0040d120     kernel32:KERNEL32.dll
 0002:00000124       __imp__SHGetPathFromIDListA@8 0040d124     shell32:SHELL32.dll
 0002:00000128       __imp__SHGetSpecialFolderLocation@12 0040d128     shell32:SHELL32.dll
 0002:0000012c       __imp__SHGetMalloc@4       0040d12c     shell32:SHELL32.dll
 0002:00000130       \177SHELL32_NULL_THUNK_DATA 0040d130     shell32:SHELL32.dll
 0002:00000134       __imp__GetDlgItem@8        0040d134     user32:USER32.dll
 0002:00000138       __imp__EnableWindow@8      0040d138     user32:USER32.dll
 0002:0000013c       __imp__DialogBoxParamA@20  0040d13c     user32:USER32.dll
 0002:00000140       __imp__SetDlgItemTextA@12  0040d140     user32:USER32.dll
 0002:00000144       __imp__PostMessageA@16     0040d144     user32:USER32.dll
 0002:00000148       __imp__PostQuitMessage@4   0040d148     user32:USER32.dll
 0002:0000014c       __imp__SendMessageA@16     0040d14c     user32:USER32.dll
 0002:00000150       __imp__LoadIconA@8         0040d150     user32:USER32.dll
 0002:00000154       __imp__MessageBoxA@16      0040d154     user32:USER32.dll
 0002:00000158       __imp__GetDlgItemTextA@16  0040d158     user32:USER32.dll
 0002:0000015c       __imp__SetWindowTextA@8    0040d15c     user32:USER32.dll
 0002:00000160       \177USER32_NULL_THUNK_DATA 0040d160     user32:USER32.dll
 0002:00000164       __imp__GetOpenFileNameA@4  0040d164     comdlg32:comdlg32.dll
 0002:00000168       \177comdlg32_NULL_THUNK_DATA 0040d168     comdlg32:comdlg32.dll
 0002:0000016c       __imp__CoInitialize@4      0040d16c     ole32:ole32.dll
 0002:00000170       __imp__CoCreateInstance@20 0040d170     ole32:ole32.dll
 0002:00000174       __imp__CoUninitialize@0    0040d174     ole32:ole32.dll
 0002:00000178       \177ole32_NULL_THUNK_DATA  0040d178     ole32:ole32.dll
 0002:0000019c       ??_7IHashProgressListener@FileHash@@6B@ 0040d19c     md5Checker.obj
 0002:000001a4       ??_C@_03KBHPHMJG@?$DO?$DO?$DO?$AA@ 0040d1a4     md5Checker.obj
 0002:000001a8       ??_C@_02GPIOPFAK@?$DO?$DO?$AA@ 0040d1a8     md5Checker.obj
 0002:000001ac       ??_C@_01PPODPGHN@?$DO?$AA@ 0040d1ac     md5Checker.obj
 0002:000001ae       ??_C@_00CNPNBAHC@?$AA@     0040d1ae     md5Checker.obj
 0002:000001b0       ??_C@_0CO@OMGGIJBH@?$CFs?$CFs?5?9?5ZMD5Checker?5v?$CFs?5?3?3?5http?3?1@ 0040d1b0     md5Checker.obj
 0002:000001e0       ??_C@_0CH@MDLBIAIO@ZMD5Checker?5v?$CFs?5?3?3?5http?3?1?1www?4wi@ 0040d1e0     md5Checker.obj
 0002:00000208       ??_C@_0GB@OMKMKHGF@FavoriteFiles?$CIiso?0bin?0zip?0gz?$CJ?$AA?$CK?4@ 0040d208     md5Checker.obj
 0002:0000026c       ??_C@_0O@JONHJPIH@MD5SUMChecker?$AA@ 0040d26c     md5Checker.obj
 0002:0000027c       ??_7ZMD5Checker@@6B@       0040d27c     md5Checker.obj
 0002:00000284       ??_C@_0BM@IHOMAAFI@?$LM?$KN?$LH?N?5?$LE?Y?$LI?$KF?5MD5SUM?5?$LA?$KK?$MA?T?$LE?O?$LE?Y?$CB?$CB?$AA@ 0040d284     md5Checker.obj
 0002:000002a0       ??_C@_0BG@EOIIME@?$LA?$LA?$MA?$LK?5MD5SUM?5?$LA?$KK?$MA?T?$LE?O?$LE?Y?4?$AA@ 0040d2a0     md5Checker.obj
 0002:000002b8       ??_C@_0CG@HJOPBPDA@?F?D?$MA?O?$MA?$LL?5?$LM?$LB?E?C?G?Q?5?H?D?5Start?5?$LI?$KG?5?$LE?$KN?$LH?$KP?A?V@ 0040d2b8     md5Checker.obj
 0002:000002e0       ??_C@_0BK@DCIEIDCB@MD5SUM?5?$MA?$LL?5?A?x?G?$OA?5?A?$NP?5?$MA?T?$LE?O?$LE?Y?4?$AA@ 0040d2e0     md5Checker.obj
 0002:000002fc       ??_C@_0BK@BIMADJCO@?$MA?T?$LH?B?$LA?$KK?$MA?G?5?$LB?f?$MA?L?$LA?$KB?5?B?$KK?$LN?$MA?$LE?O?$LE?Y?4?$AA@ 0040d2fc     md5Checker.obj
 0002:00000318       ??_C@_0BI@HPGCOEPM@?$LK?q?$LB?$LD?G?R?5?$LA?$KK?$MA?$LL?5?$LD?V?$LO?n?A?V?$LM?$LM?$LP?d?4?$AA@ 0040d318     md5Checker.obj
 0002:00000330       ??_C@_0L@FMIBAOPJ@MD5Checker?$AA@ 0040d330     md5Checker.obj
 0002:0000033c       ??_C@_01KICIPPFI@?2?$AA@   0040d33c     md5Checker.obj
 0002:00000340       ??_C@_0DA@MMCJBNIK@?E?$LN?$LL?v?$LB?b?$MA?G?5?$LK?$LI?$LD?$LL?$LB?b?5?$LI?$NO?$LE?$LK?$LP?$KB?5?$LJ?Y?$LH?N?$LA?$KB?$LB?b?$LI@ 0040d340     md5Checker.obj
 0002:00000370       ??_C@_0BL@KKNFBJAD@?F?D?$MA?O?$MA?G?5MD5SUM?5?$MA?$LL?5?$LB?$LI?G?U?$LE?O?$LE?Y?4?$AA@ 0040d370     md5Checker.obj
 0002:0000038c       ??_C@_0BA@DCLMGOGI@MD5SUM?5?$LO?r?$LB?b?4lnk?$AA@ 0040d38c     md5Checker.obj
 0002:0000039c       ??_C@_0DL@PPBOBELB@?E?$LN?$LL?v?$LB?b?$MA?G?5?$LK?$LI?$LD?$LL?$LB?b?5?$LI?$NO?$LE?$LK?$MA?G?5?$LJ?Y?$LH?N?$LA?$KB?$LB?b?$LI@ 0040d39c     md5Checker.obj
 0002:000003d8       ??_C@_0DA@JACCFAKG@?E?$LN?$LL?v?$LB?b?$MA?G?5?$LK?$LI?$LD?$LL?$LB?b?5?$LI?$NO?$LE?$LK?$MA?G?5?$LJ?Y?$LH?N?$LA?$KB?$LB?b?$LI@ 0040d3d8     md5Checker.obj
 0002:00000408       ??_C@_0CL@HIDIJEPF@MD5Sum?5?$MA?L?5?A?x?G?$OA?5?A?$NP?$MA?T?$LE?O?$LE?Y?4?5?A?$LO?$LH?a?G?O?$LN@ 0040d408     md5Checker.obj
 0002:00000434       ??_C@_0L@MAIBCDON@ZMDChecker?$AA@ 0040d434     md5Checker.obj
 0002:00000440       ??_C@_05FKOINJOM@1?41?40?$AA@ 0040d440     md5Checker.obj
 0002:00000448       ??_C@_04NOJCDH@?$CF02x?$AA@ 0040d448     ZFileHash.obj
 0002:00000450       ??_C@_0BO@OINEPPKA@?$LL?g?$LP?k?$MA?Z?$LP?$KB?5?$MA?G?G?X?5?A?$NP?$LE?$NM?$LF?G?$LO?z?$LN?$MA?$LE?O?$LE?Y?4?$AA@ 0040d450     ZFileHash.obj
 0002:00000470       ??_C@_0FF@LFECFPMF@?F?D?$MA?O?$MA?$LL?5?$LP?$KN?5?$LM?v?5?$LO?x?$LN?$MA?$LE?O?$LE?Y?4?5?F?D?$MA?O?$LI?m?$MA?L?5@ 0040d470     ZFileHash.obj
 0002:000004c8       ??_C@_02JDPG@rb?$AA@       0040d4c8     ZFileHash.obj
 0002:000004cc       ??_C@_0BH@IDOCIMGL@?F?D?$MA?O?$MA?$LL?5?$LP?$KN?5?$LM?v?5?$LO?x?$LN?$MA?$LE?O?$LE?Y?4?$AA@ 0040d4cc     ZFileHash.obj
 0002:000004e4       ??_C@_0L@GMDGOAKI@md5checker?$AA@ 0040d4e4     ZFileHash.obj
 0002:000004f0       _IID_IShellLinkA           0040d4f0     shell32:shguid.obj
 0002:00000500       _CLSID_ShellLink           0040d500     shell32:shguid.obj
 0002:00000510       _IID_IPersistFile          0040d510     uuid:objidl_i.obj
 0002:00000524       ??_7logic_error@std@@6B@   0040d524     libcpmt:string.obj
 0002:00000530       ??_7length_error@std@@6B@  0040d530     libcpmt:string.obj
 0002:0000053c       ??_7out_of_range@std@@6B@  0040d53c     libcpmt:string.obj
 0002:00000544       ??_C@_0BI@CFPLBAOH@invalid?5string?5position?$AA@ 0040d544     libcpmt:string.obj
 0002:0000055c       ??_C@_0BA@JFNIOLAK@string?5too?5long?$AA@ 0040d55c     libcpmt:string.obj
 0002:00000570       ??_7bad_alloc@std@@6B@     0040d570     libcpmt:nomemory.obj
 0002:00000578       ??_C@_0P@GHFPNOJB@bad?5allocation?$AA@ 0040d578     libcpmt:nomemory.obj
 0002:000005c8       ??_7type_info@@6B@         0040d5c8     LIBCMT:typinfo.obj
 0002:00000630       ??_7exception@@6B@         0040d630     LIBCMT:stdexcpt.obj
 0002:00000638       ??_C@_0BC@EOODALEL@Unknown?5exception?$AA@ 0040d638     LIBCMT:stdexcpt.obj
 0002:000006c8       ??_C@_07PEJMOBNF@FlsFree?$AA@ 0040d6c8     LIBCMT:tidtable.obj
 0002:000006d0       ??_C@_0M@JCPCPOEF@FlsSetValue?$AA@ 0040d6d0     LIBCMT:tidtable.obj
 0002:000006dc       ??_C@_0M@GDNOONDI@FlsGetValue?$AA@ 0040d6dc     LIBCMT:tidtable.obj
 0002:000006e8       ??_C@_08KNHFBNJ@FlsAlloc?$AA@ 0040d6e8     LIBCMT:tidtable.obj
 0002:000006f4       ??_C@_0N@MDJJJHMB@kernel32?4dll?$AA@ 0040d6f4     LIBCMT:tidtable.obj
 0002:00000724       ??_C@_0CF@GOGNBNAK@Microsoft?5Visual?5C?$CL?$CL?5Runtime?5Lib@ 0040d724     LIBCMT:secfail.obj
 0002:0000074c       ??_C@_09KLGCKDOD@Program?3?5?$AA@ 0040d74c     LIBCMT:secfail.obj
 0002:00000758       ??_C@_02PHMGELLB@?6?6?$AA@ 0040d758     LIBCMT:secfail.obj
 0002:0000075c       ??_C@_03KHICJKCI@?4?4?4?$AA@ 0040d75c     LIBCMT:secfail.obj
 0002:00000760       ??_C@_0BH@DNAGHKFM@?$DMprogram?5name?5unknown?$DO?$AA@ 0040d760     LIBCMT:secfail.obj
 0002:00000778       ??_C@_0KA@JEHFIFGP@A?5buffer?5overrun?5has?5been?5detect@ 0040d778     LIBCMT:secfail.obj
 0002:00000818       ??_C@_0BJ@MDEKIEOJ@Buffer?5overrun?5detected?$CB?$AA@ 0040d818     LIBCMT:secfail.obj
 0002:00000838       ??_C@_0LB@BPLHHLFD@A?5security?5error?5of?5unknown?5caus@ 0040d838     LIBCMT:secfail.obj
 0002:000008ec       ??_C@_0CD@GMKACBEK@Unknown?5security?5failure?5detecte@ 0040d8ec     LIBCMT:secfail.obj
 0002:00000920       ___lookuptable             0040d920     LIBCMT:output.obj
 0002:0000097c       ??_C@_1O@CEDCILHN@?$AA?$CI?$AAn?$AAu?$AAl?$AAl?$AA?$CJ?$AA?$AA@ 0040d97c     LIBCMT:output.obj
 0002:0000098c       ??_C@_06OJHGLDPL@?$CInull?$CJ?$AA@ 0040d98c     LIBCMT:output.obj
 0002:000009c4       ??_C@_0P@MIGLKIOC@CorExitProcess?$AA@ 0040d9c4     LIBCMT:crt0dat.obj
 0002:000009d4       ??_C@_0M@MBOPBNBK@mscoree?4dll?$AA@ 0040d9d4     LIBCMT:crt0dat.obj
 0002:00000a54       ??_C@_0P@GGKDKEEG@runtime?5error?5?$AA@ 0040da54     LIBCMT:crt0msg.obj
 0002:00000a64       ??_C@_02PCIJFNDE@?$AN?6?$AA@ 0040da64     LIBCMT:crt0msg.obj
 0002:00000a68       ??_C@_0O@MJNIPGOH@TLOSS?5error?$AN?6?$AA@ 0040da68     LIBCMT:crt0msg.obj
 0002:00000a78       ??_C@_0N@BONNPDHF@SING?5error?$AN?6?$AA@ 0040da78     LIBCMT:crt0msg.obj
 0002:00000a88       ??_C@_0P@MBDAJNE@DOMAIN?5error?$AN?6?$AA@ 0040da88     LIBCMT:crt0msg.obj
 0002:00000a98       ??_C@_0KC@BDDGGBEJ@R6029?$AN?6?9?5This?5application?5cannot@ 0040da98     LIBCMT:crt0msg.obj
 0002:00000b3c       ??_C@_0CF@KJDAIALP@R6028?$AN?6?9?5unable?5to?5initialize?5he@ 0040db3c     LIBCMT:crt0msg.obj
 0002:00000b64       ??_C@_0DF@GAKBPDFP@R6027?$AN?6?9?5not?5enough?5space?5for?5lo@ 0040db64     LIBCMT:crt0msg.obj
 0002:00000b9c       ??_C@_0DF@IBLNNAIG@R6026?$AN?6?9?5not?5enough?5space?5for?5st@ 0040db9c     LIBCMT:crt0msg.obj
 0002:00000bd4       ??_C@_0CG@IOHKGFNJ@R6025?$AN?6?9?5pure?5virtual?5function?5c@ 0040dbd4     LIBCMT:crt0msg.obj
 0002:00000bfc       ??_C@_0DF@JIJJFJDC@R6024?$AN?6?9?5not?5enough?5space?5for?5_o@ 0040dbfc     LIBCMT:crt0msg.obj
 0002:00000c34       ??_C@_0CJ@EGEJHFME@R6019?$AN?6?9?5unable?5to?5open?5console?5@ 0040dc34     LIBCMT:crt0msg.obj
 0002:00000c60       ??_C@_0CB@GNHNIELH@R6018?$AN?6?9?5unexpected?5heap?5error?$AN?6@ 0040dc60     LIBCMT:crt0msg.obj
 0002:00000c84       ??_C@_0CN@FOLDKNG@R6017?$AN?6?9?5unexpected?5multithread?5@ 0040dc84     LIBCMT:crt0msg.obj
 0002:00000cb4       ??_C@_0CM@FAHFJNHO@R6016?$AN?6?9?5not?5enough?5space?5for?5th@ 0040dcb4     LIBCMT:crt0msg.obj
 0002:00000ce0       ??_C@_0JG@LBKMGKLD@?$AN?6This?5application?5has?5requested@ 0040dce0     LIBCMT:crt0msg.obj
 0002:00000d78       ??_C@_0CM@FLCNIPKK@R6009?$AN?6?9?5not?5enough?5space?5for?5en@ 0040dd78     LIBCMT:crt0msg.obj
 0002:00000da4       ??_C@_0CK@KMMJOAPP@R6008?$AN?6?9?5not?5enough?5space?5for?5ar@ 0040dda4     LIBCMT:crt0msg.obj
 0002:00000dd0       ??_C@_0CF@HOHMHDEK@R6002?$AN?6?9?5floating?5point?5not?5load@ 0040ddd0     LIBCMT:crt0msg.obj
 0002:00000df8       ??_C@_0BK@OFGJDLJJ@Runtime?5Error?$CB?6?6Program?3?5?$AA@ 0040ddf8     LIBCMT:crt0msg.obj
 0002:00000fd4       ??_C@_0BI@DFKBFLJE@GetProcessWindowStation?$AA@ 0040dfd4     LIBCMT:crtmbox.obj
 0002:00000fec       ??_C@_0BK@CIDNPOGP@GetUserObjectInformationA?$AA@ 0040dfec     LIBCMT:crtmbox.obj
 0002:00001008       ??_C@_0BD@HHGDFDBJ@GetLastActivePopup?$AA@ 0040e008     LIBCMT:crtmbox.obj
 0002:0000101c       ??_C@_0BA@HNOPNCHB@GetActiveWindow?$AA@ 0040e01c     LIBCMT:crtmbox.obj
 0002:0000102c       ??_C@_0M@CHKKJDAI@MessageBoxA?$AA@ 0040e02c     LIBCMT:crtmbox.obj
 0002:00001038       ??_C@_0L@GMPLCCII@user32?4dll?$AA@ 0040e038     LIBCMT:crtmbox.obj
 0002:00001068       ___newctype                0040e068     LIBCMT:ctype.obj
 0002:00001368       __wctype                   0040e368     LIBCMT:ctype.obj
 0002:0000156c       ??_C@_13NOLLCAOD@?$AA?$AA?$AA?$AA@ 0040e56c     LIBCMT:a_map.obj
 0002:000015a4       ??_C@_0CG@PKBDLMEO@InitializeCriticalSectionAndSpin@ 0040e5a4     LIBCMT:initcrit.obj
 0002:00001634       ??_C@_08JCCMCCIL@HH?3mm?3ss?$AA@ 0040e634     LIBCMT:strftime.obj
 0002:00001640       ??_C@_0BE@CKGJFCPC@dddd?0?5MMMM?5dd?0?5yyyy?$AA@ 0040e640     LIBCMT:strftime.obj
 0002:00001654       ??_C@_08BPBNCDIB@MM?1dd?1yy?$AA@ 0040e654     LIBCMT:strftime.obj
 0002:00001660       ??_C@_02CJNFDJBF@PM?$AA@   0040e660     LIBCMT:strftime.obj
 0002:00001664       ??_C@_02DEDBPAFC@AM?$AA@   0040e664     LIBCMT:strftime.obj
 0002:00001668       ??_C@_08EDHMEBNP@December?$AA@ 0040e668     LIBCMT:strftime.obj
 0002:00001674       ??_C@_08HCHEGEOA@November?$AA@ 0040e674     LIBCMT:strftime.obj
 0002:00001680       ??_C@_07JJNFCEND@October?$AA@ 0040e680     LIBCMT:strftime.obj
 0002:00001688       ??_C@_09BHHEALKD@September?$AA@ 0040e688     LIBCMT:strftime.obj
 0002:00001694       ??_C@_06LBBHFDDG@August?$AA@ 0040e694     LIBCMT:strftime.obj
 0002:0000169c       ??_C@_04MIEPOIFP@July?$AA@ 0040e69c     LIBCMT:strftime.obj
 0002:000016a4       ??_C@_04CNLMGBGM@June?$AA@ 0040e6a4     LIBCMT:strftime.obj
 0002:000016ac       ??_C@_05DMJDNLEJ@April?$AA@ 0040e6ac     LIBCMT:strftime.obj
 0002:000016b4       ??_C@_05HPCKOFNC@March?$AA@ 0040e6b4     LIBCMT:strftime.obj
 0002:000016bc       ??_C@_08GNJGEPFN@February?$AA@ 0040e6bc     LIBCMT:strftime.obj
 0002:000016c8       ??_C@_07CGJPFGJA@January?$AA@ 0040e6c8     LIBCMT:strftime.obj
 0002:000016d0       ??_C@_03MKABNOCG@Dec?$AA@  0040e6d0     LIBCMT:strftime.obj
 0002:000016d4       ??_C@_03JPJOFNIA@Nov?$AA@  0040e6d4     LIBCMT:strftime.obj
 0002:000016d8       ??_C@_03BMAOKBAD@Oct?$AA@  0040e6d8     LIBCMT:strftime.obj
 0002:000016dc       ??_C@_03GGCAPAJC@Sep?$AA@  0040e6dc     LIBCMT:strftime.obj
 0002:000016e0       ??_C@_03IFJFEIGA@Aug?$AA@  0040e6e0     LIBCMT:strftime.obj
 0002:000016e4       ??_C@_03LBGABGKK@Jul?$AA@  0040e6e4     LIBCMT:strftime.obj
 0002:000016e8       ??_C@_03IDFGHECI@Jun?$AA@  0040e6e8     LIBCMT:strftime.obj
 0002:000016ec       ??_C@_03CNMDKL@May?$AA@    0040e6ec     LIBCMT:strftime.obj
 0002:000016f0       ??_C@_03LEOLGMJP@Apr?$AA@  0040e6f0     LIBCMT:strftime.obj
 0002:000016f4       ??_C@_03ODNJBKGA@Mar?$AA@  0040e6f4     LIBCMT:strftime.obj
 0002:000016f8       ??_C@_03HJBDCHOM@Feb?$AA@  0040e6f8     LIBCMT:strftime.obj
 0002:000016fc       ??_C@_03JIHJHPIE@Jan?$AA@  0040e6fc     LIBCMT:strftime.obj
 0002:00001700       ??_C@_08INBOOONO@Saturday?$AA@ 0040e700     LIBCMT:strftime.obj
 0002:0000170c       ??_C@_06JECMNKMI@Friday?$AA@ 0040e70c     LIBCMT:strftime.obj
 0002:00001714       ??_C@_08HACCIKIA@Thursday?$AA@ 0040e714     LIBCMT:strftime.obj
 0002:00001720       ??_C@_09DLIGFAKA@Wednesday?$AA@ 0040e720     LIBCMT:strftime.obj
 0002:0000172c       ??_C@_07BAAGCFCM@Tuesday?$AA@ 0040e72c     LIBCMT:strftime.obj
 0002:00001734       ??_C@_06JLEDEDGH@Monday?$AA@ 0040e734     LIBCMT:strftime.obj
 0002:0000173c       ??_C@_06OOPIFAJ@Sunday?$AA@ 0040e73c     LIBCMT:strftime.obj
 0002:00001744       ??_C@_03FEFJNEK@Sat?$AA@   0040e744     LIBCMT:strftime.obj
 0002:00001748       ??_C@_03IDIOELNC@Fri?$AA@  0040e748     LIBCMT:strftime.obj
 0002:0000174c       ??_C@_03IOFIKPDN@Thu?$AA@  0040e74c     LIBCMT:strftime.obj
 0002:00001750       ??_C@_03MHOMLAJA@Wed?$AA@  0040e750     LIBCMT:strftime.obj
 0002:00001754       ??_C@_03NAGEINEP@Tue?$AA@  0040e754     LIBCMT:strftime.obj
 0002:00001758       ??_C@_03PDAGKDH@Mon?$AA@   0040e758     LIBCMT:strftime.obj
 0002:0000175c       ??_C@_03KOEHGMDN@Sun?$AA@  0040e75c     LIBCMT:strftime.obj
 0002:0000177c       ___dnames                  0040e77c     LIBCMT:timeset.obj
 0002:00001794       ___mnames                  0040e794     LIBCMT:timeset.obj
 0002:000017c0       __load_config_used         0040e7c0     LIBCMT:loadcfg.obj
 0002:00001858       ??_R1A@?0A@A@exception@@8  0040e858     libcpmt:string.obj
 0002:00001870       ??_R1A@?0A@A@logic_error@std@@8 0040e870     libcpmt:string.obj
 0002:00001888       ??_R2logic_error@std@@8    0040e888     libcpmt:string.obj
 0002:00001894       ??_R3logic_error@std@@8    0040e894     libcpmt:string.obj
 0002:000018a4       ??_R4logic_error@std@@6B@  0040e8a4     libcpmt:string.obj
 0002:000018b8       ??_R1A@?0A@A@length_error@std@@8 0040e8b8     libcpmt:string.obj
 0002:000018d0       ??_R2length_error@std@@8   0040e8d0     libcpmt:string.obj
 0002:000018e0       ??_R3length_error@std@@8   0040e8e0     libcpmt:string.obj
 0002:000018f0       ??_R4length_error@std@@6B@ 0040e8f0     libcpmt:string.obj
 0002:00001904       ??_R1A@?0A@A@out_of_range@std@@8 0040e904     libcpmt:string.obj
 0002:0000191c       ??_R2out_of_range@std@@8   0040e91c     libcpmt:string.obj
 0002:0000192c       ??_R3out_of_range@std@@8   0040e92c     libcpmt:string.obj
 0002:0000193c       ??_R4out_of_range@std@@6B@ 0040e93c     libcpmt:string.obj
 0002:00001950       ??_R1A@?0A@A@bad_alloc@std@@8 0040e950     libcpmt:nomemory.obj
 0002:00001968       ??_R2bad_alloc@std@@8      0040e968     libcpmt:nomemory.obj
 0002:00001974       ??_R3bad_alloc@std@@8      0040e974     libcpmt:nomemory.obj
 0002:00001984       ??_R4bad_alloc@std@@6B@    0040e984     libcpmt:nomemory.obj
 0002:00001998       ??_R1A@?0A@A@type_info@@8  0040e998     LIBCMT:typinfo.obj
 0002:000019b0       ??_R2type_info@@8          0040e9b0     LIBCMT:typinfo.obj
 0002:000019b8       ??_R3type_info@@8          0040e9b8     LIBCMT:typinfo.obj
 0002:000019c8       ??_R4type_info@@6B@        0040e9c8     LIBCMT:typinfo.obj
 0002:000019dc       ??_R2exception@@8          0040e9dc     LIBCMT:stdexcpt.obj
 0002:000019e4       ??_R3exception@@8          0040e9e4     LIBCMT:stdexcpt.obj
 0002:000019f4       ??_R4exception@@6B@        0040e9f4     LIBCMT:stdexcpt.obj
 0002:00001a10       ___safe_se_handler_table   0040ea10     <linker-defined>
 0002:00001a50       ___rtc_iaa                 0040ea50     LIBCMT:initsect.obj
 0002:00001a54       ___rtc_izz                 0040ea54     LIBCMT:initsect.obj
 0002:00001a58       ___rtc_taa                 0040ea58     LIBCMT:initsect.obj
 0002:00001a5c       ___rtc_tzz                 0040ea5c     LIBCMT:initsect.obj
 0002:00001c1c       __CT??_R0?AVHashStopException@FileHash@@@8??0HashStopException@FileHash@@QAE@ABV01@@Z28 0040ec1c     ZFileHash.obj
 0002:00001c38       __CTA1?AVHashStopException@FileHash@@ 0040ec38     ZFileHash.obj
 0002:00001c40       __CT??_R0?AVFileHashException@FileHash@@@8??0FileHashException@FileHash@@QAE@ABV01@@Z28 0040ec40     ZFileHash.obj
 0002:00001c5c       __CTA1?AVFileHashException@FileHash@@ 0040ec5c     ZFileHash.obj
 0002:00001c64       __TI1?AVHashStopException@FileHash@@ 0040ec64     ZFileHash.obj
 0002:00001c74       __TI1?AVFileHashException@FileHash@@ 0040ec74     ZFileHash.obj
 0002:00001d5c       __CT??_R0?AVexception@@@8??0exception@@QAE@ABV0@@Z12 0040ed5c     libcpmt:string.obj
 0002:00001d78       __CT??_R0?AVlogic_error@std@@@8??0logic_error@std@@QAE@ABV01@@Z40 0040ed78     libcpmt:string.obj
 0002:00001d94       __CT??_R0?AVout_of_range@std@@@8??0out_of_range@std@@QAE@ABV01@@Z40 0040ed94     libcpmt:string.obj
 0002:00001db0       __CTA3?AVout_of_range@std@@ 0040edb0     libcpmt:string.obj
 0002:00001dc0       __TI3?AVout_of_range@std@@ 0040edc0     libcpmt:string.obj
 0002:00001dd0       __CT??_R0?AVlength_error@std@@@8??0length_error@std@@QAE@ABV01@@Z40 0040edd0     libcpmt:string.obj
 0002:00001dec       __CTA3?AVlength_error@std@@ 0040edec     libcpmt:string.obj
 0002:00001dfc       __TI3?AVlength_error@std@@ 0040edfc     libcpmt:string.obj
 0002:00001e30       __CT??_R0?AVbad_alloc@std@@@8??0bad_alloc@std@@QAE@ABV01@@Z12 0040ee30     libcpmt:nomemory.obj
 0002:00001e4c       __CTA2?AVbad_alloc@std@@   0040ee4c     libcpmt:nomemory.obj
 0002:00001e58       __TI2?AVbad_alloc@std@@    0040ee58     libcpmt:nomemory.obj
 0002:00001e68       __IMPORT_DESCRIPTOR_KERNEL32 0040ee68     kernel32:KERNEL32.dll
 0002:00001e7c       __IMPORT_DESCRIPTOR_USER32 0040ee7c     user32:USER32.dll
 0002:00001e90       __IMPORT_DESCRIPTOR_comdlg32 0040ee90     comdlg32:comdlg32.dll
 0002:00001ea4       __IMPORT_DESCRIPTOR_SHELL32 0040eea4     shell32:SHELL32.dll
 0002:00001eb8       __IMPORT_DESCRIPTOR_ole32  0040eeb8     ole32:ole32.dll
 0002:00001ecc       __NULL_IMPORT_DESCRIPTOR   0040eecc     kernel32:KERNEL32.dll
 0003:00000000       ___xc_a                    00410000     LIBCMT:crt0init.obj
 0003:0000000c       ___xc_z                    0041000c     LIBCMT:crt0init.obj
 0003:00000010       ___xi_a                    00410010     LIBCMT:crt0init.obj
 0003:00000024       ___xi_z                    00410024     LIBCMT:crt0init.obj
 0003:00000028       ___xp_a                    00410028     LIBCMT:crt0init.obj
 0003:00000030       ___xp_z                    00410030     LIBCMT:crt0init.obj
 0003:00000034       ___xt_a                    00410034     LIBCMT:crt0init.obj
 0003:0000003c       ___xt_z                    0041003c     LIBCMT:crt0init.obj
 0003:000000c0       ?g_strVersion@@3V?$basic_string@DU?$char_traits@D@std@@V?$allocator@D@2@@std@@A 004100c0     md5Checker.obj
 0003:000000dc       ??_R0?AVHashStopException@FileHash@@@8 004100dc     md5Checker.obj
 0003:00000188       ??_R0?AVFileHashException@FileHash@@@8 00410188     ZFileHash.obj
 0003:000001b4       ??_R0?AVexception@@@8      004101b4     libcpmt:string.obj
 0003:000001cc       ??_R0?AVlogic_error@std@@@8 004101cc     libcpmt:string.obj
 0003:000001ec       ??_R0?AVlength_error@std@@@8 004101ec     libcpmt:string.obj
 0003:0000020c       ??_R0?AVout_of_range@std@@@8 0041020c     libcpmt:string.obj
 0003:0000022c       ??_R0?AVbad_alloc@std@@@8  0041022c     libcpmt:nomemory.obj
 0003:00000250       __NLG_Destination          00410250     LIBCMT:exsup.obj
 0003:00000260       ?__pMyUnhandledExceptionFilter@@3PAXA 00410260     LIBCMT:throw.obj
 0003:00000264       ___security_cookie         00410264     LIBCMT:seccook.obj
 0003:00000268       ??_R0?AVtype_info@@@8      00410268     LIBCMT:typinfo.obj
 0003:00000280       __aexit_rtn                00410280     LIBCMT:wincrt0.obj
 0003:00000284       ___app_type                00410284     LIBCMT:wincrt0.obj
 0003:00000294       ___tlsindex                00410294     LIBCMT:tidtable.obj
 0003:00000298       ?__pInconsistency@@3P6AXXZA 00410298     LIBCMT:hooks.obj
 0003:000002a0       ___nullstring              004102a0     LIBCMT:output.obj
 0003:000002a4       ___wnullstring             004102a4     LIBCMT:output.obj
 0003:00000630       __iob                      00410630     LIBCMT:_file.obj
 0003:00000948       __XcptActTab               00410948     LIBCMT:winxfltr.obj
 0003:000009c0       __First_FPE_Indx           004109c0     LIBCMT:winxfltr.obj
 0003:000009c4       __Num_FPE                  004109c4     LIBCMT:winxfltr.obj
 0003:000009c8       __XcptActTabSize           004109c8     LIBCMT:winxfltr.obj
 0003:000009cc       __XcptActTabCount          004109cc     LIBCMT:winxfltr.obj
 0003:000009d0       ___badioinfo               004109d0     LIBCMT:ioinit.obj
 0003:000009f4       __amblksiz                 004109f4     LIBCMT:heapinit.obj
 0003:00000a08       ___initiallocinfo          00410a08     LIBCMT:setlocal.obj
 0003:00000a5c       ___ptlocinfo               00410a5c     LIBCMT:setlocal.obj
 0003:00000ba0       __cfltcvt_tab              00410ba0     LIBCMT:cmiscdat.obj
 0003:00000bb8       __pctype                   00410bb8     LIBCMT:ctype.obj
 0003:00000bbc       __pwctype                  00410bbc     LIBCMT:ctype.obj
 0003:00000bc0       ___lc_clike                00410bc0     LIBCMT:nlsdata2.obj
 0003:00000bd0       ___lc_time_curr            00410bd0     LIBCMT:strftime.obj
 0003:00000bd8       ___lc_time_c               00410bd8     LIBCMT:strftime.obj
 0003:00000c90       ___lconv_static_decimal    00410c90     LIBCMT:lconv.obj
 0003:00000c94       ___lconv_c                 00410c94     LIBCMT:lconv.obj
 0003:00000cc4       ___lconv                   00410cc4     LIBCMT:lconv.obj
 0003:00000cd0       ___mb_cur_max              00410cd0     LIBCMT:nlsdata1.obj
 0003:00000cd4       ___decimal_point           00410cd4     LIBCMT:nlsdata1.obj
 0003:00000cd8       ___decimal_point_length    00410cd8     LIBCMT:nlsdata1.obj
 0003:00000ce0       __timezone                 00410ce0     LIBCMT:timeset.obj
 0003:00000ce4       __daylight                 00410ce4     LIBCMT:timeset.obj
 0003:00000ce8       __dstbias                  00410ce8     LIBCMT:timeset.obj
 0003:00000d70       __tzname                   00410d70     LIBCMT:timeset.obj
 0003:00000d90       __lpdays                   00410d90     LIBCMT:days.obj
 0003:00000dc4       __days                     00410dc4     LIBCMT:days.obj
 0003:00000e5c       ___pPurecall               00410e5c     LIBCMT:purevirt.obj
 0003:00000e60       __aenvptr                  00410e60     LIBCMT:wincrt0.obj
 0003:00000e64       __wenvptr                  00410e64     LIBCMT:wincrt0.obj
 0003:00000e68       ___error_mode              00410e68     LIBCMT:wincrt0.obj
 0003:00000e6c       ?_pnhHeap@@3P6AHI@ZA       00410e6c     LIBCMT:handler.obj
 0003:00000e70       _gpFlsAlloc                00410e70     LIBCMT:tidtable.obj
 0003:00000e74       _gpFlsGetValue             00410e74     LIBCMT:tidtable.obj
 0003:00000e78       _gpFlsSetValue             00410e78     LIBCMT:tidtable.obj
 0003:00000e7c       _gpFlsFree                 00410e7c     LIBCMT:tidtable.obj
 0003:00000e8c       __umaskval                 00410e8c     LIBCMT:crt0dat.obj
 0003:00000e90       __osplatform               00410e90     LIBCMT:crt0dat.obj
 0003:00000e94       __osver                    00410e94     LIBCMT:crt0dat.obj
 0003:00000e98       __winver                   00410e98     LIBCMT:crt0dat.obj
 0003:00000e9c       __winmajor                 00410e9c     LIBCMT:crt0dat.obj
 0003:00000ea0       __winminor                 00410ea0     LIBCMT:crt0dat.obj
 0003:00000ea4       ___argc                    00410ea4     LIBCMT:crt0dat.obj
 0003:00000ea8       ___argv                    00410ea8     LIBCMT:crt0dat.obj
 0003:00000eac       ___wargv                   00410eac     LIBCMT:crt0dat.obj
 0003:00000eb0       __environ                  00410eb0     LIBCMT:crt0dat.obj
 0003:00000eb4       ___initenv                 00410eb4     LIBCMT:crt0dat.obj
 0003:00000eb8       __wenviron                 00410eb8     LIBCMT:crt0dat.obj
 0003:00000ebc       ___winitenv                00410ebc     LIBCMT:crt0dat.obj
 0003:00000ec0       __pgmptr                   00410ec0     LIBCMT:crt0dat.obj
 0003:00000ec4       __wpgmptr                  00410ec4     LIBCMT:crt0dat.obj
 0003:00000ec8       __exitflag                 00410ec8     LIBCMT:crt0dat.obj
 0003:00000ecc       __C_Termination_Done       00410ecc     LIBCMT:crt0dat.obj
 0003:00000ed0       __C_Exit_Done              00410ed0     LIBCMT:crt0dat.obj
 0003:00001028       __cflush                   00411028     LIBCMT:_file.obj
 0003:0000102c       __adbgmsg                  0041102c     LIBCMT:crt0msg.obj
 0003:0000113c       __newmode                  0041113c     LIBCMT:_newmode.obj
 0003:000011ac       ___lc_handle               004111ac     LIBCMT:nlsdata2.obj
 0003:000011c4       ___lc_codepage             004111c4     LIBCMT:nlsdata2.obj
 0003:000011c8       ___lc_collate_cp           004111c8     LIBCMT:nlsdata2.obj
 0003:000011d8       __commode                  004111d8     LIBCMT:ncommode.obj
 0003:000011dc       ___lconv_static_null       004111dc     LIBCMT:lconv.obj
 0003:000011e0       ___lc_time_intl            004111e0     LIBCMT:inittime.obj
 0003:000011e4       ___lconv_intl              004111e4     LIBCMT:initmon.obj
 0003:0000120c       ___lc_id                   0041120c     LIBCMT:nlsdata3.obj
 0003:00001244       __fmode                    00411244     LIBCMT:txtmode.obj
 0003:00001314       ___ctype1_refcount         00411314     <common>
 0003:00001318       ___lconv_mon_refcount      00411318     <common>
 0003:0000131c       ___lconv_num_refcount      0041131c     <common>
 0003:00001320       ___sbh_pHeaderDefer        00411320     <common>
 0003:00001324       ___sbh_cntHeaderList       00411324     <common>
 0003:00001328       ___sbh_pHeaderList         00411328     <common>
 0003:0000132c       ___sbh_threshold           0041132c     <common>
 0003:00001330       ___sbh_pHeaderScan         00411330     <common>
 0003:00001334       ___sbh_sizeHeaderList      00411334     <common>
 0003:00001338       ___sbh_indGroupDefer       00411338     <common>
 0003:0000133c       __crtheap                  0041133c     <common>
 0003:00001340       ___active_heap             00411340     <common>
 0003:00001344       __nhandle                  00411344     <common>
 0003:00001360       ___pioinfo                 00411360     <common>
 0003:00001460       ___piob                    00411460     <common>
 0003:00001480       __bufin                    00411480     <common>
 0003:00002480       __nstream                  00412480     <common>
 0003:00002484       ___env_initialized         00412484     <common>
 0003:00002488       ___onexitend               00412488     <common>
 0003:0000248c       ___onexitbegin             0041248c     <common>
 0003:00002490       ___mbctype_initialized     00412490     <common>
 0003:00002494       __FPinit                   00412494     <common>
 0003:00002498       ___mblcid                  00412498     <common>
 0003:0000249c       ___ptmbcinfo               0041249c     <common>
 0003:000024a0       ___ismbcodepage            004124a0     <common>
 0003:000024c0       __mbctype                  004124c0     <common>
 0003:000025c4       ___mbcodepage              004125c4     <common>
 0003:000025d0       ___mbulinfo                004125d0     <common>
 0003:000025e0       __mbcasemap                004125e0     <common>
 0003:000026e0       __acmdln                   004126e0     <common>

 entry point at        0001:00003bfd

 Static symbols

 0001:00000153       $L69227                    00401153 f i main.obj
 0001:000001eb       $L69229                    004011eb f i main.obj
 0001:0000135e       $L73221                    0040235e f   md5Checker.obj
 0001:00002a1a       $L72106                    00403a1a f   ZFileHash.obj
 0001:00003141       ?CatchGuardHandler@@YA?AW4_EXCEPTION_DISPOSITION@@PAUEHExceptionRecord@@PAUCatchGuardRN@@PAX2@Z 00404141 f   LIBCMT:trnsctrl.obj
 0001:00003243       ?TranslatorGuardHandler@@YA?AW4_EXCEPTION_DISPOSITION@@PAUEHExceptionRecord@@PAUTranslatorGuardRN@@PAX2@Z 00404243 f   LIBCMT:trnsctrl.obj
 0001:00003460       $$$00001                   00404460 f   LIBCMT:exsup.obj
 0001:00003480       __unwind_handler           00404480 f   LIBCMT:exsup.obj
 0001:00003480       $$$00003                   00404480 f   LIBCMT:exsup.obj
 0001:000034a2       $$$00005                   004044a2 f   LIBCMT:exsup.obj
 0001:0000350a       $$$00007                   0040450a f   LIBCMT:exsup.obj
 0001:0000354e       $$$00011                   0040454e f   LIBCMT:exsup.obj
 0001:00003588       _report_failure            00404588 f   LIBCMT:secchk.obj
 0001:0000377b       __onexit_lk                0040477b f   LIBCMT:onexit.obj
 0001:00003bd9       _fast_error_exit           00404bd9 f   LIBCMT:wincrt0.obj
 0001:000043e7       ?TypeMatch@@YAHPBU_s_HandlerType@@PBU_s_CatchableType@@PBU_s_ThrowInfo@@@Z 004053e7 f   LIBCMT:frame.obj
 0001:00004436       ?FrameUnwindFilter@@YAHPAU_EXCEPTION_POINTERS@@@Z 00405436 f   LIBCMT:frame.obj
 0001:00004567       ?AdjustPointer@@YAPAXPAXABUPMD@@@Z 00405567 f   LIBCMT:frame.obj
 0001:00004586       ?CallCatchBlock@@YAPAXPAUEHExceptionRecord@@PAUEHRegistrationNode@@PAU_CONTEXT@@PBU_s_FuncInfo@@PAXHK@Z 00405586 f   LIBCMT:frame.obj
 0001:0000474a       ?BuildCatchObject@@YAXPAUEHExceptionRecord@@PAXPBU_s_HandlerType@@PBU_s_CatchableType@@@Z 0040574a f   LIBCMT:frame.obj
 0001:000048c6       ?CatchIt@@YAXPAUEHExceptionRecord@@PAUEHRegistrationNode@@PAU_CONTEXT@@PAXPBU_s_FuncInfo@@PBU_s_HandlerType@@PBU_s_CatchableType@@PBU_s_TryBlockMapEntry@@H1E@Z 004058c6 f   LIBCMT:frame.obj
 0001:0000492d       ?FindHandlerForForeignException@@YAXPAUEHExceptionRecord@@PAUEHRegistrationNode@@PAU_CONTEXT@@PAXPBU_s_FuncInfo@@HH1@Z 0040592d f   LIBCMT:frame.obj
 0001:000049eb       ?FindHandler@@YAXPAUEHExceptionRecord@@PAUEHRegistrationNode@@PAU_CONTEXT@@PAXPBU_s_FuncInfo@@EH1@Z 004059eb f   LIBCMT:frame.obj
 0001:0000537d       $$$00003                   0040637d f   LIBCMT:exsup3.obj
 0001:00005496       _write_char                00406496 f   LIBCMT:output.obj
 0001:000054c9       _write_multi_char          004064c9 f   LIBCMT:output.obj
 0001:000054ed       _write_string              004064ed f   LIBCMT:output.obj
 0001:00005d1e       _CPtoLCID                  00406d1e f   LIBCMT:mbctype.obj
 0001:00005d4d       _setSBCS                   00406d4d f   LIBCMT:mbctype.obj
 0001:00005d76       _setSBUpLow                00406d76 f   LIBCMT:mbctype.obj
 0001:00005f71       __setmbcp_lk               00406f71 f   LIBCMT:mbctype.obj
 0001:000064f1       __initterm                 004074f1 f   LIBCMT:crt0dat.obj
 0001:00006573       _doexit                    00407573 f   LIBCMT:crt0dat.obj
 0001:00006b5c       _flsall                    00407b5c f   LIBCMT:fflush.obj
 0001:000077c4       _parse_cmdline             004087c4 f   LIBCMT:stdargv.obj
 0001:00008c23       ___updatetlocinfo_lk       00409c23 f   LIBCMT:setlocal.obj
 0001:00009c1b       ___crtInitCritSecNoSpinCount@8 0040ac1b f   LIBCMT:initcrit.obj
 0001:0000a187       __tsopen_lk                0040b187 f   LIBCMT:open.obj
 0001:0000a4c3       _x_ismbbtype               0040b4c3 f   LIBCMT:ismbbyte.obj
 0001:0000a9d0       _siglookup                 0040b9d0 f   LIBCMT:winsig.obj
 0001:0000b270       _$$$00001                  0040c270 f   LIBCMT:strchr.obj
 0001:0000b350       __ehhandler$?_Copy@?$basic_string@DU?$char_traits@D@std@@V?$allocator@D@2@@std@@IAEXII@Z 0040c350 f   main.obj
 0001:0000b360       $L70107                    0040c360 f   md5Checker.obj
 0001:0000b360       $L70200                    0040c360 f   md5Checker.obj
 0001:0000b368       __ehhandler$??1ZMD5Checker@@UAE@XZ 0040c368 f   md5Checker.obj
 0001:0000b368       __ehhandler$??0ZMD5Checker@@AAE@XZ 0040c368 f   md5Checker.obj
 0001:0000b380       $L70923                    0040c380 f   md5Checker.obj
 0001:0000b38e       __ehhandler$?getInstance@ZMD5Checker@@SAAAV1@XZ 0040c38e f   md5Checker.obj
 0001:0000b3a0       $L72033                    0040c3a0 f   md5Checker.obj
 0001:0000b3ab       $L72034                    0040c3ab f   md5Checker.obj
 0001:0000b3b6       __ehhandler$?CheckSameStringMD5SUM@ZMD5Checker@@AAEXXZ 0040c3b6 f   md5Checker.obj
 0001:0000b3c0       $L73222                    0040c3c0 f   md5Checker.obj
 0001:0000b3cb       __ehhandler$?Execute@ZMD5Checker@@QAEXXZ 0040c3cb f   md5Checker.obj
 0001:0000b3e0       $L73581                    0040c3e0 f   md5Checker.obj
 0001:0000b3e0       $L73992                    0040c3e0 f   md5Checker.obj
 0001:0000b3eb       __ehhandler$?MakeSendToShortcut@ZMD5Checker@@AAEXXZ 0040c3eb f   md5Checker.obj
 0001:0000b3eb       __ehhandler$?DeleteSendToShortcut@ZMD5Checker@@AAEXXZ 0040c3eb f   md5Checker.obj
 0001:0000b400       $L70825                    0040c400 f   ZFileHash.obj
 0001:0000b400       $L70714                    0040c400 f   ZFileHash.obj
 0001:0000b408       __ehhandler$??0HashStopException@FileHash@@QAE@ABV?$basic_string@DU?$char_traits@D@std@@V?$allocator@D@2@@std@@@Z 0040c408 f   ZFileHash.obj
 0001:0000b408       __ehhandler$??0FileHashException@FileHash@@QAE@ABV?$basic_string@DU?$char_traits@D@std@@V?$allocator@D@2@@std@@@Z 0040c408 f   ZFileHash.obj
 0001:0000b420       $L70949                    0040c420 f   ZFileHash.obj
 0001:0000b428       __ehhandler$?MDPrint@ZFileHash@FileHash@@AAE?AV?$basic_string@DU?$char_traits@D@std@@V?$allocator@D@2@@std@@PAE@Z 0040c428 f   ZFileHash.obj
 0001:0000b440       $L71251                    0040c440 f   ZFileHash.obj
 0001:0000b44b       $L71252                    0040c44b f   ZFileHash.obj
 0001:0000b456       $L71253                    0040c456 f   ZFileHash.obj
 0001:0000b461       $L71254                    0040c461 f   ZFileHash.obj
 0001:0000b46c       $L71256                    0040c46c f   ZFileHash.obj
 0001:0000b477       $L71255                    0040c477 f   ZFileHash.obj
 0001:0000b482       __ehhandler$?MDFile@ZFileHash@FileHash@@AAE?AV?$basic_string@DU?$char_traits@D@std@@V?$allocator@D@2@@std@@PBDPAVIHashProgressListener@2@@Z 0040c482 f   ZFileHash.obj
 0001:0000b490       $L72107                    0040c490 f   ZFileHash.obj
 0001:0000b498       $L72108                    0040c498 f   ZFileHash.obj
 0001:0000b4a0       $L72109                    0040c4a0 f   ZFileHash.obj
 0001:0000b4a8       __ehhandler$?GetHashStringFromFile@ZFileHash@FileHash@@QAE?AV?$basic_string@DU?$char_traits@D@std@@V?$allocator@D@2@@std@@ABV34@PAVIHashProgressListener@2@@Z 0040c4a8 f   ZFileHash.obj
 0001:0000b4b2       $L11871                    0040c4b2 f   libcpmt:string.obj
 0001:0000b4b2       $L11664                    0040c4b2 f   libcpmt:string.obj
 0001:0000b4ba       __ehhandler$?_Xlen@_String_base@std@@QBEXXZ 0040c4ba f   libcpmt:string.obj
 0001:0000b4ba       __ehhandler$?_Xran@_String_base@std@@QBEXXZ 0040c4ba f   libcpmt:string.obj
 0001:0000b4c4       $L11742                    0040c4c4 f   libcpmt:string.obj
 0001:0000b4c4       $L11600                    0040c4c4 f   libcpmt:string.obj
 0001:0000b4cc       __ehhandler$??0logic_error@std@@QAE@ABV01@@Z 0040c4cc f   libcpmt:string.obj
 0001:0000b4cc       __ehhandler$??0logic_error@std@@QAE@ABV?$basic_string@DU?$char_traits@D@std@@V?$allocator@D@2@@1@@Z 0040c4cc f   libcpmt:string.obj
 0001:0000b4e0       _$E1                       0040c4e0 f   md5Checker.obj
 0001:0000b500       _$E2                       0040c500 f   md5Checker.obj
 0001:0000b530       _$E5                       0040c530 f   md5Checker.obj
 0001:0000b53a       _$E2                       0040c53a f   libcpmt:nomemory.obj

Line numbers for .\obj\ZMDCheckerObjR\ZFileHash.obj(c:\program files\microsoft visual studio .net 2003\vc7\include\xstring) segment .text

   323 0001:00002960   324 0001:00002961   325 0001:00002965   326 0001:0000297f

Line numbers for .\obj\ZMDCheckerObjR\ZFileHash.obj(c:\myprograms\win32md5sumchecker\zfilehash.h) segment .text

    23 0001:000024a0    46 0001:000024a0    25 0001:000024cc    48 0001:000024cc
    26 0001:000024dd    50 0001:000024dd    51 0001:00002930

Line numbers for .\obj\ZMDCheckerObjR\ZFileHash.obj(c:\myprograms\win32md5sumchecker\zfilehash.cpp) segment .text

    10 0001:00002480    11 0001:00002482    12 0001:00002486    16 0001:00002490
    15 0001:00002490   101 0001:00002500   107 0001:0000251e   110 0001:00002544
   111 0001:00002562   113 0001:0000258e   114 0001:000025c2    38 0001:000025f0
    41 0001:00002612    42 0001:00002641    44 0001:00002646    46 0001:0000264d
    49 0001:00002695    51 0001:000026a5    53 0001:000026b1    55 0001:000026c0
    62 0001:000026db    64 0001:000026fa    68 0001:00002742    77 0001:0000274e
    79 0001:00002783    83 0001:00002792    86 0001:0000279b    88 0001:000027a7
    90 0001:000027d6    92 0001:00002814    93 0001:00002828    95 0001:00002831
    96 0001:00002879    97 0001:0000288d    98 0001:000028c9    81 0001:000028f2
    20 0001:00002990    21 0001:000029be    25 0001:000029cb    29 0001:00002a1a
    31 0001:00002a2a    32 0001:00002a46    34 0001:00002a63    35 0001:00002a95

Line numbers for .\obj\ZMDCheckerObjR\md5class.obj(c:\myprograms\win32md5sumchecker\md5class.cpp) segment .text

   152 0001:00001990   151 0001:00001990   154 0001:000019b0   157 0001:000019d6
   158 0001:000019fa   159 0001:00001a18   160 0001:00001a46   161 0001:00001a62
   162 0001:00001a87   163 0001:00001ab8   164 0001:00001add   165 0001:00001b02
   166 0001:00001b22   167 0001:00001b40   168 0001:00001b78   169 0001:00001b96
   170 0001:00001bb6   171 0001:00001be7   172 0001:00001c0c   175 0001:00001c33
   176 0001:00001c52   177 0001:00001c77   178 0001:00001c9a   179 0001:00001cbd
   180 0001:00001cde   181 0001:00001d03   182 0001:00001d24   183 0001:00001d47
   184 0001:00001d6a   185 0001:00001d8d   187 0001:00001db0   188 0001:00001dd1
   189 0001:00001df6   190 0001:00001e19   191 0001:00001e3c   194 0001:00001e4c
   195 0001:00001e6b   196 0001:00001e8a   197 0001:00001ebc   198 0001:00001ed9
   199 0001:00001ef4   200 0001:00001f0e   201 0001:00001f34   202 0001:00001f51
   203 0001:00001f5b   204 0001:00001f7a   205 0001:00001fac   206 0001:00001fcb
   207 0001:00001fd3   209 0001:00001ffe   212 0001:00002033   213 0001:0000204d
   214 0001:0000206e   215 0001:0000209b   216 0001:000020bc   217 0001:000020dd
   218 0001:000020fe   219 0001:0000211a   220 0001:00002134   221 0001:00002166
   222 0001:0000217e   223 0001:0000219f   224 0001:000021c0   225 0001:000021dc
   226 0001:000021f6   227 0001:00002206   229 0001:0000223f   230 0001:0000224b
   231 0001:0000225d   232 0001:00002265   238 0001:00002271    61 0001:00002280
    65 0001:00002284    70 0001:00002290    71 0001:000022af    72 0001:000022b2
    74 0001:000022bf    78 0001:000022c6    80 0001:000022ca    81 0001:000022e3
    83 0001:000022ef    85 0001:00002304    88 0001:0000231d    90 0001:0000231f
    92 0001:00002321    96 0001:00002323    97 0001:00002342     7 0001:00002350
     8 0001:00002352     9 0001:00002375    23 0001:00002380    22 0001:00002380
    24 0001:00002390    32 0001:000023a0    37 0001:000023aa    41 0001:000023e6
    42 0001:000023ef    43 0001:00002400    46 0001:0000240e    49 0001:00002430
    53 0001:0000244f    54 0001:00002458    28 0001:00002470    27 0001:00002470
    29 0001:0000247b    12 0001:00002490    14 0001:00002490

Line numbers for .\obj\ZMDCheckerObjR\md5Checker.obj(c:\myprograms\win32md5sumchecker\commondefine.h) segment .text

     4 0001:0000b4e0

Line numbers for .\obj\ZMDCheckerObjR\md5Checker.obj(c:\myprograms\win32md5sumchecker\md5checker.h) segment .text

    12 0001:00000aa0

Line numbers for .\obj\ZMDCheckerObjR\md5Checker.obj(c:\program files\microsoft visual studio .net 2003\vc7\include\string) segment .text

    72 0001:00000a70    71 0001:00000a70    73 0001:00000a9b

Line numbers for .\obj\ZMDCheckerObjR\md5Checker.obj(c:\program files\microsoft visual studio .net 2003\vc7\include\xstring) segment .text

  1412 0001:00000790  1413 0001:00000792  1414 0001:0000079e  1415 0001:000007a3
  1416 0001:000007b0  1420 0001:000007b2  1422 0001:000007e4  1423 0001:000007f2
  1422 0001:000007f5  1423 0001:000007ff   502 0001:00000b90   503 0001:00000b92
   504 0001:00000ba2   505 0001:00000ba7   506 0001:00000bac   507 0001:00000bb4
   508 0001:00000bb6   509 0001:00000bc2   511 0001:00000bc9   514 0001:00000bfa
   511 0001:00000c0b   517 0001:00000c20   518 0001:00000c23   511 0001:00000c26
   517 0001:00000c2f   518 0001:00000c32   514 0001:00000c35   515 0001:00000c61
   517 0001:00000c73   518 0001:00000c76   608 0001:00000c80   609 0001:00000c83
   610 0001:00000cb4   618 0001:00000cce   612 0001:00000cd2   614 0001:00000cf9
   612 0001:00000d04   617 0001:00000d19   618 0001:00000d1c   612 0001:00000d1f
   617 0001:00000d28   618 0001:00000d2b   614 0001:00000d2e   615 0001:00000d41
   617 0001:00000d54   618 0001:00000d57   615 0001:00000d5a   617 0001:00000d64
   618 0001:00000d67   521 0001:00000dd0   522 0001:00000dd3   523 0001:00000e04
   534 0001:00000e1e   524 0001:00000e21   525 0001:00000e31   528 0001:00000e38
   530 0001:00000e69   528 0001:00000e74   533 0001:00000e89   534 0001:00000e8c
   528 0001:00000e8f   533 0001:00000e98   534 0001:00000e9b   530 0001:00000e9e
   531 0001:00000eb6   533 0001:00000ec9   534 0001:00000ecc   531 0001:00000ecf
   533 0001:00000ed9   534 0001:00000edc   362 0001:00000ee0   360 0001:00000ee0
   363 0001:00000f13

Line numbers for .\obj\ZMDCheckerObjR\md5Checker.obj(c:\myprograms\win32md5sumchecker\md5checker.cpp) segment .text

   117 0001:00000580   123 0001:00000592   124 0001:000005aa   129 0001:000005b2
   130 0001:000005c4   134 0001:000005d6   136 0001:000005eb   141 0001:000005ef
   156 0001:0000060d   157 0001:00000620   159 0001:0000062a   161 0001:00000634
   162 0001:00000637   300 0001:00000650   301 0001:00000653   302 0001:00000671
   304 0001:00000682   305 0001:00000688   308 0001:00000690   309 0001:00000693
   310 0001:000006b1   312 0001:000006c2   313 0001:000006c8   463 0001:000006d0
   465 0001:000006d0   472 0001:000006f6   474 0001:0000070b   475 0001:0000070d
   477 0001:00000727   480 0001:00000738   481 0001:0000073d   484 0001:0000073f
   485 0001:00000744   488 0001:00000746   489 0001:0000074b   492 0001:0000074d
   498 0001:0000075f   501 0001:00000775    27 0001:00000810    31 0001:00000823
    36 0001:00000848    38 0001:00000861    40 0001:0000088a    42 0001:0000088f
    43 0001:000008a4    44 0001:000008bf    46 0001:000008dd    49 0001:00000917
    50 0001:00000929    53 0001:00000940    55 0001:00000943    58 0001:00000961
    61 0001:00000968    62 0001:0000097f   316 0001:00000980   321 0001:00000996
   323 0001:000009a3   329 0001:000009aa   340 0001:000009ac   348 0001:000009fc
   351 0001:00000a17   353 0001:00000a1e   453 0001:00000a40   452 0001:00000a40
   454 0001:00000a64    23 0001:00000b30    24 0001:00000b62    16 0001:00000d70
    17 0001:00000d76    19 0001:00000db9   380 0001:00000f20   382 0001:00000f43
   385 0001:00000f73   386 0001:00000f96   388 0001:00000fb8   390 0001:00000fc4
   391 0001:00001019   394 0001:00001054   396 0001:0000105d   397 0001:000010b2
   403 0001:000010ed   404 0001:00001102   406 0001:00001128   408 0001:0000112d
   409 0001:00001174   412 0001:000011ac   414 0001:000011b2   415 0001:000011c5
   419 0001:000011c7   421 0001:000011db   423 0001:000011f0   425 0001:000011f2
   427 0001:00001211   430 0001:00001250   438 0001:00001279   440 0001:000012a8
   443 0001:00001319   444 0001:00001334   449 0001:00001345   447 0001:0000135e
   448 0001:0000138a   507 0001:00001390   504 0001:00001390   509 0001:0000139c
   511 0001:000013d5   512 0001:000013d8   515 0001:000013e0   517 0001:000013e1
   518 0001:000013f7   519 0001:000013fe    67 0001:00001400    75 0001:0000140b
    76 0001:00001427    80 0001:0000142f    86 0001:00001443    89 0001:0000144d
    92 0001:0000145b    95 0001:00001464    96 0001:0000148e    98 0001:0000149c
   102 0001:000014a2   165 0001:000014d0   167 0001:000014fa   169 0001:0000150f
   170 0001:0000151f   171 0001:00001535   172 0001:00001545   174 0001:0000156d
   176 0001:00001571   181 0001:000015c3   184 0001:00001600   186 0001:0000162a
   188 0001:0000163f   189 0001:0000164f   190 0001:00001665   192 0001:00001675
   194 0001:00001693   196 0001:000016df   198 0001:000016e1   200 0001:0000171f
   203 0001:00001760   207 0001:00001769   291 0001:00001786   297 0001:00001788
   293 0001:00001794   294 0001:0000179c   297 0001:0000179e   277 0001:000017aa
   279 0001:000017ba   281 0001:000017d1   283 0001:000017da   284 0001:000017ec
[...]
    43 0001:00009568    44 0001:00009582

Line numbers for C:\Program Files\Microsoft Visual Studio .NET 2003\Vc7\lib\LIBCMT.lib(f:\vs70builds\3077\vc\crtbld\crt\src\ioinit.c) segment .text

   115 0001:00007af4   131 0001:00007af8   133 0001:00007b08   136 0001:00007b10
   137 0001:00007b15   139 0001:00007b1f   141 0001:00007b27   144 0001:00007b2a
   139 0001:00007b45   151 0001:00007b4c   154 0001:00007b57   159 0001:00007b6f
   165 0001:00007b71   166 0001:00007b74   172 0001:00007b7b   178 0001:00007b86
   184 0001:00007b93   198 0001:00007b9e   200 0001:00007ba7   202 0001:00007baf
   205 0001:00007bb2   200 0001:00007bc5   277 0001:00007bd4   190 0001:00007bd6
   213 0001:00007bdc   225 0001:00007be2   227 0001:00007c05   228 0001:00007c1c
   229 0001:00007c24   233 0001:00007c2a   235 0001:00007c3e   213 0001:00007c41
   246 0001:00007c4c   248 0001:00007c4e   250 0001:00007c5a   258 0001:00007c5f
   234 0001:00007c6c   258 0001:00007c71   269 0001:00007c94   270 0001:00007ca0
   271 0001:00007ca4   272 0001:00007cab   277 0001:00007caf   279 0001:00007cc3
   282 0001:00007cc6   288 0001:00007cc8   291 0001:00007ccc   296 0001:00007cce
   246 0001:00007cd2   303 0001:00007cdc   305 0001:00007ce8   306 0001:00007cee

Line numbers for C:\Program Files\Microsoft Visual Studio .NET 2003\Vc7\lib\LIBCMT.lib(f:\vs70builds\3077\vc\crtbld\crt\src\commit.c) segment .text

    39 0001:0000a030    44 0001:0000a03c    51 0001:0000a06b    52 0001:0000a072
    53 0001:0000a076    56 0001:0000a07f    57 0001:0000a091    59 0001:0000a09a
    60 0001:0000a09c    64 0001:0000a0a0    67 0001:0000a0a6    73 0001:0000a0b0
    74 0001:0000a0bb    83 0001:0000a0c8    79 0001:0000a0cd    80 0001:0000a0d0
    46 0001:0000a0d8    47 0001:0000a0e3    84 0001:0000a0e6

Line numbers for C:\Program Files\Microsoft Visual Studio .NET 2003\Vc7\lib\LIBCMT.lib(f:\vs70builds\3077\vc\crtbld\crt\src\close.c) segment .text

    77 0001:00006988   115 0001:00006989   121 0001:000069cc   118 0001:000069d6
   123 0001:000069d8   125 0001:000069de   127 0001:000069ed   129 0001:000069fa
   130 0001:00006a01   133 0001:00006a06   134 0001:00006a0a    43 0001:00006a0b
    48 0001:00006a17    56 0001:00006a42    58 0001:00006a49    59 0001:00006a4d
    60 0001:00006a56    61 0001:00006a60    62 0001:00006a62    63 0001:00006a6d
    70 0001:00006a7a    66 0001:00006a7f    67 0001:00006a82    51 0001:00006a8a
    52 0001:00006a95    53 0001:00006a9d    71 0001:00006aa0

Line numbers for C:\Program Files\Microsoft Visual Studio .NET 2003\Vc7\lib\LIBCMT.lib(f:\vs70builds\3077\vc\crtbld\crt\src\chsize.c) segment .text

    85 0001:0000aef2   125 0001:0000af06   128 0001:0000af41   132 0001:0000af46
   136 0001:0000af4a   137 0001:0000af5d   142 0001:0000af73   147 0001:0000af75
   157 0001:0000af93   150 0001:0000af9b   151 0001:0000afa5   153 0001:0000afb0
   159 0001:0000afb3   163 0001:0000afc3   169 0001:0000afc7   172 0001:0000afd4
   174 0001:0000aff3   175 0001:0000affe   186 0001:0000b00d   187 0001:0000b020
   126 0001:0000b025   188 0001:0000b027

Line numbers for C:\Program Files\Microsoft Visual Studio .NET 2003\Vc7\lib\LIBCMT.lib(F:\VS70Builds\3077\vc\crtbld\crt\src\intel\ulldvrm.asm) segment .text

    47 0001:00009610    45 0001:00009610    79 0001:00009611    80 0001:00009615
    81 0001:00009617    82 0001:00009619    83 0001:0000961d    84 0001:00009621
    85 0001:00009623    86 0001:00009625    87 0001:00009627    88 0001:0000962b
    89 0001:0000962d    94 0001:0000962f    95 0001:00009631    96 0001:00009635
    97 0001:00009637    98 0001:00009639    99 0001:0000963d   100 0001:0000963f
   107 0001:00009641   108 0001:00009643   109 0001:00009647   110 0001:0000964b
   112 0001:0000964f   113 0001:00009651   114 0001:00009653   115 0001:00009655
   116 0001:00009657   117 0001:00009659   118 0001:0000965b   119 0001:0000965d
   128 0001:0000965f   129 0001:00009663   130 0001:00009665   131 0001:00009669
   132 0001:0000966b   133 0001:0000966d   141 0001:0000966f   142 0001:00009673
   143 0001:00009675   144 0001:00009677   145 0001:0000967b   147 0001:0000967d
   148 0001:0000967e   149 0001:00009682   151 0001:00009686   160 0001:00009688
   161 0001:0000968c   162 0001:00009690   163 0001:00009692   164 0001:00009694
   169 0001:00009697   170 0001:00009699   171 0001:0000969b   172 0001:0000969d
   173 0001:0000969f   179 0001:000096a1   181 0001:000096a2

Line numbers for C:\Program Files\Microsoft Visual Studio .NET 2003\Vc7\lib\LIBCMT.lib(F:\VS70Builds\3077\vc\crtbld\crt\src\intel\ulldiv.asm) segment .text

    46 0001:00003b10    44 0001:00003b10    47 0001:00003b11    81 0001:00003b12
    82 0001:00003b16    83 0001:00003b18    84 0001:00003b1a    85 0001:00003b1e
    86 0001:00003b22    87 0001:00003b24    88 0001:00003b26    89 0001:00003b28
    90 0001:00003b2c    91 0001:00003b2e    92 0001:00003b30    99 0001:00003b32
   100 0001:00003b34   101 0001:00003b38   102 0001:00003b3c   104 0001:00003b40
   105 0001:00003b42   106 0001:00003b44   107 0001:00003b46   108 0001:00003b48
   109 0001:00003b4a   110 0001:00003b4c   111 0001:00003b4e   120 0001:00003b50
   121 0001:00003b54   122 0001:00003b56   123 0001:00003b5a   124 0001:00003b5c
   125 0001:00003b5e   133 0001:00003b60   134 0001:00003b64   135 0001:00003b66
   136 0001:00003b68   137 0001:00003b6c   139 0001:00003b6e   141 0001:00003b6f
   142 0001:00003b71   151 0001:00003b73   152 0001:00003b74   154 0001:00003b75

Line numbers for C:\Program Files\Microsoft Visual Studio .NET 2003\Vc7\lib\LIBCMT.lib(F:\VS70Builds\3077\vc\crtbld\crt\src\intel\llmul.asm) segment .text

    62 0001:00003b80    47 0001:00003b80    63 0001:00003b84    64 0001:00003b88
    65 0001:00003b8a    66 0001:00003b8e    68 0001:00003b90    69 0001:00003b94
    71 0001:00003b96    74 0001:00003b99    81 0001:00003b9a    82 0001:00003b9c
    84 0001:00003b9e    85 0001:00003ba2    86 0001:00003ba6    88 0001:00003ba8
    89 0001:00003bac    90 0001:00003bae    92 0001:00003bb0    94 0001:00003bb1

Line numbers for C:\Program Files\Microsoft Visual Studio .NET 2003\Vc7\lib\LIBCMT.lib(f:\vs70builds\3077\vc\crtbld\crt\src\delete.cpp) segment .text

    23 0001:0000307d    20 0001:0000307d

Line numbers for C:\Program Files\Microsoft Visual Studio .NET 2003\Vc7\lib\LIBCMT.lib(f:\vs70builds\3077\vc\crtbld\crt\src\handler.cpp) segment .text

    96 0001:00003e8b    94 0001:00003e8b    98 0001:00003e90   101 0001:00003e9f
   102 0001:00003ea2    99 0001:00003ea3   102 0001:00003ea5

Line numbers for C:\Program Files\Microsoft Visual Studio .NET 2003\Vc7\lib\LIBCMT.lib(f:\vs70builds\3077\vc\crtbld\crt\src\sbheap.c) segment .text

   189 0001:00007e2d   188 0001:00007e2d   199 0001:00007e49   192 0001:00007e4a
   194 0001:00007e4e   195 0001:00007e55   198 0001:00007e61   199 0001:00007e74
   221 0001:00007e75   220 0001:00007e75   230 0001:00007e87   231 0001:00007e8e
   233 0001:00007e96   228 0001:00007e99   235 0001:00007e9d   236 0001:00007e9f
   295 0001:00007ea0   313 0001:00007ea6   316 0001:00007ead   321 0001:00007eb6
   322 0001:00007ece   326 0001:00007ed1   330 0001:00007ede   331 0001:00007ee1
   334 0001:00007ee6   338 0001:00007eec   343 0001:00007ef7   344 0001:00007efb
   345 0001:00007f00   348 0001:00007f03   353 0001:00007f0b   355 0001:00007f0e
   356 0001:00007f19   357 0001:00007f27   359 0001:00007f2c   362 0001:00007f2e
   363 0001:00007f33   364 0001:00007f44   369 0001:00007f4d   373 0001:00007f56
   377 0001:00007f6b   378 0001:00007f71   379 0001:00007f76   382 0001:00007f79
   388 0001:00007f88   391 0001:00007f8b   392 0001:00007f91   393 0001:00007f9c
   397 0001:00007f9e   398 0001:00007fa1   399 0001:00007fa7   400 0001:00007fae
   403 0001:00007fb0   407 0001:00007fb4   412 0001:00007fbf   415 0001:00007fc2
   416 0001:00007fd3   417 0001:00007fd9   419 0001:00007fde   422 0001:00007fe0
   423 0001:00007fee   425 0001:00007ff4   430 0001:00007ffa   431 0001:00008006
   434 0001:00008012   438 0001:0000801a   442 0001:00008028   443 0001:0000802e
   444 0001:00008031   445 0001:00008037   446 0001:0000803a   449 0001:00008040
   455 0001:00008048   456 0001:00008060   457 0001:0000806e   459 0001:0000807d
   461 0001:0000807f   462 0001:00008085   464 0001:00008095   470 0001:000080a8
   472 0001:000080ad   475 0001:000080b1   478 0001:000080bc   482 0001:000080c9
   483 0001:000080cf   487 0001:000080e9   491 0001:000080fe   492 0001:00008114
   493 0001:0000812d   497 0001:00008136   500 0001:0000813c   503 0001:00008144
   509 0001:0000815a   513 0001:00008183   514 0001:00008197   517 0001:0000819b
   522 0001:000081a5   523 0001:000081ad   525 0001:000081b6   811 0001:000081b8
   805 0001:000081b8   814 0001:000081ca   815 0001:000081e9   850 0001:000081ec
   819 0001:000081ed   823 0001:000081fe   827 0001:00008205   828 0001:00008225
   832 0001:00008229   834 0001:00008243   835 0001:00008253   841 0001:00008255
   844 0001:0000825e   847 0001:00008264   849 0001:0000826a   850 0001:0000826e
   872 0001:0000826f   873 0001:00008274   886 0001:00008277   887 0001:00008280
   890 0001:00008284   891 0001:00008286   888 0001:00008287   895 0001:0000828b
   900 0001:000082a0   907 0001:000082ac   908 0001:000082cb   912 0001:000082d3
   915 0001:000082d9   918 0001:000082eb   919 0001:000082ef   925 0001:000082f6
   927 0001:000082fe   930 0001:0000830e   915 0001:00008320   935 0001:00008323
   937 0001:0000832b   938 0001:00008331   941 0001:00008334   942 0001:0000833a
   944 0001:0000833d   945 0001:00008342   946 0001:0000834c   947 0001:00008355
   950 0001:00008360   952 0001:0000836e   953 0001:00008373   975 0001:00008375
   994 0001:0000837b   997 0001:00008387   998 0001:00008392   999 0001:00008395
  1003 0001:000083a7  1010 0001:000083ae  1013 0001:000083c2  1019 0001:000083d5
  1020 0001:000083dc  1021 0001:000083e4  1024 0001:000083ea  1029 0001:000083f2
  1031 0001:000083f5  1032 0001:000083fe  1033 0001:0000840f  1035 0001:00008414
  1038 0001:00008416  1039 0001:0000841b  1040 0001:0000842f  1045 0001:00008435
  1046 0001:0000843e  1049 0001:00008447  1055 0001:00008459  1056 0001:00008463
  1057 0001:0000846c  1061 0001:0000846f  1062 0001:00008478  1063 0001:0000847e
  1064 0001:00008484  1065 0001:00008487  1068 0001:0000848d  1074 0001:00008495
  1075 0001:000084ad  1076 0001:000084bb  1078 0001:000084c1  1080 0001:000084c3
  1081 0001:000084c9  1083 0001:000084d9  1088 0001:000084ec  1090 0001:000084f8
  1094 0001:00008501  1096 0001:00008507  1100 0001:0000850b  1014 0001:00008510
  1100 0001:00008517  1103 0001:0000851d  1109 0001:00008520  1112 0001:0000852d
  1113 0001:00008534  1114 0001:0000853f  1117 0001:00008542  1122 0001:0000854c
  1123 0001:00008553  1124 0001:00008558  1127 0001:0000855b  1132 0001:00008563
  1135 0001:00008566  1136 0001:00008571  1137 0001:0000857f  1139 0001:00008584
  1142 0001:00008586  1143 0001:0000858b  1145 0001:0000859c  1150 0001:000085a5
  1151 0001:000085ae  1154 0001:000085b7  1155 0001:000085c0  1156 0001:000085c4
  1157 0001:000085c9  1163 0001:000085cc  1164 0001:000085d2  1165 0001:000085d5
  1166 0001:000085db  1167 0001:000085de  1170 0001:000085e4  1176 0001:000085ec
  1177 0001:00008604  1178 0001:00008612  1180 0001:00008618  1182 0001:0000861a
  1183 0001:00008620  1185 0001:00008630  1190 0001:00008643  1192 0001:00008648
  1195 0001:0000864c  1196 0001:00008652   546 0001:00008654   564 0001:0000865a
   582 0001:00008672   583 0001:0000867b   585 0001:00008686   586 0001:0000868b
   588 0001:0000868f   591 0001:00008691   596 0001:0000869e   597 0001:000086a8
   600 0001:000086ac   602 0001:000086ba   597 0001:000086c3   606 0001:000086c5
   608 0001:000086ca   612 0001:000086ce   614 0001:000086dc   609 0001:000086df
   614 0001:000086e1   619 0001:000086e6   651 0001:000086ee   653 0001:000086f4
   654 0001:000086f7   659 0001:000086f9   665 0001:00008715   666 0001:0000873a
   665 0001:00008748   668 0001:0000874b   674 0001:0000875d   677 0001:00008767
   682 0001:00008774   623 0001:00008776   625 0001:0000877c   621 0001:00008782
   629 0001:00008787   631 0001:0000878c   634 0001:00008790   636 0001:00008796
   632 0001:00008799   636 0001:0000879b   640 0001:000087a0   641 0001:000087a4
   642 0001:000087b0   647 0001:000087b2   648 0001:000087ca   681 0001:000087d1
   682 0001:000087d3   679 0001:000087d4   684 0001:000087d8   689 0001:000087df
   690 0001:000087e4   691 0001:000087ea   692 0001:000087f2   695 0001:000087f5
   698 0001:000087fd   702 0001:00008805   705 0001:00008808   706 0001:00008816
   707 0001:0000882b   709 0001:00008833   712 0001:00008835   713 0001:00008844
   714 0001:00008853   723 0001:00008861   727 0001:0000887d   728 0001:00008883
   729 0001:00008886   730 0001:0000888c   731 0001:0000888f   734 0001:00008895
   740 0001:0000889d   741 0001:000088b5   743 0001:000088c0   745 0001:000088d0
   747 0001:000088d2   749 0001:000088d8   751 0001:000088e5   745 0001:000088fb
   758 0001:000088fe   760 0001:00008902   762 0001:00008904   767 0001:0000890d
   769 0001:00008917   772 0001:0000891b   776 0001:00008929   777 0001:0000893c
   780 0001:00008943   782 0001:00008948   783 0001:0000894e

Line numbers for C:\Program Files\Microsoft Visual Studio .NET 2003\Vc7\lib\LIBCMT.lib(f:\vs70builds\3077\vc\crtbld\crt\src\realloc.c) segment .text

    64 0001:00006302    69 0001:0000630e    70 0001:00006317    73 0001:00006325
    75 0001:0000632c    76 0001:00006333    81 0001:00006338    88 0001:00006345
    89 0001:00006348    92 0001:00006351    93 0001:00006359    98 0001:0000635c
   102 0001:0000636e   104 0001:00006376   105 0001:00006385   106 0001:00006388
   109 0001:00006398   110 0001:0000639f   112 0001:000063af   113 0001:000063b8
   120 0001:000063c2   122 0001:000063c7   123 0001:000063cb   125 0001:000063d1
   126 0001:000063da   129 0001:000063ef   130 0001:000063f6   131 0001:00006406
   146 0001:0000641b   148 0001:00006420   149 0001:00006424   151 0001:00006427
   152 0001:00006430   156 0001:00006442   167 0001:00006451   168 0001:00006460
   138 0001:00006462   140 0001:0000646a   267 0001:00006473   268 0001:00006475
   270 0001:0000647a   271 0001:0000647e   272 0001:00006481   275 0001:00006490
   286 0001:0000649c   290 0001:000064a5   287 0001:000064a7   292 0001:000064a9

Line numbers for C:\Program Files\Microsoft Visual Studio .NET 2003\Vc7\lib\LIBCMT.lib(f:\vs70builds\3077\vc\crtbld\crt\src\msize.c) segment .text

    39 0001:00006676    44 0001:00006682    49 0001:0000668b    50 0001:00006693
    52 0001:00006697    54 0001:000066a8    61 0001:000066bf    89 0001:000066c5
    92 0001:000066d8    94 0001:000066da    57 0001:000066e0    58 0001:000066e3

Line numbers for C:\Program Files\Microsoft Visual Studio .NET 2003\Vc7\lib\LIBCMT.lib(f:\vs70builds\3077\vc\crtbld\crt\src\malloc.c) segment .text

   142 0001:00003dd2   156 0001:00003dde   152 0001:00003de1   156 0001:00003dea
   159 0001:00003df2   160 0001:00003dfa   162 0001:00003dfe   169 0001:00003e11
   170 0001:00003e16   205 0001:00003e18   206 0001:00003e1c   208 0001:00003e1d
   209 0001:00003e26   211 0001:00003e2c   212 0001:00003e3b   165 0001:00003e41
   166 0001:00003e44    94 0001:00003e4d    90 0001:00003e4d    95 0001:00003e52
   106 0001:00003e54   113 0001:00003e5d   117 0001:00003e68   121 0001:00003e74
   118 0001:00003e76   122 0001:00003e78    54 0001:00003e79    53 0001:00003e79
    59 0001:00003e8a

Line numbers for C:\Program Files\Microsoft Visual Studio .NET 2003\Vc7\lib\LIBCMT.lib(f:\vs70builds\3077\vc\crtbld\crt\src\heapinit.c) segment .text

   123 0001:00007d7a    69 0001:00007d7a   124 0001:00007d8c   142 0001:00007d8f
   139 0001:00007d90   142 0001:00007d93   173 0001:00007d94   170 0001:00007d94
   174 0001:00007db2   178 0001:00007db4   180 0001:00007db9   183 0001:00007dc3
   185 0001:00007dd2   186 0001:00007dde   202 0001:00007de0   201 0001:00007de1
   202 0001:00007de4

Line numbers for C:\Program Files\Microsoft Visual Studio .NET 2003\Vc7\lib\LIBCMT.lib(f:\vs70builds\3077\vc\crtbld\crt\src\free.c) segment .text

    42 0001:00004376    45 0001:00004382    51 0001:00004389    56 0001:00004392
    57 0001:0000439a    60 0001:0000439e    61 0001:000043ac    70 0001:000043be
    71 0001:000043c4    98 0001:000043c7    66 0001:000043c9   101 0001:000043d2
   103 0001:000043e1

Line numbers for C:\Program Files\Microsoft Visual Studio .NET 2003\Vc7\lib\LIBCMT.lib(f:\vs70builds\3077\vc\crtbld\crt\src\calloc.c) segment .text

    46 0001:00008a98    50 0001:00008aa4    54 0001:00008aae    55 0001:00008ab2
    59 0001:00008ab3    61 0001:00008ab8    64 0001:00008abd    68 0001:00008ac6
    70 0001:00008acf    75 0001:00008ada    76 0001:00008ae2    78 0001:00008ae5
    86 0001:00008af8    87 0001:00008aff   119 0001:00008b0d   120 0001:00008b11
   123 0001:00008b22   130 0001:00008b2e   131 0001:00008b3d    81 0001:00008b3f
    82 0001:00008b42   126 0001:00008b4b   136 0001:00008b4d

Line numbers for C:\Program Files\Microsoft Visual Studio .NET 2003\Vc7\lib\LIBCMT.lib(f:\vs70builds\3077\vc\crtbld\crt\src\resetstk.c) segment .text

    30 0001:0000ae0f    40 0001:0000ae18    44 0001:0000ae22    45 0001:0000ae31
    46 0001:0000ae33    51 0001:0000ae36    52 0001:0000ae40    63 0001:0000ae43
    65 0001:0000ae63    66 0001:0000ae68    73 0001:0000ae6a    77 0001:0000ae6f
    79 0001:0000ae77    81 0001:0000ae8a    82 0001:0000ae90    88 0001:0000ae95
    89 0001:0000aea1    94 0001:0000aea6    95 0001:0000aeaa   100 0001:0000aeae
   101 0001:0000aeb2   103 0001:0000aeb5   105 0001:0000aec4   106 0001:0000aecb
   113 0001:0000aece   115 0001:0000aed8   116 0001:0000aeea

Line numbers for C:\Program Files\Microsoft Visual Studio .NET 2003\Vc7\lib\LIBCMT.lib(f:\vs70builds\3077\vc\crtbld\crt\src\dosmap.c) segment .text

   161 0001:000066ec   160 0001:000066ec   162 0001:000066f4   168 0001:000066f5
   167 0001:000066f5   169 0001:000066fd   110 0001:000066fe   113 0001:000066ff
   116 0001:0000670b   117 0001:0000670d   127 0001:0000671c   128 0001:00006726
   133 0001:00006733   118 0001:00006734   133 0001:00006744   129 0001:00006745
   130 0001:00006755   133 0001:00006762   132 0001:00006763   133 0001:00006770

Line numbers for C:\Program Files\Microsoft Visual Studio .NET 2003\Vc7\lib\LIBCMT.lib(f:\vs70builds\3077\vc\crtbld\crt\src\wctomb.c) segment .text

    63 0001:00009583    65 0001:00009586    67 0001:00009590    71 0001:00009594
    76 0001:0000959c    79 0001:000095a4    82 0001:000095a6    83 0001:000095a8
   106 0001:000095ad   112 0001:000095d0   108 0001:000095d2   109 0001:000095dd
   115 0001:000095e1    48 0001:000095e3    50 0001:000095e3    52 0001:000095eb
    53 0001:000095f3    55 0001:000095f8    56 0001:00009609

Line numbers for C:\Program Files\Microsoft Visual Studio .NET 2003\Vc7\lib\LIBCMT.lib(f:\vs70builds\3077\vc\crtbld\crt\src\isctype.c) segment .text

   121 0001:0000b182   128 0001:0000b186   130 0001:0000b192   136 0001:0000b1a1
   144 0001:0000b1b6   145 0001:0000b1c3   146 0001:0000b1c5   148 0001:0000b1c8
   162 0001:0000b1cf   168 0001:0000b1ee   167 0001:0000b1f0   168 0001:0000b1f7

Line numbers for C:\Program Files\Microsoft Visual Studio .NET 2003\Vc7\lib\LIBCMT.lib(f:\vs70builds\3077\vc\crtbld\crt\src\atox.c) segment .text

    48 0001:0000b08e    53 0001:0000b090    55 0001:0000b098    56 0001:0000b0a0
    59 0001:0000b0ab    63 0001:0000b0d0    65 0001:0000b0d3    67 0001:0000b0d7
    68 0001:0000b0e3    70 0001:0000b0e7    72 0001:0000b0e9    73 0001:0000b100
    74 0001:0000b106    75 0001:0000b10a    77 0001:0000b10c    78 0001:0000b113
    81 0001:0000b115
